
 /----------------------------------------------------------------------------\
 |  yosys -- Yosys Open SYnthesis Suite                                       |
 |  Copyright (C) 2012 - 2026  Claire Xenia Wolf <claire@yosyshq.com>         |
 |  Distributed under an ISC-like license, type "license" to see terms        |
 \----------------------------------------------------------------------------/
 Yosys 0.63 (git sha1 70a11c6bf0e8dd669f56c7da3587f78b405138e2, clang++ 17.0.0 -fPIC -O3)

-- Running command `read_verilog -formal -sv experiments/plugin-abc-v1/cases/generated/g03_mixed_safe_add.sv; proc; rename g03_mixed_safe_add gold; read_verilog -formal -sv experiments/plugin-abc-v1/instrumented/installed-acceptance/v2/arm-a/r1/attempt-002/candidates/g03/balanced.sv; proc; rename g03_mixed_safe_add gate; equiv_make gold gate equiv; hierarchy -top equiv; equiv_simple; equiv_status -assert' --

1. Executing Verilog-2005 frontend: experiments/plugin-abc-v1/cases/generated/g03_mixed_safe_add.sv
Parsing formal SystemVerilog input from `experiments/plugin-abc-v1/cases/generated/g03_mixed_safe_add.sv' to AST representation.
Generating RTLIL representation for module `\g03_mixed_safe_add'.
Successfully finished Verilog frontend.

2. Executing PROC pass (convert processes to netlists).

2.1. Executing PROC_CLEAN pass (remove empty switches from decision trees).
Cleaned up 0 empty switches.

2.2. Executing PROC_RMDEAD pass (remove dead branches from decision trees).
Marked 1 switch rules as full_case in process $proc$experiments/plugin-abc-v1/cases/generated/g03_mixed_safe_add.sv:8$4 in module g03_mixed_safe_add.
Removed a total of 0 dead cases.

2.3. Executing PROC_PRUNE pass (remove redundant assignments in processes).
Removed 0 redundant assignments.
Promoted 1 assignment to connection.

2.4. Executing PROC_INIT pass (extract init attributes).

2.5. Executing PROC_ARST pass (detect async resets in processes).

2.6. Executing PROC_ROM pass (convert switches to ROMs).
Converted 0 switches.
<suppressed ~1 debug messages>

2.7. Executing PROC_MUX pass (convert decision trees to multiplexers).
Creating decoders for process `\g03_mixed_safe_add.$proc$experiments/plugin-abc-v1/cases/generated/g03_mixed_safe_add.sv:8$4'.
     1/1: $1\picked[15:0]

2.8. Executing PROC_DLATCH pass (convert process syncs to latches).
No latch inferred for signal `\g03_mixed_safe_add.\picked' from process `\g03_mixed_safe_add.$proc$experiments/plugin-abc-v1/cases/generated/g03_mixed_safe_add.sv:8$4'.

2.9. Executing PROC_DFF pass (convert process syncs to FFs).

2.10. Executing PROC_MEMWR pass (convert process memory writes to cells).

2.11. Executing PROC_CLEAN pass (remove empty switches from decision trees).
Found and cleaned up 1 empty switch in `\g03_mixed_safe_add.$proc$experiments/plugin-abc-v1/cases/generated/g03_mixed_safe_add.sv:8$4'.
Removing empty process `g03_mixed_safe_add.$proc$experiments/plugin-abc-v1/cases/generated/g03_mixed_safe_add.sv:8$4'.
Cleaned up 1 empty switch.

2.12. Executing OPT_EXPR pass (perform const folding).
Optimizing module g03_mixed_safe_add.
<suppressed ~1 debug messages>
Renaming module \g03_mixed_safe_add to \gold.

3. Executing Verilog-2005 frontend: experiments/plugin-abc-v1/instrumented/installed-acceptance/v2/arm-a/r1/attempt-002/candidates/g03/balanced.sv
Parsing formal SystemVerilog input from `experiments/plugin-abc-v1/instrumented/installed-acceptance/v2/arm-a/r1/attempt-002/candidates/g03/balanced.sv' to AST representation.
Generating RTLIL representation for module `\g03_mixed_safe_add'.
Successfully finished Verilog frontend.

4. Executing PROC pass (convert processes to netlists).

4.1. Executing PROC_CLEAN pass (remove empty switches from decision trees).
Cleaned up 0 empty switches.

4.2. Executing PROC_RMDEAD pass (remove dead branches from decision trees).
Marked 1 switch rules as full_case in process $proc$experiments/plugin-abc-v1/instrumented/installed-acceptance/v2/arm-a/r1/attempt-002/candidates/g03/balanced.sv:8$13 in module g03_mixed_safe_add.
Removed a total of 0 dead cases.

4.3. Executing PROC_PRUNE pass (remove redundant assignments in processes).
Removed 0 redundant assignments.
Promoted 1 assignment to connection.

4.4. Executing PROC_INIT pass (extract init attributes).

4.5. Executing PROC_ARST pass (detect async resets in processes).

4.6. Executing PROC_ROM pass (convert switches to ROMs).
Converted 0 switches.
<suppressed ~1 debug messages>

4.7. Executing PROC_MUX pass (convert decision trees to multiplexers).
Creating decoders for process `\g03_mixed_safe_add.$proc$experiments/plugin-abc-v1/instrumented/installed-acceptance/v2/arm-a/r1/attempt-002/candidates/g03/balanced.sv:8$13'.
     1/1: $1\picked[15:0]

4.8. Executing PROC_DLATCH pass (convert process syncs to latches).
No latch inferred for signal `\g03_mixed_safe_add.\picked' from process `\g03_mixed_safe_add.$proc$experiments/plugin-abc-v1/instrumented/installed-acceptance/v2/arm-a/r1/attempt-002/candidates/g03/balanced.sv:8$13'.

4.9. Executing PROC_DFF pass (convert process syncs to FFs).

4.10. Executing PROC_MEMWR pass (convert process memory writes to cells).

4.11. Executing PROC_CLEAN pass (remove empty switches from decision trees).
Found and cleaned up 1 empty switch in `\g03_mixed_safe_add.$proc$experiments/plugin-abc-v1/instrumented/installed-acceptance/v2/arm-a/r1/attempt-002/candidates/g03/balanced.sv:8$13'.
Removing empty process `g03_mixed_safe_add.$proc$experiments/plugin-abc-v1/instrumented/installed-acceptance/v2/arm-a/r1/attempt-002/candidates/g03/balanced.sv:8$13'.
Cleaned up 1 empty switch.

4.12. Executing OPT_EXPR pass (perform const folding).
Optimizing module g03_mixed_safe_add.
<suppressed ~1 debug messages>
Optimizing module gold.
Renaming module \g03_mixed_safe_add to \gate.

5. Executing EQUIV_MAKE pass (creating equiv checking module).
Presumably equivalent wires: picked_gold ($procmux$6_Y_gold), picked_gate ($procmux$15_Y_gate) -> picked
Presumably equivalent wires: sum_gold ($add$experiments/plugin-abc-v1/cases/generated/g03_mixed_safe_add.sv:7$3_Y_gold), sum_gate ($add$experiments/plugin-abc-v1/instrumented/installed-acceptance/v2/arm-a/r1/attempt-002/candidates/g03/balanced.sv:7$12_Y_gate) -> sum
Presumably equivalent wires: sel_gold (\sel_gold), sel_gate (\sel_gate) -> sel
Presumably equivalent wires: d_gold (\d_gold), d_gate (\d_gate) -> d
Presumably equivalent wires: c_gold (\c_gold), c_gate (\c_gate) -> c
Presumably equivalent wires: b_gold (\b_gold), b_gate (\b_gate) -> b
Presumably equivalent wires: a_gold (\a_gold), a_gate (\a_gate) -> a

6. Executing HIERARCHY pass (managing design hierarchy).

6.1. Analyzing design hierarchy..
Top module:  \equiv

6.2. Analyzing design hierarchy..
Top module:  \equiv
Removing unused module `\gate'.
Removing unused module `\gold'.
Removed 2 unused modules.

7. Executing EQUIV_SIMPLE pass.
Found 32 unproven $equiv cells (2 groups) in equiv:
 Grouping SAT models for \sum:
  Trying to prove $equiv for \sum [0]:ezsat
 success!
  Trying to prove $equiv for \sum [1]:ezsat
 success!
  Trying to prove $equiv for \sum [2]:ezsat
 success!
  Trying to prove $equiv for \sum [3]:ezsat
 success!
  Trying to prove $equiv for \sum [4]:ezsat
 success!
  Trying to prove $equiv for \sum [5]:ezsat
 success!
  Trying to prove $equiv for \sum [6]:ezsat
 success!
  Trying to prove $equiv for \sum [7]:ezsat
 success!
  Trying to prove $equiv for \sum [8]:ezsat
 success!
  Trying to prove $equiv for \sum [9]:ezsat
 success!
  Trying to prove $equiv for \sum [10]:ezsat
 success!
  Trying to prove $equiv for \sum [11]:ezsat
 success!
  Trying to prove $equiv for \sum [12]:ezsat
 success!
  Trying to prove $equiv for \sum [13]:ezsat
 success!
  Trying to prove $equiv for \sum [14]:ezsat
 success!
  Trying to prove $equiv for \sum [15]:ezsat
 success!
 Grouping SAT models for \picked:
  Trying to prove $equiv for \picked [0]:ezsat
 success!
  Trying to prove $equiv for \picked [1]:ezsat
 success!
  Trying to prove $equiv for \picked [2]:ezsat
 success!
  Trying to prove $equiv for \picked [3]:ezsat
 success!
  Trying to prove $equiv for \picked [4]:ezsat
 success!
  Trying to prove $equiv for \picked [5]:ezsat
 success!
  Trying to prove $equiv for \picked [6]:ezsat
 success!
  Trying to prove $equiv for \picked [7]:ezsat
 success!
  Trying to prove $equiv for \picked [8]:ezsat
 success!
  Trying to prove $equiv for \picked [9]:ezsat
 success!
  Trying to prove $equiv for \picked [10]:ezsat
 success!
  Trying to prove $equiv for \picked [11]:ezsat
 success!
  Trying to prove $equiv for \picked [12]:ezsat
 success!
  Trying to prove $equiv for \picked [13]:ezsat
 success!
  Trying to prove $equiv for \picked [14]:ezsat
 success!
  Trying to prove $equiv for \picked [15]:ezsat
 success!
Proved 32 previously unproven $equiv cells.

8. Executing EQUIV_STATUS pass.
Found 32 $equiv cells in equiv:
  Of those cells 32 are proven and 0 are unproven.
  Equivalence successfully proven!

End of script. Logfile hash: 377b95f36b, CPU: user 0.05s system 0.01s, MEM: 14.89 MB peak
Yosys 0.63 (git sha1 70a11c6bf0e8dd669f56c7da3587f78b405138e2, clang++ 17.0.0 -fPIC -O3)
Time spent: 78% 1x equiv_simple (0 sec), 7% 2x opt_expr (0 sec), ...
