
 /----------------------------------------------------------------------------\
 |  yosys -- Yosys Open SYnthesis Suite                                       |
 |  Copyright (C) 2012 - 2026  Claire Xenia Wolf <claire@yosyshq.com>         |
 |  Distributed under an ISC-like license, type "license" to see terms        |
 \----------------------------------------------------------------------------/
 Yosys 0.63 (git sha1 70a11c6bf0e8dd669f56c7da3587f78b405138e2, clang++ 17.0.0 -fPIC -O3)

-- Running command `read_verilog -sv experiments/plugin-abc-v1/cases/generated/g04_mixed_procedural_add.sv; hierarchy -top g04_mixed_procedural_add; proc; flatten; opt; techmap; opt; abc -lut 4; clean; stat; ltp' --

1. Executing Verilog-2005 frontend: experiments/plugin-abc-v1/cases/generated/g04_mixed_procedural_add.sv
Parsing SystemVerilog input from `experiments/plugin-abc-v1/cases/generated/g04_mixed_procedural_add.sv' to AST representation.
Generating RTLIL representation for module `\g04_mixed_procedural_add'.
Successfully finished Verilog frontend.

2. Executing HIERARCHY pass (managing design hierarchy).

2.1. Analyzing design hierarchy..
Top module:  \g04_mixed_procedural_add

2.2. Analyzing design hierarchy..
Top module:  \g04_mixed_procedural_add
Removed 0 unused modules.

3. Executing PROC pass (convert processes to netlists).

3.1. Executing PROC_CLEAN pass (remove empty switches from decision trees).
Cleaned up 0 empty switches.

3.2. Executing PROC_RMDEAD pass (remove dead branches from decision trees).
Marked 1 switch rules as full_case in process $proc$experiments/plugin-abc-v1/cases/generated/g04_mixed_procedural_add.sv:6$1 in module g04_mixed_procedural_add.
Removed a total of 0 dead cases.

3.3. Executing PROC_PRUNE pass (remove redundant assignments in processes).
Removed 0 redundant assignments.
Promoted 1 assignment to connection.

3.4. Executing PROC_INIT pass (extract init attributes).

3.5. Executing PROC_ARST pass (detect async resets in processes).

3.6. Executing PROC_ROM pass (convert switches to ROMs).
Converted 0 switches.
<suppressed ~1 debug messages>

3.7. Executing PROC_MUX pass (convert decision trees to multiplexers).
Creating decoders for process `\g04_mixed_procedural_add.$proc$experiments/plugin-abc-v1/cases/generated/g04_mixed_procedural_add.sv:6$1'.
     1/1: $1\y[15:0]

3.8. Executing PROC_DLATCH pass (convert process syncs to latches).
No latch inferred for signal `\g04_mixed_procedural_add.\y' from process `\g04_mixed_procedural_add.$proc$experiments/plugin-abc-v1/cases/generated/g04_mixed_procedural_add.sv:6$1'.

3.9. Executing PROC_DFF pass (convert process syncs to FFs).

3.10. Executing PROC_MEMWR pass (convert process memory writes to cells).

3.11. Executing PROC_CLEAN pass (remove empty switches from decision trees).
Found and cleaned up 1 empty switch in `\g04_mixed_procedural_add.$proc$experiments/plugin-abc-v1/cases/generated/g04_mixed_procedural_add.sv:6$1'.
Removing empty process `g04_mixed_procedural_add.$proc$experiments/plugin-abc-v1/cases/generated/g04_mixed_procedural_add.sv:6$1'.
Cleaned up 1 empty switch.

3.12. Executing OPT_EXPR pass (perform const folding).
Optimizing module g04_mixed_procedural_add.

4. Executing FLATTEN pass (flatten design).

5. Executing OPT pass (performing simple optimizations).

5.1. Executing OPT_EXPR pass (perform const folding).
Optimizing module g04_mixed_procedural_add.

5.2. Executing OPT_MERGE pass (detect identical cells).
Finding identical cells in module `\g04_mixed_procedural_add'.
Computing hashes of 4 cells of `\g04_mixed_procedural_add'.
Finding duplicate cells in `\g04_mixed_procedural_add'.
Removed a total of 0 cells.

5.3. Executing OPT_MUXTREE pass (detect dead branches in mux trees).
Running muxtree optimizer on module \g04_mixed_procedural_add..
  Creating internal representation of mux trees.
  Evaluating internal representation of mux trees.
  Analyzing evaluation results.
Removed 0 multiplexer ports.
<suppressed ~2 debug messages>

5.4. Executing OPT_REDUCE pass (consolidate $*mux and $reduce_* inputs).
  Optimizing cells in module \g04_mixed_procedural_add.
Performed a total of 0 changes.

5.5. Executing OPT_MERGE pass (detect identical cells).
Finding identical cells in module `\g04_mixed_procedural_add'.
Computing hashes of 4 cells of `\g04_mixed_procedural_add'.
Finding duplicate cells in `\g04_mixed_procedural_add'.
Removed a total of 0 cells.

5.6. Executing OPT_DFF pass (perform DFF optimizations).

5.7. Executing OPT_CLEAN pass (remove unused cells and wires).
Finding unused cells or wires in module \g04_mixed_procedural_add..
Removed 0 unused cells and 4 unused wires.
<suppressed ~1 debug messages>

5.8. Executing OPT_EXPR pass (perform const folding).
Optimizing module g04_mixed_procedural_add.

5.9. Rerunning OPT passes. (Maybe there is more to do..)

5.10. Executing OPT_MUXTREE pass (detect dead branches in mux trees).
Running muxtree optimizer on module \g04_mixed_procedural_add..
  Creating internal representation of mux trees.
  Evaluating internal representation of mux trees.
  Analyzing evaluation results.
Removed 0 multiplexer ports.
<suppressed ~2 debug messages>

5.11. Executing OPT_REDUCE pass (consolidate $*mux and $reduce_* inputs).
  Optimizing cells in module \g04_mixed_procedural_add.
Performed a total of 0 changes.

5.12. Executing OPT_MERGE pass (detect identical cells).
Finding identical cells in module `\g04_mixed_procedural_add'.
Computing hashes of 4 cells of `\g04_mixed_procedural_add'.
Finding duplicate cells in `\g04_mixed_procedural_add'.
Removed a total of 0 cells.

5.13. Executing OPT_DFF pass (perform DFF optimizations).

5.14. Executing OPT_CLEAN pass (remove unused cells and wires).
Finding unused cells or wires in module \g04_mixed_procedural_add..

5.15. Executing OPT_EXPR pass (perform const folding).
Optimizing module g04_mixed_procedural_add.

5.16. Finished fast OPT passes. (There is nothing left to do.)

6. Executing TECHMAP pass (map to technology primitives).

6.1. Executing Verilog-2005 frontend: /opt/homebrew/bin/../share/yosys/techmap.v
Parsing Verilog input from `/opt/homebrew/bin/../share/yosys/techmap.v' to AST representation.
Generating RTLIL representation for module `\_90_simplemap_bool_ops'.
Generating RTLIL representation for module `\_90_simplemap_reduce_ops'.
Generating RTLIL representation for module `\_90_simplemap_logic_ops'.
Generating RTLIL representation for module `\_90_simplemap_compare_ops'.
Generating RTLIL representation for module `\_90_simplemap_various'.
Generating RTLIL representation for module `\_90_simplemap_registers'.
Generating RTLIL representation for module `\_90_shift_ops_shr_shl_sshl_sshr'.
Generating RTLIL representation for module `\_90_shift_shiftx'.
Generating RTLIL representation for module `\_90_fa'.
Generating RTLIL representation for module `\_90_lcu_brent_kung'.
Generating RTLIL representation for module `\_90_alu'.
Generating RTLIL representation for module `\_90_macc'.
Generating RTLIL representation for module `\_90_alumacc'.
Generating RTLIL representation for module `$__div_mod_u'.
Generating RTLIL representation for module `$__div_mod_trunc'.
Generating RTLIL representation for module `\_90_div'.
Generating RTLIL representation for module `\_90_mod'.
Generating RTLIL representation for module `$__div_mod_floor'.
Generating RTLIL representation for module `\_90_divfloor'.
Generating RTLIL representation for module `\_90_modfloor'.
Generating RTLIL representation for module `\_90_pow'.
Generating RTLIL representation for module `\_90_pmux'.
Generating RTLIL representation for module `\_90_demux'.
Generating RTLIL representation for module `\_90_lut'.
Generating RTLIL representation for module `$connect'.
Generating RTLIL representation for module `$input_port'.
Successfully finished Verilog frontend.

6.2. Continuing TECHMAP pass.
Running "alumacc" on wrapper $extern:wrap:$add:Y_WIDTH=16:B_WIDTH=16:A_WIDTH=16:B_SIGNED=0:A_SIGNED=0:394426c56d1a028ba8fdd5469b163e04011def47.
Using template $extern:wrap:$add:Y_WIDTH=16:B_WIDTH=16:A_WIDTH=16:B_SIGNED=0:A_SIGNED=0:394426c56d1a028ba8fdd5469b163e04011def47 for cells of type $extern:wrap:$add:Y_WIDTH=16:B_WIDTH=16:A_WIDTH=16:B_SIGNED=0:A_SIGNED=0:394426c56d1a028ba8fdd5469b163e04011def47.
Using extmapper simplemap for cells of type $mux.
Using template $paramod$6df0329addda9228fcc2546de2aaf14ad26c98e1\_90_alu for cells of type $alu.
Using extmapper simplemap for cells of type $xor.
Using template $paramod\_90_fa\WIDTH=32'00000000000000000000000000010000 for cells of type $fa.
Using template $paramod\_90_lcu_brent_kung\WIDTH=32'00000000000000000000000000010000 for cells of type $lcu.
Using extmapper simplemap for cells of type $pos.
Using extmapper simplemap for cells of type $not.
Using extmapper simplemap for cells of type $or.
Using extmapper simplemap for cells of type $and.
No more expansions possible.
<suppressed ~483 debug messages>

7. Executing OPT pass (performing simple optimizations).

7.1. Executing OPT_EXPR pass (perform const folding).
Optimizing module g04_mixed_procedural_add.
<suppressed ~204 debug messages>

7.2. Executing OPT_MERGE pass (detect identical cells).
Finding identical cells in module `\g04_mixed_procedural_add'.
Computing hashes of 394 cells of `\g04_mixed_procedural_add'.
Finding duplicate cells in `\g04_mixed_procedural_add'.
Removed a total of 0 cells.

7.3. Executing OPT_MUXTREE pass (detect dead branches in mux trees).
Running muxtree optimizer on module \g04_mixed_procedural_add..
  Creating internal representation of mux trees.
  No muxes found in this module.
Removed 0 multiplexer ports.

7.4. Executing OPT_REDUCE pass (consolidate $*mux and $reduce_* inputs).
  Optimizing cells in module \g04_mixed_procedural_add.
Performed a total of 0 changes.

7.5. Executing OPT_MERGE pass (detect identical cells).
Finding identical cells in module `\g04_mixed_procedural_add'.
Computing hashes of 394 cells of `\g04_mixed_procedural_add'.
Finding duplicate cells in `\g04_mixed_procedural_add'.
Removed a total of 0 cells.

7.6. Executing OPT_DFF pass (perform DFF optimizations).

7.7. Executing OPT_CLEAN pass (remove unused cells and wires).
Finding unused cells or wires in module \g04_mixed_procedural_add..
Removed 84 unused cells and 156 unused wires.
<suppressed ~85 debug messages>

7.8. Executing OPT_EXPR pass (perform const folding).
Optimizing module g04_mixed_procedural_add.

7.9. Rerunning OPT passes. (Maybe there is more to do..)

7.10. Executing OPT_MUXTREE pass (detect dead branches in mux trees).
Running muxtree optimizer on module \g04_mixed_procedural_add..
  Creating internal representation of mux trees.
  No muxes found in this module.
Removed 0 multiplexer ports.

7.11. Executing OPT_REDUCE pass (consolidate $*mux and $reduce_* inputs).
  Optimizing cells in module \g04_mixed_procedural_add.
Performed a total of 0 changes.

7.12. Executing OPT_MERGE pass (detect identical cells).
Finding identical cells in module `\g04_mixed_procedural_add'.
Computing hashes of 310 cells of `\g04_mixed_procedural_add'.
Finding duplicate cells in `\g04_mixed_procedural_add'.
Removed a total of 0 cells.

7.13. Executing OPT_DFF pass (perform DFF optimizations).

7.14. Executing OPT_CLEAN pass (remove unused cells and wires).
Finding unused cells or wires in module \g04_mixed_procedural_add..

7.15. Executing OPT_EXPR pass (perform const folding).
Optimizing module g04_mixed_procedural_add.

7.16. Finished fast OPT passes. (There is nothing left to do.)

8. Executing ABC pass (technology mapping using ABC).

8.1. Extracting gate netlist of module `\g04_mixed_procedural_add' to `<abc-temp-dir>/input.blif'..

8.1.1. Executed ABC.
Extracted 310 gates and 375 wires to a netlist network with 65 inputs and 16 outputs.
Running ABC script: <abc-temp-dir>/abc.script
ABC: ======== ABC command line "source <abc-temp-dir>/abc.script"
ABC: + read_blif <abc-temp-dir>/input.blif 
ABC: + read_lut <abc-temp-dir>/lutdefs.txt 
ABC: + strash 
ABC: + &get -n 
ABC: + &fraig -x 
ABC: + &put 
ABC: + scorr 
ABC: Warning: The network is combinational (run "fraig" or "fraig_sweep").
ABC: + dc2 
ABC: + dretime 
ABC: + strash 
ABC: + dch -f 
ABC: + if 
ABC: + mfs2 
ABC: + lutpack -S 1 
ABC: + write_blif <abc-temp-dir>/output.blif 

8.1.2. Re-integrating ABC results.
ABC RESULTS:              $lut cells:      121
ABC RESULTS:        internal signals:      294
ABC RESULTS:           input signals:       65
ABC RESULTS:          output signals:       16
Removing temp directory.
Removing global temp directory.
Removed 0 unused cells and 207 unused wires.

9. Printing statistics.

=== g04_mixed_procedural_add ===

        +----------Local Count, excluding submodules.
        | 
      111 wires
      186 wire bits
        6 public wires
       81 public wire bits
        6 ports
       81 port bits
      121 cells
      121   $lut

10. Executing LTP pass (find longest path).

Longest topological path in g04_mixed_procedural_add (length=14):
    0: \a [3]
    1: $abc$773$new_n95 (via $abc$773$auto$blifparse.cc:557:parse_blif$786)
    2: $abc$773$new_n94 (via $abc$773$auto$blifparse.cc:557:parse_blif$785)
    3: $abc$773$new_n124 (via $abc$773$auto$blifparse.cc:557:parse_blif$811)
    4: $abc$773$new_n116 (via $abc$773$auto$blifparse.cc:557:parse_blif$804)
    5: $abc$773$new_n158 (via $abc$773$auto$blifparse.cc:557:parse_blif$845)
    6: $abc$773$new_n149 (via $abc$773$auto$blifparse.cc:557:parse_blif$836)
    7: $abc$773$new_n147 (via $abc$773$auto$blifparse.cc:557:parse_blif$834)
    8: $abc$773$new_n143 (via $abc$773$auto$blifparse.cc:557:parse_blif$830)
    9: $abc$773$new_n141 (via $abc$773$auto$blifparse.cc:557:parse_blif$828)
   10: $abc$773$new_n140 (via $abc$773$auto$blifparse.cc:557:parse_blif$827)
   11: $abc$773$new_n138 (via $abc$773$auto$blifparse.cc:557:parse_blif$825)
   12: $abc$773$new_n84 (via $abc$773$auto$blifparse.cc:557:parse_blif$775)
   13: $abc$773$new_n203 (via $abc$773$auto$blifparse.cc:557:parse_blif$890)
   14: \y [15] (via $abc$773$auto$blifparse.cc:557:parse_blif$889)

End of script. Logfile hash: 4a80eeb22f, CPU: user 0.07s system 0.02s, MEM: 20.55 MB peak
Yosys 0.63 (git sha1 70a11c6bf0e8dd669f56c7da3587f78b405138e2, clang++ 17.0.0 -fPIC -O3)
Time spent: 74% 1x abc (0 sec), 6% 1x techmap (0 sec), ...
