
 /----------------------------------------------------------------------------\
 |  yosys -- Yosys Open SYnthesis Suite                                       |
 |  Copyright (C) 2012 - 2026  Claire Xenia Wolf <claire@yosyshq.com>         |
 |  Distributed under an ISC-like license, type "license" to see terms        |
 \----------------------------------------------------------------------------/
 Yosys 0.63 (git sha1 70a11c6bf0e8dd669f56c7da3587f78b405138e2, clang++ 17.0.0 -fPIC -O3)

-- Running command `read_verilog -formal -sv experiments/plugin-abc-v1/cases/generated/g04_mixed_procedural_add.sv; proc; rename g04_mixed_procedural_add gold; read_verilog -formal -sv experiments/plugin-abc-v1/instrumented/installed-acceptance/v2/arm-a/r1/attempt-002/candidates/g04/balanced.sv; proc; rename g04_mixed_procedural_add gate; equiv_make gold gate equiv; hierarchy -top equiv; equiv_simple; equiv_status -assert' --

1. Executing Verilog-2005 frontend: experiments/plugin-abc-v1/cases/generated/g04_mixed_procedural_add.sv
Parsing formal SystemVerilog input from `experiments/plugin-abc-v1/cases/generated/g04_mixed_procedural_add.sv' to AST representation.
Generating RTLIL representation for module `\g04_mixed_procedural_add'.
Successfully finished Verilog frontend.

2. Executing PROC pass (convert processes to netlists).

2.1. Executing PROC_CLEAN pass (remove empty switches from decision trees).
Cleaned up 0 empty switches.

2.2. Executing PROC_RMDEAD pass (remove dead branches from decision trees).
Marked 1 switch rules as full_case in process $proc$experiments/plugin-abc-v1/cases/generated/g04_mixed_procedural_add.sv:6$1 in module g04_mixed_procedural_add.
Removed a total of 0 dead cases.

2.3. Executing PROC_PRUNE pass (remove redundant assignments in processes).
Removed 0 redundant assignments.
Promoted 1 assignment to connection.

2.4. Executing PROC_INIT pass (extract init attributes).

2.5. Executing PROC_ARST pass (detect async resets in processes).

2.6. Executing PROC_ROM pass (convert switches to ROMs).
Converted 0 switches.
<suppressed ~1 debug messages>

2.7. Executing PROC_MUX pass (convert decision trees to multiplexers).
Creating decoders for process `\g04_mixed_procedural_add.$proc$experiments/plugin-abc-v1/cases/generated/g04_mixed_procedural_add.sv:6$1'.
     1/1: $1\y[15:0]

2.8. Executing PROC_DLATCH pass (convert process syncs to latches).
No latch inferred for signal `\g04_mixed_procedural_add.\y' from process `\g04_mixed_procedural_add.$proc$experiments/plugin-abc-v1/cases/generated/g04_mixed_procedural_add.sv:6$1'.

2.9. Executing PROC_DFF pass (convert process syncs to FFs).

2.10. Executing PROC_MEMWR pass (convert process memory writes to cells).

2.11. Executing PROC_CLEAN pass (remove empty switches from decision trees).
Found and cleaned up 1 empty switch in `\g04_mixed_procedural_add.$proc$experiments/plugin-abc-v1/cases/generated/g04_mixed_procedural_add.sv:6$1'.
Removing empty process `g04_mixed_procedural_add.$proc$experiments/plugin-abc-v1/cases/generated/g04_mixed_procedural_add.sv:6$1'.
Cleaned up 1 empty switch.

2.12. Executing OPT_EXPR pass (perform const folding).
Optimizing module g04_mixed_procedural_add.
Renaming module \g04_mixed_procedural_add to \gold.

3. Executing Verilog-2005 frontend: experiments/plugin-abc-v1/instrumented/installed-acceptance/v2/arm-a/r1/attempt-002/candidates/g04/balanced.sv
Parsing formal SystemVerilog input from `experiments/plugin-abc-v1/instrumented/installed-acceptance/v2/arm-a/r1/attempt-002/candidates/g04/balanced.sv' to AST representation.
Generating RTLIL representation for module `\g04_mixed_procedural_add'.
Successfully finished Verilog frontend.

4. Executing PROC pass (convert processes to netlists).

4.1. Executing PROC_CLEAN pass (remove empty switches from decision trees).
Cleaned up 0 empty switches.

4.2. Executing PROC_RMDEAD pass (remove dead branches from decision trees).
Marked 1 switch rules as full_case in process $proc$experiments/plugin-abc-v1/instrumented/installed-acceptance/v2/arm-a/r1/attempt-002/candidates/g04/balanced.sv:6$8 in module g04_mixed_procedural_add.
Removed a total of 0 dead cases.

4.3. Executing PROC_PRUNE pass (remove redundant assignments in processes).
Removed 0 redundant assignments.
Promoted 1 assignment to connection.

4.4. Executing PROC_INIT pass (extract init attributes).

4.5. Executing PROC_ARST pass (detect async resets in processes).

4.6. Executing PROC_ROM pass (convert switches to ROMs).
Converted 0 switches.
<suppressed ~1 debug messages>

4.7. Executing PROC_MUX pass (convert decision trees to multiplexers).
Creating decoders for process `\g04_mixed_procedural_add.$proc$experiments/plugin-abc-v1/instrumented/installed-acceptance/v2/arm-a/r1/attempt-002/candidates/g04/balanced.sv:6$8'.
     1/1: $1\y[15:0]

4.8. Executing PROC_DLATCH pass (convert process syncs to latches).
No latch inferred for signal `\g04_mixed_procedural_add.\y' from process `\g04_mixed_procedural_add.$proc$experiments/plugin-abc-v1/instrumented/installed-acceptance/v2/arm-a/r1/attempt-002/candidates/g04/balanced.sv:6$8'.

4.9. Executing PROC_DFF pass (convert process syncs to FFs).

4.10. Executing PROC_MEMWR pass (convert process memory writes to cells).

4.11. Executing PROC_CLEAN pass (remove empty switches from decision trees).
Found and cleaned up 1 empty switch in `\g04_mixed_procedural_add.$proc$experiments/plugin-abc-v1/instrumented/installed-acceptance/v2/arm-a/r1/attempt-002/candidates/g04/balanced.sv:6$8'.
Removing empty process `g04_mixed_procedural_add.$proc$experiments/plugin-abc-v1/instrumented/installed-acceptance/v2/arm-a/r1/attempt-002/candidates/g04/balanced.sv:6$8'.
Cleaned up 1 empty switch.

4.12. Executing OPT_EXPR pass (perform const folding).
Optimizing module g04_mixed_procedural_add.
Optimizing module gold.
Renaming module \g04_mixed_procedural_add to \gate.

5. Executing EQUIV_MAKE pass (creating equiv checking module).
Presumably equivalent wires: y_gold ($procmux$6_Y_gold), y_gate ($procmux$13_Y_gate) -> y
Presumably equivalent wires: bypass_gold (\bypass_gold), bypass_gate (\bypass_gate) -> bypass
Presumably equivalent wires: d_gold (\d_gold), d_gate (\d_gate) -> d
Presumably equivalent wires: c_gold (\c_gold), c_gate (\c_gate) -> c
Presumably equivalent wires: b_gold (\b_gold), b_gate (\b_gate) -> b
Presumably equivalent wires: a_gold (\a_gold), a_gate (\a_gate) -> a

6. Executing HIERARCHY pass (managing design hierarchy).

6.1. Analyzing design hierarchy..
Top module:  \equiv

6.2. Analyzing design hierarchy..
Top module:  \equiv
Removing unused module `\gate'.
Removing unused module `\gold'.
Removed 2 unused modules.

7. Executing EQUIV_SIMPLE pass.
Found 16 unproven $equiv cells (1 groups) in equiv:
 Grouping SAT models for \y:
  Trying to prove $equiv for \y [0]:ezsat
 success!
  Trying to prove $equiv for \y [1]:ezsat
 success!
  Trying to prove $equiv for \y [2]:ezsat
 success!
  Trying to prove $equiv for \y [3]:ezsat
 success!
  Trying to prove $equiv for \y [4]:ezsat
 success!
  Trying to prove $equiv for \y [5]:ezsat
 success!
  Trying to prove $equiv for \y [6]:ezsat
 success!
  Trying to prove $equiv for \y [7]:ezsat
 success!
  Trying to prove $equiv for \y [8]:ezsat
 success!
  Trying to prove $equiv for \y [9]:ezsat
 success!
  Trying to prove $equiv for \y [10]:ezsat
 success!
  Trying to prove $equiv for \y [11]:ezsat
 success!
  Trying to prove $equiv for \y [12]:ezsat
 success!
  Trying to prove $equiv for \y [13]:ezsat
 success!
  Trying to prove $equiv for \y [14]:ezsat
 success!
  Trying to prove $equiv for \y [15]:ezsat
 success!
Proved 16 previously unproven $equiv cells.

8. Executing EQUIV_STATUS pass.
Found 16 $equiv cells in equiv:
  Of those cells 16 are proven and 0 are unproven.
  Equivalence successfully proven!

End of script. Logfile hash: babbb8f20f, CPU: user 0.05s system 0.01s, MEM: 14.33 MB peak
Yosys 0.63 (git sha1 70a11c6bf0e8dd669f56c7da3587f78b405138e2, clang++ 17.0.0 -fPIC -O3)
Time spent: 79% 1x equiv_simple (0 sec), 6% 2x opt_expr (0 sec), ...
