
 /----------------------------------------------------------------------------\
 |  yosys -- Yosys Open SYnthesis Suite                                       |
 |  Copyright (C) 2012 - 2026  Claire Xenia Wolf <claire@yosyshq.com>         |
 |  Distributed under an ISC-like license, type "license" to see terms        |
 \----------------------------------------------------------------------------/
 Yosys 0.63 (git sha1 70a11c6bf0e8dd669f56c7da3587f78b405138e2, clang++ 17.0.0 -fPIC -O3)

-- Running command `read_verilog -formal -sv experiments/plugin-abc-v1/cases/generated/g07_width_truncation.sv; rename g07_width_truncation gold; read_verilog -formal -sv experiments/plugin-abc-v1/instrumented/installed-acceptance/v2/arm-a/r1/attempt-002/candidates/g07/balance_after_truncation.sv; rename g07_width_truncation gate; equiv_make gold gate equiv; hierarchy -top equiv; equiv_simple; equiv_status -assert' --

1. Executing Verilog-2005 frontend: experiments/plugin-abc-v1/cases/generated/g07_width_truncation.sv
Parsing formal SystemVerilog input from `experiments/plugin-abc-v1/cases/generated/g07_width_truncation.sv' to AST representation.
Generating RTLIL representation for module `\g07_width_truncation'.
Successfully finished Verilog frontend.
Renaming module \g07_width_truncation to \gold.

2. Executing Verilog-2005 frontend: experiments/plugin-abc-v1/instrumented/installed-acceptance/v2/arm-a/r1/attempt-002/candidates/g07/balance_after_truncation.sv
Parsing formal SystemVerilog input from `experiments/plugin-abc-v1/instrumented/installed-acceptance/v2/arm-a/r1/attempt-002/candidates/g07/balance_after_truncation.sv' to AST representation.
Generating RTLIL representation for module `\g07_width_truncation'.
Successfully finished Verilog frontend.
Renaming module \g07_width_truncation to \gate.

3. Executing EQUIV_MAKE pass (creating equiv checking module).
Presumably equivalent wires: partial_gold ($add$experiments/plugin-abc-v1/cases/generated/g07_width_truncation.sv:6$1_Y_gold), partial_gate ($add$experiments/plugin-abc-v1/instrumented/installed-acceptance/v2/arm-a/r1/attempt-002/candidates/g07/balance_after_truncation.sv:7$4_Y_gate) -> partial
Presumably equivalent wires: y_gold ($add$experiments/plugin-abc-v1/cases/generated/g07_width_truncation.sv:7$3_Y_gold), y_gate ($add$experiments/plugin-abc-v1/instrumented/installed-acceptance/v2/arm-a/r1/attempt-002/candidates/g07/balance_after_truncation.sv:9$6_Y_gate) -> y
Presumably equivalent wires: d_gold (\d_gold), d_gate (\d_gate) -> d
Presumably equivalent wires: c_gold (\c_gold), c_gate (\c_gate) -> c
Presumably equivalent wires: b_gold (\b_gold), b_gate (\b_gate) -> b
Presumably equivalent wires: a_gold (\a_gold), a_gate (\a_gate) -> a

4. Executing HIERARCHY pass (managing design hierarchy).

4.1. Analyzing design hierarchy..
Top module:  \equiv

4.2. Analyzing design hierarchy..
Top module:  \equiv
Removing unused module `\gate'.
Removing unused module `\gold'.
Removed 2 unused modules.

5. Executing EQUIV_SIMPLE pass.
Found 17 unproven $equiv cells (2 groups) in equiv:
 Grouping SAT models for \y:
  Trying to prove $equiv for \y [0]:ezsat
 success!
  Trying to prove $equiv for \y [1]:ezsat
 success!
  Trying to prove $equiv for \y [2]:ezsat
 success!
  Trying to prove $equiv for \y [3]:ezsat
 success!
  Trying to prove $equiv for \y [4]:ezsat
 success!
  Trying to prove $equiv for \y [5]:ezsat
 success!
  Trying to prove $equiv for \y [6]:ezsat
 success!
  Trying to prove $equiv for \y [7]:ezsat
 success!
  Trying to prove $equiv for \y [8]:ezsat
 success!
 Grouping SAT models for \partial:
  Trying to prove $equiv for \partial [0]:ezsat
 success!
  Trying to prove $equiv for \partial [1]:ezsat
 success!
  Trying to prove $equiv for \partial [2]:ezsat
 success!
  Trying to prove $equiv for \partial [3]:ezsat
 success!
  Trying to prove $equiv for \partial [4]:ezsat
 success!
  Trying to prove $equiv for \partial [5]:ezsat
 success!
  Trying to prove $equiv for \partial [6]:ezsat
 success!
  Trying to prove $equiv for \partial [7]:ezsat
 success!
Proved 17 previously unproven $equiv cells.

6. Executing EQUIV_STATUS pass.
Found 17 $equiv cells in equiv:
  Of those cells 17 are proven and 0 are unproven.
  Equivalence successfully proven!

End of script. Logfile hash: c934ab2185, CPU: user 0.03s system 0.01s, MEM: 13.19 MB peak
Yosys 0.63 (git sha1 70a11c6bf0e8dd669f56c7da3587f78b405138e2, clang++ 17.0.0 -fPIC -O3)
Time spent: 88% 1x equiv_simple (0 sec), 6% 4x read_verilog (0 sec), ...
