
 /----------------------------------------------------------------------------\
 |  yosys -- Yosys Open SYnthesis Suite                                       |
 |  Copyright (C) 2012 - 2026  Claire Xenia Wolf <claire@yosyshq.com>         |
 |  Distributed under an ISC-like license, type "license" to see terms        |
 \----------------------------------------------------------------------------/
 Yosys 0.63 (git sha1 70a11c6bf0e8dd669f56c7da3587f78b405138e2, clang++ 17.0.0 -fPIC -O3)

-- Running command `read_verilog -sv corpus/upstream/verilog-axis/rtl/axis_register.v; hierarchy -top axis_register; proc; check' --

1. Executing Verilog-2005 frontend: corpus/upstream/verilog-axis/rtl/axis_register.v
Parsing SystemVerilog input from `corpus/upstream/verilog-axis/rtl/axis_register.v' to AST representation.
Generating RTLIL representation for module `\axis_register'.
Successfully finished Verilog frontend.

2. Executing HIERARCHY pass (managing design hierarchy).

2.1. Analyzing design hierarchy..
Top module:  \axis_register

2.2. Analyzing design hierarchy..
Top module:  \axis_register
Removed 0 unused modules.

3. Executing PROC pass (convert processes to netlists).

3.1. Executing PROC_CLEAN pass (remove empty switches from decision trees).
Cleaned up 0 empty switches.

3.2. Executing PROC_RMDEAD pass (remove dead branches from decision trees).
Marked 1 switch rules as full_case in process $proc$corpus/upstream/verilog-axis/rtl/axis_register.v:159$10 in module axis_register.
Marked 3 switch rules as full_case in process $proc$corpus/upstream/verilog-axis/rtl/axis_register.v:131$7 in module axis_register.
Removed a total of 0 dead cases.

3.3. Executing PROC_PRUNE pass (remove redundant assignments in processes).
Removed 0 redundant assignments.
Promoted 20 assignments to connections.

3.4. Executing PROC_INIT pass (extract init attributes).
Found init rule in `\axis_register.$proc$corpus/upstream/verilog-axis/rtl/axis_register.v:111$25'.
  Set init value: \genblk1.temp_m_axis_tuser_reg = 1'0
Found init rule in `\axis_register.$proc$corpus/upstream/verilog-axis/rtl/axis_register.v:110$24'.
  Set init value: \genblk1.temp_m_axis_tdest_reg = 8'00000000
Found init rule in `\axis_register.$proc$corpus/upstream/verilog-axis/rtl/axis_register.v:109$23'.
  Set init value: \genblk1.temp_m_axis_tid_reg = 8'00000000
Found init rule in `\axis_register.$proc$corpus/upstream/verilog-axis/rtl/axis_register.v:108$22'.
  Set init value: \genblk1.temp_m_axis_tlast_reg = 1'0
Found init rule in `\axis_register.$proc$corpus/upstream/verilog-axis/rtl/axis_register.v:107$21'.
  Set init value: \genblk1.temp_m_axis_tvalid_reg = 1'0
Found init rule in `\axis_register.$proc$corpus/upstream/verilog-axis/rtl/axis_register.v:106$20'.
  Set init value: \genblk1.temp_m_axis_tkeep_reg = 1'0
Found init rule in `\axis_register.$proc$corpus/upstream/verilog-axis/rtl/axis_register.v:105$19'.
  Set init value: \genblk1.temp_m_axis_tdata_reg = 8'00000000
Found init rule in `\axis_register.$proc$corpus/upstream/verilog-axis/rtl/axis_register.v:103$18'.
  Set init value: \genblk1.m_axis_tuser_reg = 1'0
Found init rule in `\axis_register.$proc$corpus/upstream/verilog-axis/rtl/axis_register.v:102$17'.
  Set init value: \genblk1.m_axis_tdest_reg = 8'00000000
Found init rule in `\axis_register.$proc$corpus/upstream/verilog-axis/rtl/axis_register.v:101$16'.
  Set init value: \genblk1.m_axis_tid_reg = 8'00000000
Found init rule in `\axis_register.$proc$corpus/upstream/verilog-axis/rtl/axis_register.v:100$15'.
  Set init value: \genblk1.m_axis_tlast_reg = 1'0
Found init rule in `\axis_register.$proc$corpus/upstream/verilog-axis/rtl/axis_register.v:99$14'.
  Set init value: \genblk1.m_axis_tvalid_reg = 1'0
Found init rule in `\axis_register.$proc$corpus/upstream/verilog-axis/rtl/axis_register.v:98$13'.
  Set init value: \genblk1.m_axis_tkeep_reg = 1'0
Found init rule in `\axis_register.$proc$corpus/upstream/verilog-axis/rtl/axis_register.v:97$12'.
  Set init value: \genblk1.m_axis_tdata_reg = 8'00000000
Found init rule in `\axis_register.$proc$corpus/upstream/verilog-axis/rtl/axis_register.v:95$11'.
  Set init value: \genblk1.s_axis_tready_reg = 1'0

3.5. Executing PROC_ARST pass (detect async resets in processes).

3.6. Executing PROC_ROM pass (convert switches to ROMs).
Converted 0 switches.
<suppressed ~7 debug messages>

3.7. Executing PROC_MUX pass (convert decision trees to multiplexers).
Creating decoders for process `\axis_register.$proc$corpus/upstream/verilog-axis/rtl/axis_register.v:111$25'.
Creating decoders for process `\axis_register.$proc$corpus/upstream/verilog-axis/rtl/axis_register.v:110$24'.
Creating decoders for process `\axis_register.$proc$corpus/upstream/verilog-axis/rtl/axis_register.v:109$23'.
Creating decoders for process `\axis_register.$proc$corpus/upstream/verilog-axis/rtl/axis_register.v:108$22'.
Creating decoders for process `\axis_register.$proc$corpus/upstream/verilog-axis/rtl/axis_register.v:107$21'.
Creating decoders for process `\axis_register.$proc$corpus/upstream/verilog-axis/rtl/axis_register.v:106$20'.
Creating decoders for process `\axis_register.$proc$corpus/upstream/verilog-axis/rtl/axis_register.v:105$19'.
Creating decoders for process `\axis_register.$proc$corpus/upstream/verilog-axis/rtl/axis_register.v:103$18'.
Creating decoders for process `\axis_register.$proc$corpus/upstream/verilog-axis/rtl/axis_register.v:102$17'.
Creating decoders for process `\axis_register.$proc$corpus/upstream/verilog-axis/rtl/axis_register.v:101$16'.
Creating decoders for process `\axis_register.$proc$corpus/upstream/verilog-axis/rtl/axis_register.v:100$15'.
Creating decoders for process `\axis_register.$proc$corpus/upstream/verilog-axis/rtl/axis_register.v:99$14'.
Creating decoders for process `\axis_register.$proc$corpus/upstream/verilog-axis/rtl/axis_register.v:98$13'.
Creating decoders for process `\axis_register.$proc$corpus/upstream/verilog-axis/rtl/axis_register.v:97$12'.
Creating decoders for process `\axis_register.$proc$corpus/upstream/verilog-axis/rtl/axis_register.v:95$11'.
Creating decoders for process `\axis_register.$proc$corpus/upstream/verilog-axis/rtl/axis_register.v:159$10'.
     1/15: $0\genblk1.temp_m_axis_tvalid_reg[0:0]
     2/15: $0\genblk1.m_axis_tvalid_reg[0:0]
     3/15: $0\genblk1.s_axis_tready_reg[0:0]
     4/15: $0\genblk1.temp_m_axis_tuser_reg[0:0]
     5/15: $0\genblk1.temp_m_axis_tdest_reg[7:0]
     6/15: $0\genblk1.temp_m_axis_tid_reg[7:0]
     7/15: $0\genblk1.temp_m_axis_tlast_reg[0:0]
     8/15: $0\genblk1.temp_m_axis_tkeep_reg[0:0]
     9/15: $0\genblk1.temp_m_axis_tdata_reg[7:0]
    10/15: $0\genblk1.m_axis_tuser_reg[0:0]
    11/15: $0\genblk1.m_axis_tdest_reg[7:0]
    12/15: $0\genblk1.m_axis_tid_reg[7:0]
    13/15: $0\genblk1.m_axis_tlast_reg[0:0]
    14/15: $0\genblk1.m_axis_tkeep_reg[0:0]
    15/15: $0\genblk1.m_axis_tdata_reg[7:0]
Creating decoders for process `\axis_register.$proc$corpus/upstream/verilog-axis/rtl/axis_register.v:131$7'.
     1/12: $2\genblk1.store_axis_temp_to_output[0:0]
     2/12: $3\genblk1.temp_m_axis_tvalid_next[0:0]
     3/12: $3\genblk1.m_axis_tvalid_next[0:0]
     4/12: $2\genblk1.store_axis_input_to_output[0:0]
     5/12: $2\genblk1.m_axis_tvalid_next[0:0]
     6/12: $2\genblk1.store_axis_input_to_temp[0:0]
     7/12: $2\genblk1.temp_m_axis_tvalid_next[0:0]
     8/12: $1\genblk1.store_axis_input_to_temp[0:0]
     9/12: $1\genblk1.store_axis_input_to_output[0:0]
    10/12: $1\genblk1.temp_m_axis_tvalid_next[0:0]
    11/12: $1\genblk1.m_axis_tvalid_next[0:0]
    12/12: $1\genblk1.store_axis_temp_to_output[0:0]

3.8. Executing PROC_DLATCH pass (convert process syncs to latches).
No latch inferred for signal `\axis_register.\genblk1.m_axis_tvalid_next' from process `\axis_register.$proc$corpus/upstream/verilog-axis/rtl/axis_register.v:131$7'.
No latch inferred for signal `\axis_register.\genblk1.temp_m_axis_tvalid_next' from process `\axis_register.$proc$corpus/upstream/verilog-axis/rtl/axis_register.v:131$7'.
No latch inferred for signal `\axis_register.\genblk1.store_axis_input_to_output' from process `\axis_register.$proc$corpus/upstream/verilog-axis/rtl/axis_register.v:131$7'.
No latch inferred for signal `\axis_register.\genblk1.store_axis_input_to_temp' from process `\axis_register.$proc$corpus/upstream/verilog-axis/rtl/axis_register.v:131$7'.
No latch inferred for signal `\axis_register.\genblk1.store_axis_temp_to_output' from process `\axis_register.$proc$corpus/upstream/verilog-axis/rtl/axis_register.v:131$7'.

3.9. Executing PROC_DFF pass (convert process syncs to FFs).
Creating register for signal `\axis_register.\genblk1.s_axis_tready_reg' using process `\axis_register.$proc$corpus/upstream/verilog-axis/rtl/axis_register.v:159$10'.
  created $dff cell `$procdff$131' with positive edge clock.
Creating register for signal `\axis_register.\genblk1.m_axis_tdata_reg' using process `\axis_register.$proc$corpus/upstream/verilog-axis/rtl/axis_register.v:159$10'.
  created $dff cell `$procdff$132' with positive edge clock.
Creating register for signal `\axis_register.\genblk1.m_axis_tkeep_reg' using process `\axis_register.$proc$corpus/upstream/verilog-axis/rtl/axis_register.v:159$10'.
  created $dff cell `$procdff$133' with positive edge clock.
Creating register for signal `\axis_register.\genblk1.m_axis_tvalid_reg' using process `\axis_register.$proc$corpus/upstream/verilog-axis/rtl/axis_register.v:159$10'.
  created $dff cell `$procdff$134' with positive edge clock.
Creating register for signal `\axis_register.\genblk1.m_axis_tlast_reg' using process `\axis_register.$proc$corpus/upstream/verilog-axis/rtl/axis_register.v:159$10'.
  created $dff cell `$procdff$135' with positive edge clock.
Creating register for signal `\axis_register.\genblk1.m_axis_tid_reg' using process `\axis_register.$proc$corpus/upstream/verilog-axis/rtl/axis_register.v:159$10'.
  created $dff cell `$procdff$136' with positive edge clock.
Creating register for signal `\axis_register.\genblk1.m_axis_tdest_reg' using process `\axis_register.$proc$corpus/upstream/verilog-axis/rtl/axis_register.v:159$10'.
  created $dff cell `$procdff$137' with positive edge clock.
Creating register for signal `\axis_register.\genblk1.m_axis_tuser_reg' using process `\axis_register.$proc$corpus/upstream/verilog-axis/rtl/axis_register.v:159$10'.
  created $dff cell `$procdff$138' with positive edge clock.
Creating register for signal `\axis_register.\genblk1.temp_m_axis_tdata_reg' using process `\axis_register.$proc$corpus/upstream/verilog-axis/rtl/axis_register.v:159$10'.
  created $dff cell `$procdff$139' with positive edge clock.
Creating register for signal `\axis_register.\genblk1.temp_m_axis_tkeep_reg' using process `\axis_register.$proc$corpus/upstream/verilog-axis/rtl/axis_register.v:159$10'.
  created $dff cell `$procdff$140' with positive edge clock.
Creating register for signal `\axis_register.\genblk1.temp_m_axis_tvalid_reg' using process `\axis_register.$proc$corpus/upstream/verilog-axis/rtl/axis_register.v:159$10'.
  created $dff cell `$procdff$141' with positive edge clock.
Creating register for signal `\axis_register.\genblk1.temp_m_axis_tlast_reg' using process `\axis_register.$proc$corpus/upstream/verilog-axis/rtl/axis_register.v:159$10'.
  created $dff cell `$procdff$142' with positive edge clock.
Creating register for signal `\axis_register.\genblk1.temp_m_axis_tid_reg' using process `\axis_register.$proc$corpus/upstream/verilog-axis/rtl/axis_register.v:159$10'.
  created $dff cell `$procdff$143' with positive edge clock.
Creating register for signal `\axis_register.\genblk1.temp_m_axis_tdest_reg' using process `\axis_register.$proc$corpus/upstream/verilog-axis/rtl/axis_register.v:159$10'.
  created $dff cell `$procdff$144' with positive edge clock.
Creating register for signal `\axis_register.\genblk1.temp_m_axis_tuser_reg' using process `\axis_register.$proc$corpus/upstream/verilog-axis/rtl/axis_register.v:159$10'.
  created $dff cell `$procdff$145' with positive edge clock.

3.10. Executing PROC_MEMWR pass (convert process memory writes to cells).

3.11. Executing PROC_CLEAN pass (remove empty switches from decision trees).
Removing empty process `axis_register.$proc$corpus/upstream/verilog-axis/rtl/axis_register.v:111$25'.
Removing empty process `axis_register.$proc$corpus/upstream/verilog-axis/rtl/axis_register.v:110$24'.
Removing empty process `axis_register.$proc$corpus/upstream/verilog-axis/rtl/axis_register.v:109$23'.
Removing empty process `axis_register.$proc$corpus/upstream/verilog-axis/rtl/axis_register.v:108$22'.
Removing empty process `axis_register.$proc$corpus/upstream/verilog-axis/rtl/axis_register.v:107$21'.
Removing empty process `axis_register.$proc$corpus/upstream/verilog-axis/rtl/axis_register.v:106$20'.
Removing empty process `axis_register.$proc$corpus/upstream/verilog-axis/rtl/axis_register.v:105$19'.
Removing empty process `axis_register.$proc$corpus/upstream/verilog-axis/rtl/axis_register.v:103$18'.
Removing empty process `axis_register.$proc$corpus/upstream/verilog-axis/rtl/axis_register.v:102$17'.
Removing empty process `axis_register.$proc$corpus/upstream/verilog-axis/rtl/axis_register.v:101$16'.
Removing empty process `axis_register.$proc$corpus/upstream/verilog-axis/rtl/axis_register.v:100$15'.
Removing empty process `axis_register.$proc$corpus/upstream/verilog-axis/rtl/axis_register.v:99$14'.
Removing empty process `axis_register.$proc$corpus/upstream/verilog-axis/rtl/axis_register.v:98$13'.
Removing empty process `axis_register.$proc$corpus/upstream/verilog-axis/rtl/axis_register.v:97$12'.
Removing empty process `axis_register.$proc$corpus/upstream/verilog-axis/rtl/axis_register.v:95$11'.
Found and cleaned up 4 empty switches in `\axis_register.$proc$corpus/upstream/verilog-axis/rtl/axis_register.v:159$10'.
Removing empty process `axis_register.$proc$corpus/upstream/verilog-axis/rtl/axis_register.v:159$10'.
Found and cleaned up 3 empty switches in `\axis_register.$proc$corpus/upstream/verilog-axis/rtl/axis_register.v:131$7'.
Removing empty process `axis_register.$proc$corpus/upstream/verilog-axis/rtl/axis_register.v:131$7'.
Cleaned up 7 empty switches.

3.12. Executing OPT_EXPR pass (perform const folding).
Optimizing module axis_register.

4. Executing CHECK pass (checking for obvious problems).
Checking module axis_register...
Found and reported 0 problems.

End of script. Logfile hash: 34b3375298, CPU: user 0.03s system 0.01s, MEM: 13.58 MB peak
Yosys 0.63 (git sha1 70a11c6bf0e8dd669f56c7da3587f78b405138e2, clang++ 17.0.0 -fPIC -O3)
Time spent: 63% 2x read_verilog (0 sec), 9% 1x opt_expr (0 sec), ...
