
 /----------------------------------------------------------------------------\
 |  yosys -- Yosys Open SYnthesis Suite                                       |
 |  Copyright (C) 2012 - 2026  Claire Xenia Wolf <claire@yosyshq.com>         |
 |  Distributed under an ISC-like license, type "license" to see terms        |
 \----------------------------------------------------------------------------/
 Yosys 0.63 (git sha1 70a11c6bf0e8dd669f56c7da3587f78b405138e2, clang++ 17.0.0 -fPIC -O3)

-- Running command `read_verilog -sv experiments/plugin-abc-v1/runs/arm-a/r1/candidates/g01_c1.sv; prep -top g01_add8_left; ltp; stat' --

1. Executing Verilog-2005 frontend: experiments/plugin-abc-v1/runs/arm-a/r1/candidates/g01_c1.sv
Parsing SystemVerilog input from `experiments/plugin-abc-v1/runs/arm-a/r1/candidates/g01_c1.sv' to AST representation.
Generating RTLIL representation for module `\g01_add8_left'.
Successfully finished Verilog frontend.

2. Executing PREP pass.

2.1. Executing HIERARCHY pass (managing design hierarchy).

2.1.1. Analyzing design hierarchy..
Top module:  \g01_add8_left

2.1.2. Analyzing design hierarchy..
Top module:  \g01_add8_left
Removed 0 unused modules.

2.2. Executing PROC pass (convert processes to netlists).

2.2.1. Executing PROC_CLEAN pass (remove empty switches from decision trees).
Cleaned up 0 empty switches.

2.2.2. Executing PROC_RMDEAD pass (remove dead branches from decision trees).
Removed a total of 0 dead cases.

2.2.3. Executing PROC_PRUNE pass (remove redundant assignments in processes).
Removed 0 redundant assignments.
Promoted 0 assignments to connections.

2.2.4. Executing PROC_INIT pass (extract init attributes).

2.2.5. Executing PROC_ARST pass (detect async resets in processes).

2.2.6. Executing PROC_ROM pass (convert switches to ROMs).
Converted 0 switches.

2.2.7. Executing PROC_MUX pass (convert decision trees to multiplexers).

2.2.8. Executing PROC_DLATCH pass (convert process syncs to latches).

2.2.9. Executing PROC_DFF pass (convert process syncs to FFs).

2.2.10. Executing PROC_MEMWR pass (convert process memory writes to cells).

2.2.11. Executing PROC_CLEAN pass (remove empty switches from decision trees).
Cleaned up 0 empty switches.

2.2.12. Executing OPT_EXPR pass (perform const folding).
Optimizing module g01_add8_left.

2.3. Executing FUTURE pass.

2.4. Executing OPT_EXPR pass (perform const folding).
Optimizing module g01_add8_left.

2.5. Executing OPT_CLEAN pass (remove unused cells and wires).
Finding unused cells or wires in module \g01_add8_left..
Removed 0 unused cells and 1 unused wires.
<suppressed ~1 debug messages>

2.6. Executing CHECK pass (checking for obvious problems).
Checking module g01_add8_left...
Found and reported 0 problems.

2.7. Executing OPT pass (performing simple optimizations).

2.7.1. Executing OPT_EXPR pass (perform const folding).
Optimizing module g01_add8_left.

2.7.2. Executing OPT_MERGE pass (detect identical cells).
Finding identical cells in module `\g01_add8_left'.
Computing hashes of 3 cells of `\g01_add8_left'.
Finding duplicate cells in `\g01_add8_left'.
Removed a total of 0 cells.

2.7.3. Executing OPT_MUXTREE pass (detect dead branches in mux trees).
Running muxtree optimizer on module \g01_add8_left..
  Creating internal representation of mux trees.
  No muxes found in this module.
Removed 0 multiplexer ports.

2.7.4. Executing OPT_REDUCE pass (consolidate $*mux and $reduce_* inputs).
  Optimizing cells in module \g01_add8_left.
Performed a total of 0 changes.

2.7.5. Executing OPT_MERGE pass (detect identical cells).
Finding identical cells in module `\g01_add8_left'.
Computing hashes of 3 cells of `\g01_add8_left'.
Finding duplicate cells in `\g01_add8_left'.
Removed a total of 0 cells.

2.7.6. Executing OPT_CLEAN pass (remove unused cells and wires).
Finding unused cells or wires in module \g01_add8_left..

2.7.7. Executing OPT_EXPR pass (perform const folding).
Optimizing module g01_add8_left.

2.7.8. Finished fast OPT passes. (There is nothing left to do.)

2.8. Executing WREDUCE pass (reducing word size of cells).

2.9. Executing OPT_CLEAN pass (remove unused cells and wires).
Finding unused cells or wires in module \g01_add8_left..

2.10. Executing MEMORY_COLLECT pass (generating $mem cells).

2.11. Executing OPT pass (performing simple optimizations).

2.11.1. Executing OPT_EXPR pass (perform const folding).
Optimizing module g01_add8_left.

2.11.2. Executing OPT_MERGE pass (detect identical cells).
Finding identical cells in module `\g01_add8_left'.
Computing hashes of 3 cells of `\g01_add8_left'.
Finding duplicate cells in `\g01_add8_left'.
Removed a total of 0 cells.

2.11.3. Executing OPT_CLEAN pass (remove unused cells and wires).
Finding unused cells or wires in module \g01_add8_left..

2.11.4. Finished fast OPT passes.

2.12. Executing SORT pass.

2.13. Printing statistics.

=== g01_add8_left ===

        +----------Local Count, excluding submodules.
        | 
        7 wires
       56 wire bits
        5 public wires
       40 public wire bits
        5 ports
       40 port bits
        3 cells
        3   $add

2.14. Executing CHECK pass (checking for obvious problems).
Checking module g01_add8_left...
Found and reported 0 problems.

3. Executing LTP pass (find longest path).

Longest topological path in g01_add8_left (length=2):
    0: \d [7]
    1: $add$experiments/plugin-abc-v1/runs/arm-a/r1/candidates/g01_c1.sv:5$2_Y [0] (via $add$experiments/plugin-abc-v1/runs/arm-a/r1/candidates/g01_c1.sv:5$2)
    2: \y [0] (via $add$experiments/plugin-abc-v1/runs/arm-a/r1/candidates/g01_c1.sv:5$3)

4. Printing statistics.

=== g01_add8_left ===

        +----------Local Count, excluding submodules.
        | 
        7 wires
       56 wire bits
        5 public wires
       40 public wire bits
        5 ports
       40 port bits
        3 cells
        3   $add

End of script. Logfile hash: 4ff0d99e9e, CPU: user 0.03s system 0.01s, MEM: 12.38 MB peak
Yosys 0.63 (git sha1 70a11c6bf0e8dd669f56c7da3587f78b405138e2, clang++ 17.0.0 -fPIC -O3)
Time spent: 36% 5x opt_expr (0 sec), 28% 4x opt_clean (0 sec), ...
