
 /----------------------------------------------------------------------------\
 |  yosys -- Yosys Open SYnthesis Suite                                       |
 |  Copyright (C) 2012 - 2026  Claire Xenia Wolf <claire@yosyshq.com>         |
 |  Distributed under an ISC-like license, type "license" to see terms        |
 \----------------------------------------------------------------------------/
 Yosys 0.63 (git sha1 70a11c6bf0e8dd669f56c7da3587f78b405138e2, clang++ 17.0.0 -fPIC -O3)

-- Running command `read_verilog -sv experiments/plugin-abc-v1/cases/generated/g03_mixed_safe_add.sv; synth -top g03_mixed_safe_add; ltp; stat' --

1. Executing Verilog-2005 frontend: experiments/plugin-abc-v1/cases/generated/g03_mixed_safe_add.sv
Parsing SystemVerilog input from `experiments/plugin-abc-v1/cases/generated/g03_mixed_safe_add.sv' to AST representation.
Generating RTLIL representation for module `\g03_mixed_safe_add'.
Successfully finished Verilog frontend.

2. Executing SYNTH pass.

2.1. Executing HIERARCHY pass (managing design hierarchy).

2.1.1. Analyzing design hierarchy..
Top module:  \g03_mixed_safe_add

2.1.2. Analyzing design hierarchy..
Top module:  \g03_mixed_safe_add
Removed 0 unused modules.

2.2. Executing PROC pass (convert processes to netlists).

2.2.1. Executing PROC_CLEAN pass (remove empty switches from decision trees).
Cleaned up 0 empty switches.

2.2.2. Executing PROC_RMDEAD pass (remove dead branches from decision trees).
Marked 1 switch rules as full_case in process $proc$experiments/plugin-abc-v1/cases/generated/g03_mixed_safe_add.sv:8$4 in module g03_mixed_safe_add.
Removed a total of 0 dead cases.

2.2.3. Executing PROC_PRUNE pass (remove redundant assignments in processes).
Removed 0 redundant assignments.
Promoted 1 assignment to connection.

2.2.4. Executing PROC_INIT pass (extract init attributes).

2.2.5. Executing PROC_ARST pass (detect async resets in processes).

2.2.6. Executing PROC_ROM pass (convert switches to ROMs).
Converted 0 switches.
<suppressed ~1 debug messages>

2.2.7. Executing PROC_MUX pass (convert decision trees to multiplexers).
Creating decoders for process `\g03_mixed_safe_add.$proc$experiments/plugin-abc-v1/cases/generated/g03_mixed_safe_add.sv:8$4'.
     1/1: $1\picked[15:0]

2.2.8. Executing PROC_DLATCH pass (convert process syncs to latches).
No latch inferred for signal `\g03_mixed_safe_add.\picked' from process `\g03_mixed_safe_add.$proc$experiments/plugin-abc-v1/cases/generated/g03_mixed_safe_add.sv:8$4'.

2.2.9. Executing PROC_DFF pass (convert process syncs to FFs).

2.2.10. Executing PROC_MEMWR pass (convert process memory writes to cells).

2.2.11. Executing PROC_CLEAN pass (remove empty switches from decision trees).
Found and cleaned up 1 empty switch in `\g03_mixed_safe_add.$proc$experiments/plugin-abc-v1/cases/generated/g03_mixed_safe_add.sv:8$4'.
Removing empty process `g03_mixed_safe_add.$proc$experiments/plugin-abc-v1/cases/generated/g03_mixed_safe_add.sv:8$4'.
Cleaned up 1 empty switch.

2.2.12. Executing OPT_EXPR pass (perform const folding).
Optimizing module g03_mixed_safe_add.
<suppressed ~1 debug messages>

2.3. Executing OPT_EXPR pass (perform const folding).
Optimizing module g03_mixed_safe_add.

2.4. Executing OPT_CLEAN pass (remove unused cells and wires).
Finding unused cells or wires in module \g03_mixed_safe_add..
Removed 0 unused cells and 4 unused wires.
<suppressed ~1 debug messages>

2.5. Executing CHECK pass (checking for obvious problems).
Checking module g03_mixed_safe_add...
Found and reported 0 problems.

2.6. Executing OPT pass (performing simple optimizations).

2.6.1. Executing OPT_EXPR pass (perform const folding).
Optimizing module g03_mixed_safe_add.

2.6.2. Executing OPT_MERGE pass (detect identical cells).
Finding identical cells in module `\g03_mixed_safe_add'.
Computing hashes of 7 cells of `\g03_mixed_safe_add'.
Finding duplicate cells in `\g03_mixed_safe_add'.
Removed a total of 0 cells.

2.6.3. Executing OPT_MUXTREE pass (detect dead branches in mux trees).
Running muxtree optimizer on module \g03_mixed_safe_add..
  Creating internal representation of mux trees.
  Evaluating internal representation of mux trees.
  Analyzing evaluation results.
Removed 0 multiplexer ports.
<suppressed ~2 debug messages>

2.6.4. Executing OPT_REDUCE pass (consolidate $*mux and $reduce_* inputs).
  Optimizing cells in module \g03_mixed_safe_add.
Performed a total of 0 changes.

2.6.5. Executing OPT_MERGE pass (detect identical cells).
Finding identical cells in module `\g03_mixed_safe_add'.
Computing hashes of 7 cells of `\g03_mixed_safe_add'.
Finding duplicate cells in `\g03_mixed_safe_add'.
Removed a total of 0 cells.

2.6.6. Executing OPT_DFF pass (perform DFF optimizations).

2.6.7. Executing OPT_CLEAN pass (remove unused cells and wires).
Finding unused cells or wires in module \g03_mixed_safe_add..

2.6.8. Executing OPT_EXPR pass (perform const folding).
Optimizing module g03_mixed_safe_add.

2.6.9. Finished fast OPT passes. (There is nothing left to do.)

2.7. Executing FSM pass (extract and optimize FSM).

2.7.1. Executing FSM_DETECT pass (finding FSMs in design).

2.7.2. Executing FSM_EXTRACT pass (extracting FSM from design).

2.7.3. Executing FSM_OPT pass (simple optimizations of FSMs).

2.7.4. Executing OPT_CLEAN pass (remove unused cells and wires).
Finding unused cells or wires in module \g03_mixed_safe_add..

2.7.5. Executing FSM_OPT pass (simple optimizations of FSMs).

2.7.6. Executing FSM_RECODE pass (re-assigning FSM state encoding).

2.7.7. Executing FSM_INFO pass (dumping all available information on FSM cells).

2.7.8. Executing FSM_MAP pass (mapping FSMs to basic logic).

2.8. Executing OPT pass (performing simple optimizations).

2.8.1. Executing OPT_EXPR pass (perform const folding).
Optimizing module g03_mixed_safe_add.

2.8.2. Executing OPT_MERGE pass (detect identical cells).
Finding identical cells in module `\g03_mixed_safe_add'.
Computing hashes of 7 cells of `\g03_mixed_safe_add'.
Finding duplicate cells in `\g03_mixed_safe_add'.
Removed a total of 0 cells.

2.8.3. Executing OPT_MUXTREE pass (detect dead branches in mux trees).
Running muxtree optimizer on module \g03_mixed_safe_add..
  Creating internal representation of mux trees.
  Evaluating internal representation of mux trees.
  Analyzing evaluation results.
Removed 0 multiplexer ports.
<suppressed ~2 debug messages>

2.8.4. Executing OPT_REDUCE pass (consolidate $*mux and $reduce_* inputs).
  Optimizing cells in module \g03_mixed_safe_add.
Performed a total of 0 changes.

2.8.5. Executing OPT_MERGE pass (detect identical cells).
Finding identical cells in module `\g03_mixed_safe_add'.
Computing hashes of 7 cells of `\g03_mixed_safe_add'.
Finding duplicate cells in `\g03_mixed_safe_add'.
Removed a total of 0 cells.

2.8.6. Executing OPT_DFF pass (perform DFF optimizations).

2.8.7. Executing OPT_CLEAN pass (remove unused cells and wires).
Finding unused cells or wires in module \g03_mixed_safe_add..

2.8.8. Executing OPT_EXPR pass (perform const folding).
Optimizing module g03_mixed_safe_add.

2.8.9. Finished fast OPT passes. (There is nothing left to do.)

2.9. Executing WREDUCE pass (reducing word size of cells).
Removed top 1 bits (of 2) from port B of cell g03_mixed_safe_add.$procmux$8_CMP0 ($eq).

2.10. Executing PEEPOPT pass (run peephole optimizers).

2.11. Executing OPT_CLEAN pass (remove unused cells and wires).
Finding unused cells or wires in module \g03_mixed_safe_add..

2.12. Executing ALUMACC pass (create $alu and $macc cells).
Extracting $alu and $macc cells in module g03_mixed_safe_add:
  creating $macc model for $add$experiments/plugin-abc-v1/cases/generated/g03_mixed_safe_add.sv:7$3 ($add).
  creating $macc model for $add$experiments/plugin-abc-v1/cases/generated/g03_mixed_safe_add.sv:7$2 ($add).
  creating $macc model for $add$experiments/plugin-abc-v1/cases/generated/g03_mixed_safe_add.sv:7$1 ($add).
  merging $macc model for $add$experiments/plugin-abc-v1/cases/generated/g03_mixed_safe_add.sv:7$1 into $add$experiments/plugin-abc-v1/cases/generated/g03_mixed_safe_add.sv:7$2.
  merging $macc model for $add$experiments/plugin-abc-v1/cases/generated/g03_mixed_safe_add.sv:7$2 into $add$experiments/plugin-abc-v1/cases/generated/g03_mixed_safe_add.sv:7$3.
  creating $macc cell for $add$experiments/plugin-abc-v1/cases/generated/g03_mixed_safe_add.sv:7$3: $auto$alumacc.cc:382:replace_macc$10
  created 0 $alu and 1 $macc cells.

2.13. Executing SHARE pass (SAT-based resource sharing).

2.14. Executing OPT pass (performing simple optimizations).

2.14.1. Executing OPT_EXPR pass (perform const folding).
Optimizing module g03_mixed_safe_add.

2.14.2. Executing OPT_MERGE pass (detect identical cells).
Finding identical cells in module `\g03_mixed_safe_add'.
Computing hashes of 7 cells of `\g03_mixed_safe_add'.
Finding duplicate cells in `\g03_mixed_safe_add'.
Removed a total of 0 cells.

2.14.3. Executing OPT_MUXTREE pass (detect dead branches in mux trees).
Running muxtree optimizer on module \g03_mixed_safe_add..
  Creating internal representation of mux trees.
  Evaluating internal representation of mux trees.
  Analyzing evaluation results.
Removed 0 multiplexer ports.
<suppressed ~2 debug messages>

2.14.4. Executing OPT_REDUCE pass (consolidate $*mux and $reduce_* inputs).
  Optimizing cells in module \g03_mixed_safe_add.
Performed a total of 0 changes.

2.14.5. Executing OPT_MERGE pass (detect identical cells).
Finding identical cells in module `\g03_mixed_safe_add'.
Computing hashes of 7 cells of `\g03_mixed_safe_add'.
Finding duplicate cells in `\g03_mixed_safe_add'.
Removed a total of 0 cells.

2.14.6. Executing OPT_DFF pass (perform DFF optimizations).

2.14.7. Executing OPT_CLEAN pass (remove unused cells and wires).
Finding unused cells or wires in module \g03_mixed_safe_add..
Removed 2 unused cells and 2 unused wires.
<suppressed ~3 debug messages>

2.14.8. Executing OPT_EXPR pass (perform const folding).
Optimizing module g03_mixed_safe_add.

2.14.9. Rerunning OPT passes. (Maybe there is more to do..)

2.14.10. Executing OPT_MUXTREE pass (detect dead branches in mux trees).
Running muxtree optimizer on module \g03_mixed_safe_add..
  Creating internal representation of mux trees.
  Evaluating internal representation of mux trees.
  Analyzing evaluation results.
Removed 0 multiplexer ports.
<suppressed ~2 debug messages>

2.14.11. Executing OPT_REDUCE pass (consolidate $*mux and $reduce_* inputs).
  Optimizing cells in module \g03_mixed_safe_add.
Performed a total of 0 changes.

2.14.12. Executing OPT_MERGE pass (detect identical cells).
Finding identical cells in module `\g03_mixed_safe_add'.
Computing hashes of 5 cells of `\g03_mixed_safe_add'.
Finding duplicate cells in `\g03_mixed_safe_add'.
Removed a total of 0 cells.

2.14.13. Executing OPT_DFF pass (perform DFF optimizations).

2.14.14. Executing OPT_CLEAN pass (remove unused cells and wires).
Finding unused cells or wires in module \g03_mixed_safe_add..

2.14.15. Executing OPT_EXPR pass (perform const folding).
Optimizing module g03_mixed_safe_add.

2.14.16. Finished fast OPT passes. (There is nothing left to do.)

2.15. Executing MEMORY pass.

2.15.1. Executing OPT_MEM pass (optimize memories).
Performed a total of 0 transformations.

2.15.2. Executing OPT_MEM_PRIORITY pass (removing unnecessary memory write priority relations).
Performed a total of 0 transformations.

2.15.3. Executing OPT_MEM_FEEDBACK pass (finding memory read-to-write feedback paths).

2.15.4. Executing MEMORY_BMUX2ROM pass (converting muxes to ROMs).

2.15.5. Executing MEMORY_DFF pass (merging $dff cells to $memrd).

2.15.6. Executing OPT_CLEAN pass (remove unused cells and wires).
Finding unused cells or wires in module \g03_mixed_safe_add..

2.15.7. Executing MEMORY_SHARE pass (consolidating $memrd/$memwr cells).

2.15.8. Executing OPT_MEM_WIDEN pass (optimize memories where all ports are wide).
Performed a total of 0 transformations.

2.15.9. Executing OPT_CLEAN pass (remove unused cells and wires).
Finding unused cells or wires in module \g03_mixed_safe_add..

2.15.10. Executing MEMORY_COLLECT pass (generating $mem cells).

2.16. Executing OPT_CLEAN pass (remove unused cells and wires).
Finding unused cells or wires in module \g03_mixed_safe_add..

2.17. Executing OPT pass (performing simple optimizations).

2.17.1. Executing OPT_EXPR pass (perform const folding).
Optimizing module g03_mixed_safe_add.

2.17.2. Executing OPT_MERGE pass (detect identical cells).
Finding identical cells in module `\g03_mixed_safe_add'.
Computing hashes of 5 cells of `\g03_mixed_safe_add'.
Finding duplicate cells in `\g03_mixed_safe_add'.
Removed a total of 0 cells.

2.17.3. Executing OPT_DFF pass (perform DFF optimizations).

2.17.4. Executing OPT_CLEAN pass (remove unused cells and wires).
Finding unused cells or wires in module \g03_mixed_safe_add..

2.17.5. Finished fast OPT passes.

2.18. Executing MEMORY_MAP pass (converting memories to logic and flip-flops).

2.19. Executing OPT pass (performing simple optimizations).

2.19.1. Executing OPT_EXPR pass (perform const folding).
Optimizing module g03_mixed_safe_add.

2.19.2. Executing OPT_MERGE pass (detect identical cells).
Finding identical cells in module `\g03_mixed_safe_add'.
Computing hashes of 5 cells of `\g03_mixed_safe_add'.
Finding duplicate cells in `\g03_mixed_safe_add'.
Removed a total of 0 cells.

2.19.3. Executing OPT_MUXTREE pass (detect dead branches in mux trees).
Running muxtree optimizer on module \g03_mixed_safe_add..
  Creating internal representation of mux trees.
  Evaluating internal representation of mux trees.
  Analyzing evaluation results.
Removed 0 multiplexer ports.
<suppressed ~2 debug messages>

2.19.4. Executing OPT_REDUCE pass (consolidate $*mux and $reduce_* inputs).
  Optimizing cells in module \g03_mixed_safe_add.
Performed a total of 0 changes.

2.19.5. Executing OPT_MERGE pass (detect identical cells).
Finding identical cells in module `\g03_mixed_safe_add'.
Computing hashes of 5 cells of `\g03_mixed_safe_add'.
Finding duplicate cells in `\g03_mixed_safe_add'.
Removed a total of 0 cells.

2.19.6. Executing OPT_SHARE pass.

2.19.7. Executing OPT_DFF pass (perform DFF optimizations).

2.19.8. Executing OPT_CLEAN pass (remove unused cells and wires).
Finding unused cells or wires in module \g03_mixed_safe_add..

2.19.9. Executing OPT_EXPR pass (perform const folding).
Optimizing module g03_mixed_safe_add.

2.19.10. Finished fast OPT passes. (There is nothing left to do.)

2.20. Executing TECHMAP pass (map to technology primitives).

2.20.1. Executing Verilog-2005 frontend: /opt/homebrew/bin/../share/yosys/techmap.v
Parsing Verilog input from `/opt/homebrew/bin/../share/yosys/techmap.v' to AST representation.
Generating RTLIL representation for module `\_90_simplemap_bool_ops'.
Generating RTLIL representation for module `\_90_simplemap_reduce_ops'.
Generating RTLIL representation for module `\_90_simplemap_logic_ops'.
Generating RTLIL representation for module `\_90_simplemap_compare_ops'.
Generating RTLIL representation for module `\_90_simplemap_various'.
Generating RTLIL representation for module `\_90_simplemap_registers'.
Generating RTLIL representation for module `\_90_shift_ops_shr_shl_sshl_sshr'.
Generating RTLIL representation for module `\_90_shift_shiftx'.
Generating RTLIL representation for module `\_90_fa'.
Generating RTLIL representation for module `\_90_lcu_brent_kung'.
Generating RTLIL representation for module `\_90_alu'.
Generating RTLIL representation for module `\_90_macc'.
Generating RTLIL representation for module `\_90_alumacc'.
Generating RTLIL representation for module `$__div_mod_u'.
Generating RTLIL representation for module `$__div_mod_trunc'.
Generating RTLIL representation for module `\_90_div'.
Generating RTLIL representation for module `\_90_mod'.
Generating RTLIL representation for module `$__div_mod_floor'.
Generating RTLIL representation for module `\_90_divfloor'.
Generating RTLIL representation for module `\_90_modfloor'.
Generating RTLIL representation for module `\_90_pow'.
Generating RTLIL representation for module `\_90_pmux'.
Generating RTLIL representation for module `\_90_demux'.
Generating RTLIL representation for module `\_90_lut'.
Generating RTLIL representation for module `$connect'.
Generating RTLIL representation for module `$input_port'.
Successfully finished Verilog frontend.

2.20.2. Continuing TECHMAP pass.
Using extmapper maccmap for cells of type $macc_v2.
  add \a (16 bits, unsigned)
  add \d (16 bits, unsigned)
  add \c (16 bits, unsigned)
  add \b (16 bits, unsigned)
Using extmapper simplemap for cells of type $eq.
Using template $paramod$d5c1c4131927aec19f116e7a36372b1981bfcd7e\_90_pmux for cells of type $pmux.
Using extmapper simplemap for cells of type $logic_not.
Using template $paramod\_90_fa\WIDTH=32'00000000000000000000000000010000 for cells of type $fa.
Using template $paramod$6df0329addda9228fcc2546de2aaf14ad26c98e1\_90_alu for cells of type $alu.
Using extmapper simplemap for cells of type $reduce_or.
Using extmapper simplemap for cells of type $and.
Using extmapper simplemap for cells of type $mux.
Using extmapper simplemap for cells of type $or.
Using extmapper simplemap for cells of type $xor.
Using template $paramod\_90_lcu_brent_kung\WIDTH=32'00000000000000000000000000010000 for cells of type $lcu.
Using extmapper simplemap for cells of type $pos.
Using extmapper simplemap for cells of type $not.
No more expansions possible.
<suppressed ~359 debug messages>

2.21. Executing OPT pass (performing simple optimizations).

2.21.1. Executing OPT_EXPR pass (perform const folding).
Optimizing module g03_mixed_safe_add.
<suppressed ~81 debug messages>

2.21.2. Executing OPT_MERGE pass (detect identical cells).
Finding identical cells in module `\g03_mixed_safe_add'.
Computing hashes of 383 cells of `\g03_mixed_safe_add'.
Finding duplicate cells in `\g03_mixed_safe_add'.
Removed a total of 0 cells.

2.21.3. Executing OPT_DFF pass (perform DFF optimizations).

2.21.4. Executing OPT_CLEAN pass (remove unused cells and wires).
Finding unused cells or wires in module \g03_mixed_safe_add..
Removed 33 unused cells and 134 unused wires.
<suppressed ~34 debug messages>

2.21.5. Finished fast OPT passes.

2.22. Executing ABC pass (technology mapping using ABC).

2.22.1. Extracting gate netlist of module `\g03_mixed_safe_add' to `<abc-temp-dir>/input.blif'..

2.22.1.1. Executed ABC.
Extracted 350 gates and 416 wires to a netlist network with 66 inputs and 32 outputs.
Running ABC script: <abc-temp-dir>/abc.script
ABC: ======== ABC command line "source <abc-temp-dir>/abc.script"
ABC: + read_blif <abc-temp-dir>/input.blif 
ABC: + read_library <abc-temp-dir>/stdcells.genlib 
ABC: + strash 
ABC: + dretime 
ABC: + map 
ABC: + write_blif <abc-temp-dir>/output.blif 

2.22.1.2. Re-integrating ABC results.
ABC RESULTS:               AND cells:        1
ABC RESULTS:            ANDNOT cells:      138
ABC RESULTS:               MUX cells:       16
ABC RESULTS:              NAND cells:       15
ABC RESULTS:               NOR cells:       13
ABC RESULTS:               NOT cells:        1
ABC RESULTS:                OR cells:       54
ABC RESULTS:             ORNOT cells:       15
ABC RESULTS:              XNOR cells:       40
ABC RESULTS:               XOR cells:       52
ABC RESULTS:        internal signals:      318
ABC RESULTS:           input signals:       66
ABC RESULTS:          output signals:       32
Removing temp directory.
Removing global temp directory.

2.23. Executing OPT pass (performing simple optimizations).

2.23.1. Executing OPT_EXPR pass (perform const folding).
Optimizing module g03_mixed_safe_add.

2.23.2. Executing OPT_MERGE pass (detect identical cells).
Finding identical cells in module `\g03_mixed_safe_add'.
Computing hashes of 345 cells of `\g03_mixed_safe_add'.
Finding duplicate cells in `\g03_mixed_safe_add'.
Removed a total of 0 cells.

2.23.3. Executing OPT_DFF pass (perform DFF optimizations).

2.23.4. Executing OPT_CLEAN pass (remove unused cells and wires).
Finding unused cells or wires in module \g03_mixed_safe_add..
Removed 0 unused cells and 174 unused wires.
<suppressed ~1 debug messages>

2.23.5. Finished fast OPT passes.

2.24. Executing HIERARCHY pass (managing design hierarchy).
Attribute `top' found on module `g03_mixed_safe_add'. Setting top module to g03_mixed_safe_add.

2.24.1. Analyzing design hierarchy..
Top module:  \g03_mixed_safe_add

2.24.2. Analyzing design hierarchy..
Top module:  \g03_mixed_safe_add
Removed 0 unused modules.

2.25. Printing statistics.

=== g03_mixed_safe_add ===

        +----------Local Count, excluding submodules.
        | 
      320 wires
      411 wire bits
        7 public wires
       98 public wire bits
        7 ports
       98 port bits
      345 cells
      138   $_ANDNOT_
        1   $_AND_
       16   $_MUX_
       15   $_NAND_
       13   $_NOR_
        1   $_NOT_
       15   $_ORNOT_
       54   $_OR_
       40   $_XNOR_
       52   $_XOR_

2.26. Executing CHECK pass (checking for obvious problems).
Checking module g03_mixed_safe_add...
Found and reported 0 problems.

3. Executing LTP pass (find longest path).

Longest topological path in g03_mixed_safe_add (length=19):
    0: \a [3]
    1: $abc$719$new_n243 (via $abc$719$auto$blifparse.cc:397:parse_blif$864)
    2: $abc$719$new_n244 (via $abc$719$auto$blifparse.cc:397:parse_blif$865)
    3: $abc$719$new_n245 (via $abc$719$auto$blifparse.cc:397:parse_blif$866)
    4: $abc$719$new_n247 (via $abc$719$auto$blifparse.cc:397:parse_blif$868)
    5: $abc$719$new_n248 (via $abc$719$auto$blifparse.cc:397:parse_blif$869)
    6: $abc$719$new_n249 (via $abc$719$auto$blifparse.cc:397:parse_blif$870)
    7: $abc$719$new_n251 (via $abc$719$auto$blifparse.cc:397:parse_blif$872)
    8: $abc$719$new_n263 (via $abc$719$auto$blifparse.cc:397:parse_blif$884)
    9: $abc$719$new_n264 (via $abc$719$auto$blifparse.cc:397:parse_blif$885)
   10: $abc$719$new_n265 (via $abc$719$auto$blifparse.cc:397:parse_blif$886)
   11: $abc$719$new_n266 (via $abc$719$auto$blifparse.cc:397:parse_blif$887)
   12: $abc$719$new_n305 (via $abc$719$auto$blifparse.cc:397:parse_blif$926)
   13: $abc$719$new_n306 (via $abc$719$auto$blifparse.cc:397:parse_blif$927)
   14: $abc$719$new_n307 (via $abc$719$auto$blifparse.cc:397:parse_blif$928)
   15: $abc$719$new_n308 (via $abc$719$auto$blifparse.cc:397:parse_blif$929)
   16: $abc$719$new_n309 (via $abc$719$auto$blifparse.cc:397:parse_blif$930)
   17: $abc$719$new_n310 (via $abc$719$auto$blifparse.cc:397:parse_blif$931)
   18: $abc$719$new_n311 (via $abc$719$auto$blifparse.cc:397:parse_blif$932)
   19: \sum [15] (via $abc$719$auto$blifparse.cc:397:parse_blif$933)

4. Printing statistics.

=== g03_mixed_safe_add ===

        +----------Local Count, excluding submodules.
        | 
      320 wires
      411 wire bits
        7 public wires
       98 public wire bits
        7 ports
       98 port bits
      345 cells
      138   $_ANDNOT_
        1   $_AND_
       16   $_MUX_
       15   $_NAND_
       13   $_NOR_
        1   $_NOT_
       15   $_ORNOT_
       54   $_OR_
       40   $_XNOR_
       52   $_XOR_

End of script. Logfile hash: fe72525487, CPU: user 0.10s system 0.01s, MEM: 17.94 MB peak
Yosys 0.63 (git sha1 70a11c6bf0e8dd669f56c7da3587f78b405138e2, clang++ 17.0.0 -fPIC -O3)
Time spent: 51% 1x abc (0 sec), 12% 16x opt_expr (0 sec), ...
