
 /----------------------------------------------------------------------------\
 |  yosys -- Yosys Open SYnthesis Suite                                       |
 |  Copyright (C) 2012 - 2026  Claire Xenia Wolf <claire@yosyshq.com>         |
 |  Distributed under an ISC-like license, type "license" to see terms        |
 \----------------------------------------------------------------------------/
 Yosys 0.63 (git sha1 70a11c6bf0e8dd669f56c7da3587f78b405138e2, clang++ 17.0.0 -fPIC -O3)

-- Running command `read_verilog -sv experiments/plugin-abc-v1/runs/arm-a/r1/candidates/g03_c1.sv; prep -top g03_mixed_safe_add; ltp; stat' --

1. Executing Verilog-2005 frontend: experiments/plugin-abc-v1/runs/arm-a/r1/candidates/g03_c1.sv
Parsing SystemVerilog input from `experiments/plugin-abc-v1/runs/arm-a/r1/candidates/g03_c1.sv' to AST representation.
Generating RTLIL representation for module `\g03_mixed_safe_add'.
Successfully finished Verilog frontend.

2. Executing PREP pass.

2.1. Executing HIERARCHY pass (managing design hierarchy).

2.1.1. Analyzing design hierarchy..
Top module:  \g03_mixed_safe_add

2.1.2. Analyzing design hierarchy..
Top module:  \g03_mixed_safe_add
Removed 0 unused modules.

2.2. Executing PROC pass (convert processes to netlists).

2.2.1. Executing PROC_CLEAN pass (remove empty switches from decision trees).
Cleaned up 0 empty switches.

2.2.2. Executing PROC_RMDEAD pass (remove dead branches from decision trees).
Marked 1 switch rules as full_case in process $proc$experiments/plugin-abc-v1/runs/arm-a/r1/candidates/g03_c1.sv:8$4 in module g03_mixed_safe_add.
Removed a total of 0 dead cases.

2.2.3. Executing PROC_PRUNE pass (remove redundant assignments in processes).
Removed 0 redundant assignments.
Promoted 1 assignment to connection.

2.2.4. Executing PROC_INIT pass (extract init attributes).

2.2.5. Executing PROC_ARST pass (detect async resets in processes).

2.2.6. Executing PROC_ROM pass (convert switches to ROMs).
Converted 0 switches.
<suppressed ~1 debug messages>

2.2.7. Executing PROC_MUX pass (convert decision trees to multiplexers).
Creating decoders for process `\g03_mixed_safe_add.$proc$experiments/plugin-abc-v1/runs/arm-a/r1/candidates/g03_c1.sv:8$4'.
     1/1: $1\picked[15:0]

2.2.8. Executing PROC_DLATCH pass (convert process syncs to latches).
No latch inferred for signal `\g03_mixed_safe_add.\picked' from process `\g03_mixed_safe_add.$proc$experiments/plugin-abc-v1/runs/arm-a/r1/candidates/g03_c1.sv:8$4'.

2.2.9. Executing PROC_DFF pass (convert process syncs to FFs).

2.2.10. Executing PROC_MEMWR pass (convert process memory writes to cells).

2.2.11. Executing PROC_CLEAN pass (remove empty switches from decision trees).
Found and cleaned up 1 empty switch in `\g03_mixed_safe_add.$proc$experiments/plugin-abc-v1/runs/arm-a/r1/candidates/g03_c1.sv:8$4'.
Removing empty process `g03_mixed_safe_add.$proc$experiments/plugin-abc-v1/runs/arm-a/r1/candidates/g03_c1.sv:8$4'.
Cleaned up 1 empty switch.

2.2.12. Executing OPT_EXPR pass (perform const folding).
Optimizing module g03_mixed_safe_add.
<suppressed ~1 debug messages>

2.3. Executing FUTURE pass.

2.4. Executing OPT_EXPR pass (perform const folding).
Optimizing module g03_mixed_safe_add.

2.5. Executing OPT_CLEAN pass (remove unused cells and wires).
Finding unused cells or wires in module \g03_mixed_safe_add..
Removed 0 unused cells and 4 unused wires.
<suppressed ~1 debug messages>

2.6. Executing CHECK pass (checking for obvious problems).
Checking module g03_mixed_safe_add...
Found and reported 0 problems.

2.7. Executing OPT pass (performing simple optimizations).

2.7.1. Executing OPT_EXPR pass (perform const folding).
Optimizing module g03_mixed_safe_add.

2.7.2. Executing OPT_MERGE pass (detect identical cells).
Finding identical cells in module `\g03_mixed_safe_add'.
Computing hashes of 7 cells of `\g03_mixed_safe_add'.
Finding duplicate cells in `\g03_mixed_safe_add'.
Removed a total of 0 cells.

2.7.3. Executing OPT_MUXTREE pass (detect dead branches in mux trees).
Running muxtree optimizer on module \g03_mixed_safe_add..
  Creating internal representation of mux trees.
  Evaluating internal representation of mux trees.
  Analyzing evaluation results.
Removed 0 multiplexer ports.
<suppressed ~2 debug messages>

2.7.4. Executing OPT_REDUCE pass (consolidate $*mux and $reduce_* inputs).
  Optimizing cells in module \g03_mixed_safe_add.
Performed a total of 0 changes.

2.7.5. Executing OPT_MERGE pass (detect identical cells).
Finding identical cells in module `\g03_mixed_safe_add'.
Computing hashes of 7 cells of `\g03_mixed_safe_add'.
Finding duplicate cells in `\g03_mixed_safe_add'.
Removed a total of 0 cells.

2.7.6. Executing OPT_CLEAN pass (remove unused cells and wires).
Finding unused cells or wires in module \g03_mixed_safe_add..

2.7.7. Executing OPT_EXPR pass (perform const folding).
Optimizing module g03_mixed_safe_add.

2.7.8. Finished fast OPT passes. (There is nothing left to do.)

2.8. Executing WREDUCE pass (reducing word size of cells).
Removed top 1 bits (of 2) from port B of cell g03_mixed_safe_add.$procmux$8_CMP0 ($eq).

2.9. Executing OPT_CLEAN pass (remove unused cells and wires).
Finding unused cells or wires in module \g03_mixed_safe_add..

2.10. Executing MEMORY_COLLECT pass (generating $mem cells).

2.11. Executing OPT pass (performing simple optimizations).

2.11.1. Executing OPT_EXPR pass (perform const folding).
Optimizing module g03_mixed_safe_add.

2.11.2. Executing OPT_MERGE pass (detect identical cells).
Finding identical cells in module `\g03_mixed_safe_add'.
Computing hashes of 7 cells of `\g03_mixed_safe_add'.
Finding duplicate cells in `\g03_mixed_safe_add'.
Removed a total of 0 cells.

2.11.3. Executing OPT_CLEAN pass (remove unused cells and wires).
Finding unused cells or wires in module \g03_mixed_safe_add..

2.11.4. Finished fast OPT passes.

2.12. Executing SORT pass.

2.13. Printing statistics.

=== g03_mixed_safe_add ===

        +----------Local Count, excluding submodules.
        | 
       12 wires
      133 wire bits
        7 public wires
       98 public wire bits
        7 ports
       98 port bits
        7 cells
        3   $add
        2   $eq
        1   $logic_not
        1   $pmux

2.14. Executing CHECK pass (checking for obvious problems).
Checking module g03_mixed_safe_add...
Found and reported 0 problems.

3. Executing LTP pass (find longest path).

Longest topological path in g03_mixed_safe_add (length=2):
    0: \sel [1]
    1: $procmux$9_CMP (via $procmux$9_CMP0)
    2: \picked [0] (via $procmux$6)

4. Printing statistics.

=== g03_mixed_safe_add ===

        +----------Local Count, excluding submodules.
        | 
       12 wires
      133 wire bits
        7 public wires
       98 public wire bits
        7 ports
       98 port bits
        7 cells
        3   $add
        2   $eq
        1   $logic_not
        1   $pmux

End of script. Logfile hash: ec22972aab, CPU: user 0.03s system 0.01s, MEM: 13.34 MB peak
Yosys 0.63 (git sha1 70a11c6bf0e8dd669f56c7da3587f78b405138e2, clang++ 17.0.0 -fPIC -O3)
Time spent: 32% 5x opt_expr (0 sec), 24% 4x opt_clean (0 sec), ...
