
 /----------------------------------------------------------------------------\
 |  yosys -- Yosys Open SYnthesis Suite                                       |
 |  Copyright (C) 2012 - 2026  Claire Xenia Wolf <claire@yosyshq.com>         |
 |  Distributed under an ISC-like license, type "license" to see terms        |
 \----------------------------------------------------------------------------/
 Yosys 0.63 (git sha1 70a11c6bf0e8dd669f56c7da3587f78b405138e2, clang++ 17.0.0 -fPIC -O3)

-- Running command `read_verilog -sv experiments/plugin-abc-v1/cases/generated/g09_already_balanced.sv; synth -top g09_already_balanced; check; stat' --

1. Executing Verilog-2005 frontend: experiments/plugin-abc-v1/cases/generated/g09_already_balanced.sv
Parsing SystemVerilog input from `experiments/plugin-abc-v1/cases/generated/g09_already_balanced.sv' to AST representation.
Generating RTLIL representation for module `\g09_already_balanced'.
Successfully finished Verilog frontend.

2. Executing SYNTH pass.

2.1. Executing HIERARCHY pass (managing design hierarchy).

2.1.1. Analyzing design hierarchy..
Top module:  \g09_already_balanced

2.1.2. Analyzing design hierarchy..
Top module:  \g09_already_balanced
Removed 0 unused modules.

2.2. Executing PROC pass (convert processes to netlists).

2.2.1. Executing PROC_CLEAN pass (remove empty switches from decision trees).
Cleaned up 0 empty switches.

2.2.2. Executing PROC_RMDEAD pass (remove dead branches from decision trees).
Removed a total of 0 dead cases.

2.2.3. Executing PROC_PRUNE pass (remove redundant assignments in processes).
Removed 0 redundant assignments.
Promoted 0 assignments to connections.

2.2.4. Executing PROC_INIT pass (extract init attributes).

2.2.5. Executing PROC_ARST pass (detect async resets in processes).

2.2.6. Executing PROC_ROM pass (convert switches to ROMs).
Converted 0 switches.

2.2.7. Executing PROC_MUX pass (convert decision trees to multiplexers).

2.2.8. Executing PROC_DLATCH pass (convert process syncs to latches).

2.2.9. Executing PROC_DFF pass (convert process syncs to FFs).

2.2.10. Executing PROC_MEMWR pass (convert process memory writes to cells).

2.2.11. Executing PROC_CLEAN pass (remove empty switches from decision trees).
Cleaned up 0 empty switches.

2.2.12. Executing OPT_EXPR pass (perform const folding).
Optimizing module g09_already_balanced.

2.3. Executing OPT_EXPR pass (perform const folding).
Optimizing module g09_already_balanced.

2.4. Executing OPT_CLEAN pass (remove unused cells and wires).
Finding unused cells or wires in module \g09_already_balanced..
Removed 0 unused cells and 1 unused wires.
<suppressed ~1 debug messages>

2.5. Executing CHECK pass (checking for obvious problems).
Checking module g09_already_balanced...
Found and reported 0 problems.

2.6. Executing OPT pass (performing simple optimizations).

2.6.1. Executing OPT_EXPR pass (perform const folding).
Optimizing module g09_already_balanced.

2.6.2. Executing OPT_MERGE pass (detect identical cells).
Finding identical cells in module `\g09_already_balanced'.
Computing hashes of 3 cells of `\g09_already_balanced'.
Finding duplicate cells in `\g09_already_balanced'.
Removed a total of 0 cells.

2.6.3. Executing OPT_MUXTREE pass (detect dead branches in mux trees).
Running muxtree optimizer on module \g09_already_balanced..
  Creating internal representation of mux trees.
  No muxes found in this module.
Removed 0 multiplexer ports.

2.6.4. Executing OPT_REDUCE pass (consolidate $*mux and $reduce_* inputs).
  Optimizing cells in module \g09_already_balanced.
Performed a total of 0 changes.

2.6.5. Executing OPT_MERGE pass (detect identical cells).
Finding identical cells in module `\g09_already_balanced'.
Computing hashes of 3 cells of `\g09_already_balanced'.
Finding duplicate cells in `\g09_already_balanced'.
Removed a total of 0 cells.

2.6.6. Executing OPT_DFF pass (perform DFF optimizations).

2.6.7. Executing OPT_CLEAN pass (remove unused cells and wires).
Finding unused cells or wires in module \g09_already_balanced..

2.6.8. Executing OPT_EXPR pass (perform const folding).
Optimizing module g09_already_balanced.

2.6.9. Finished fast OPT passes. (There is nothing left to do.)

2.7. Executing FSM pass (extract and optimize FSM).

2.7.1. Executing FSM_DETECT pass (finding FSMs in design).

2.7.2. Executing FSM_EXTRACT pass (extracting FSM from design).

2.7.3. Executing FSM_OPT pass (simple optimizations of FSMs).

2.7.4. Executing OPT_CLEAN pass (remove unused cells and wires).
Finding unused cells or wires in module \g09_already_balanced..

2.7.5. Executing FSM_OPT pass (simple optimizations of FSMs).

2.7.6. Executing FSM_RECODE pass (re-assigning FSM state encoding).

2.7.7. Executing FSM_INFO pass (dumping all available information on FSM cells).

2.7.8. Executing FSM_MAP pass (mapping FSMs to basic logic).

2.8. Executing OPT pass (performing simple optimizations).

2.8.1. Executing OPT_EXPR pass (perform const folding).
Optimizing module g09_already_balanced.

2.8.2. Executing OPT_MERGE pass (detect identical cells).
Finding identical cells in module `\g09_already_balanced'.
Computing hashes of 3 cells of `\g09_already_balanced'.
Finding duplicate cells in `\g09_already_balanced'.
Removed a total of 0 cells.

2.8.3. Executing OPT_MUXTREE pass (detect dead branches in mux trees).
Running muxtree optimizer on module \g09_already_balanced..
  Creating internal representation of mux trees.
  No muxes found in this module.
Removed 0 multiplexer ports.

2.8.4. Executing OPT_REDUCE pass (consolidate $*mux and $reduce_* inputs).
  Optimizing cells in module \g09_already_balanced.
Performed a total of 0 changes.

2.8.5. Executing OPT_MERGE pass (detect identical cells).
Finding identical cells in module `\g09_already_balanced'.
Computing hashes of 3 cells of `\g09_already_balanced'.
Finding duplicate cells in `\g09_already_balanced'.
Removed a total of 0 cells.

2.8.6. Executing OPT_DFF pass (perform DFF optimizations).

2.8.7. Executing OPT_CLEAN pass (remove unused cells and wires).
Finding unused cells or wires in module \g09_already_balanced..

2.8.8. Executing OPT_EXPR pass (perform const folding).
Optimizing module g09_already_balanced.

2.8.9. Finished fast OPT passes. (There is nothing left to do.)

2.9. Executing WREDUCE pass (reducing word size of cells).

2.10. Executing PEEPOPT pass (run peephole optimizers).

2.11. Executing OPT_CLEAN pass (remove unused cells and wires).
Finding unused cells or wires in module \g09_already_balanced..

2.12. Executing ALUMACC pass (create $alu and $macc cells).
Extracting $alu and $macc cells in module g09_already_balanced:
  creating $macc model for $add$experiments/plugin-abc-v1/cases/generated/g09_already_balanced.sv:5$3 ($add).
  creating $macc model for $add$experiments/plugin-abc-v1/cases/generated/g09_already_balanced.sv:5$2 ($add).
  creating $macc model for $add$experiments/plugin-abc-v1/cases/generated/g09_already_balanced.sv:5$1 ($add).
  merging $macc model for $add$experiments/plugin-abc-v1/cases/generated/g09_already_balanced.sv:5$1 into $add$experiments/plugin-abc-v1/cases/generated/g09_already_balanced.sv:5$3.
  merging $macc model for $add$experiments/plugin-abc-v1/cases/generated/g09_already_balanced.sv:5$2 into $add$experiments/plugin-abc-v1/cases/generated/g09_already_balanced.sv:5$3.
  creating $macc cell for $add$experiments/plugin-abc-v1/cases/generated/g09_already_balanced.sv:5$3: $auto$alumacc.cc:382:replace_macc$4
  created 0 $alu and 1 $macc cells.

2.13. Executing SHARE pass (SAT-based resource sharing).

2.14. Executing OPT pass (performing simple optimizations).

2.14.1. Executing OPT_EXPR pass (perform const folding).
Optimizing module g09_already_balanced.

2.14.2. Executing OPT_MERGE pass (detect identical cells).
Finding identical cells in module `\g09_already_balanced'.
Computing hashes of 3 cells of `\g09_already_balanced'.
Finding duplicate cells in `\g09_already_balanced'.
Removed a total of 0 cells.

2.14.3. Executing OPT_MUXTREE pass (detect dead branches in mux trees).
Running muxtree optimizer on module \g09_already_balanced..
  Creating internal representation of mux trees.
  No muxes found in this module.
Removed 0 multiplexer ports.

2.14.4. Executing OPT_REDUCE pass (consolidate $*mux and $reduce_* inputs).
  Optimizing cells in module \g09_already_balanced.
Performed a total of 0 changes.

2.14.5. Executing OPT_MERGE pass (detect identical cells).
Finding identical cells in module `\g09_already_balanced'.
Computing hashes of 3 cells of `\g09_already_balanced'.
Finding duplicate cells in `\g09_already_balanced'.
Removed a total of 0 cells.

2.14.6. Executing OPT_DFF pass (perform DFF optimizations).

2.14.7. Executing OPT_CLEAN pass (remove unused cells and wires).
Finding unused cells or wires in module \g09_already_balanced..
Removed 2 unused cells and 2 unused wires.
<suppressed ~3 debug messages>

2.14.8. Executing OPT_EXPR pass (perform const folding).
Optimizing module g09_already_balanced.

2.14.9. Rerunning OPT passes. (Maybe there is more to do..)

2.14.10. Executing OPT_MUXTREE pass (detect dead branches in mux trees).
Running muxtree optimizer on module \g09_already_balanced..
  Creating internal representation of mux trees.
  No muxes found in this module.
Removed 0 multiplexer ports.

2.14.11. Executing OPT_REDUCE pass (consolidate $*mux and $reduce_* inputs).
  Optimizing cells in module \g09_already_balanced.
Performed a total of 0 changes.

2.14.12. Executing OPT_MERGE pass (detect identical cells).
Finding identical cells in module `\g09_already_balanced'.
Computing hashes of 1 cells of `\g09_already_balanced'.
Finding duplicate cells in `\g09_already_balanced'.
Removed a total of 0 cells.

2.14.13. Executing OPT_DFF pass (perform DFF optimizations).

2.14.14. Executing OPT_CLEAN pass (remove unused cells and wires).
Finding unused cells or wires in module \g09_already_balanced..

2.14.15. Executing OPT_EXPR pass (perform const folding).
Optimizing module g09_already_balanced.

2.14.16. Finished fast OPT passes. (There is nothing left to do.)

2.15. Executing MEMORY pass.

2.15.1. Executing OPT_MEM pass (optimize memories).
Performed a total of 0 transformations.

2.15.2. Executing OPT_MEM_PRIORITY pass (removing unnecessary memory write priority relations).
Performed a total of 0 transformations.

2.15.3. Executing OPT_MEM_FEEDBACK pass (finding memory read-to-write feedback paths).

2.15.4. Executing MEMORY_BMUX2ROM pass (converting muxes to ROMs).

2.15.5. Executing MEMORY_DFF pass (merging $dff cells to $memrd).

2.15.6. Executing OPT_CLEAN pass (remove unused cells and wires).
Finding unused cells or wires in module \g09_already_balanced..

2.15.7. Executing MEMORY_SHARE pass (consolidating $memrd/$memwr cells).

2.15.8. Executing OPT_MEM_WIDEN pass (optimize memories where all ports are wide).
Performed a total of 0 transformations.

2.15.9. Executing OPT_CLEAN pass (remove unused cells and wires).
Finding unused cells or wires in module \g09_already_balanced..

2.15.10. Executing MEMORY_COLLECT pass (generating $mem cells).

2.16. Executing OPT_CLEAN pass (remove unused cells and wires).
Finding unused cells or wires in module \g09_already_balanced..

2.17. Executing OPT pass (performing simple optimizations).

2.17.1. Executing OPT_EXPR pass (perform const folding).
Optimizing module g09_already_balanced.

2.17.2. Executing OPT_MERGE pass (detect identical cells).
Finding identical cells in module `\g09_already_balanced'.
Computing hashes of 1 cells of `\g09_already_balanced'.
Finding duplicate cells in `\g09_already_balanced'.
Removed a total of 0 cells.

2.17.3. Executing OPT_DFF pass (perform DFF optimizations).

2.17.4. Executing OPT_CLEAN pass (remove unused cells and wires).
Finding unused cells or wires in module \g09_already_balanced..

2.17.5. Finished fast OPT passes.

2.18. Executing MEMORY_MAP pass (converting memories to logic and flip-flops).

2.19. Executing OPT pass (performing simple optimizations).

2.19.1. Executing OPT_EXPR pass (perform const folding).
Optimizing module g09_already_balanced.

2.19.2. Executing OPT_MERGE pass (detect identical cells).
Finding identical cells in module `\g09_already_balanced'.
Computing hashes of 1 cells of `\g09_already_balanced'.
Finding duplicate cells in `\g09_already_balanced'.
Removed a total of 0 cells.

2.19.3. Executing OPT_MUXTREE pass (detect dead branches in mux trees).
Running muxtree optimizer on module \g09_already_balanced..
  Creating internal representation of mux trees.
  No muxes found in this module.
Removed 0 multiplexer ports.

2.19.4. Executing OPT_REDUCE pass (consolidate $*mux and $reduce_* inputs).
  Optimizing cells in module \g09_already_balanced.
Performed a total of 0 changes.

2.19.5. Executing OPT_MERGE pass (detect identical cells).
Finding identical cells in module `\g09_already_balanced'.
Computing hashes of 1 cells of `\g09_already_balanced'.
Finding duplicate cells in `\g09_already_balanced'.
Removed a total of 0 cells.

2.19.6. Executing OPT_SHARE pass.

2.19.7. Executing OPT_DFF pass (perform DFF optimizations).

2.19.8. Executing OPT_CLEAN pass (remove unused cells and wires).
Finding unused cells or wires in module \g09_already_balanced..

2.19.9. Executing OPT_EXPR pass (perform const folding).
Optimizing module g09_already_balanced.

2.19.10. Finished fast OPT passes. (There is nothing left to do.)

2.20. Executing TECHMAP pass (map to technology primitives).

2.20.1. Executing Verilog-2005 frontend: /opt/homebrew/bin/../share/yosys/techmap.v
Parsing Verilog input from `/opt/homebrew/bin/../share/yosys/techmap.v' to AST representation.
Generating RTLIL representation for module `\_90_simplemap_bool_ops'.
Generating RTLIL representation for module `\_90_simplemap_reduce_ops'.
Generating RTLIL representation for module `\_90_simplemap_logic_ops'.
Generating RTLIL representation for module `\_90_simplemap_compare_ops'.
Generating RTLIL representation for module `\_90_simplemap_various'.
Generating RTLIL representation for module `\_90_simplemap_registers'.
Generating RTLIL representation for module `\_90_shift_ops_shr_shl_sshl_sshr'.
Generating RTLIL representation for module `\_90_shift_shiftx'.
Generating RTLIL representation for module `\_90_fa'.
Generating RTLIL representation for module `\_90_lcu_brent_kung'.
Generating RTLIL representation for module `\_90_alu'.
Generating RTLIL representation for module `\_90_macc'.
Generating RTLIL representation for module `\_90_alumacc'.
Generating RTLIL representation for module `$__div_mod_u'.
Generating RTLIL representation for module `$__div_mod_trunc'.
Generating RTLIL representation for module `\_90_div'.
Generating RTLIL representation for module `\_90_mod'.
Generating RTLIL representation for module `$__div_mod_floor'.
Generating RTLIL representation for module `\_90_divfloor'.
Generating RTLIL representation for module `\_90_modfloor'.
Generating RTLIL representation for module `\_90_pow'.
Generating RTLIL representation for module `\_90_pmux'.
Generating RTLIL representation for module `\_90_demux'.
Generating RTLIL representation for module `\_90_lut'.
Generating RTLIL representation for module `$connect'.
Generating RTLIL representation for module `$input_port'.
Successfully finished Verilog frontend.

2.20.2. Continuing TECHMAP pass.
Using extmapper maccmap for cells of type $macc_v2.
  add \a (32 bits, unsigned)
  add \c (32 bits, unsigned)
  add \b (32 bits, unsigned)
  add \d (32 bits, unsigned)
Using template $paramod\_90_fa\WIDTH=32'00000000000000000000000000100000 for cells of type $fa.
Using template $paramod$fbc7873bff55778c0b3173955b7e4bce1d9d6834\_90_alu for cells of type $alu.
Using extmapper simplemap for cells of type $or.
Using extmapper simplemap for cells of type $xor.
Using extmapper simplemap for cells of type $and.
Using template $paramod\_90_lcu_brent_kung\WIDTH=32'00000000000000000000000000100000 for cells of type $lcu.
Using extmapper simplemap for cells of type $pos.
Using extmapper simplemap for cells of type $mux.
Using extmapper simplemap for cells of type $not.
No more expansions possible.
<suppressed ~414 debug messages>

2.21. Executing OPT pass (performing simple optimizations).

2.21.1. Executing OPT_EXPR pass (perform const folding).
Optimizing module g09_already_balanced.
<suppressed ~141 debug messages>

2.21.2. Executing OPT_MERGE pass (detect identical cells).
Finding identical cells in module `\g09_already_balanced'.
Computing hashes of 578 cells of `\g09_already_balanced'.
Finding duplicate cells in `\g09_already_balanced'.
Removed a total of 0 cells.

2.21.3. Executing OPT_DFF pass (perform DFF optimizations).

2.21.4. Executing OPT_CLEAN pass (remove unused cells and wires).
Finding unused cells or wires in module \g09_already_balanced..
Removed 52 unused cells and 74 unused wires.
<suppressed ~53 debug messages>

2.21.5. Finished fast OPT passes.

2.22. Executing ABC pass (technology mapping using ABC).

2.22.1. Extracting gate netlist of module `\g09_already_balanced' to `<abc-temp-dir>/input.blif'..

2.22.1.1. Executed ABC.
Extracted 526 gates and 654 wires to a netlist network with 128 inputs and 32 outputs.
Running ABC script: <abc-temp-dir>/abc.script
ABC: ======== ABC command line "source <abc-temp-dir>/abc.script"
ABC: + read_blif <abc-temp-dir>/input.blif 
ABC: + read_library <abc-temp-dir>/stdcells.genlib 
ABC: + strash 
ABC: + dretime 
ABC: + map 
ABC: + write_blif <abc-temp-dir>/output.blif 

2.22.1.2. Re-integrating ABC results.
ABC RESULTS:               AND cells:        1
ABC RESULTS:            ANDNOT cells:      199
ABC RESULTS:              NAND cells:       31
ABC RESULTS:               NOR cells:       31
ABC RESULTS:               NOT cells:        1
ABC RESULTS:                OR cells:       45
ABC RESULTS:             ORNOT cells:       31
ABC RESULTS:              XNOR cells:       83
ABC RESULTS:               XOR cells:      105
ABC RESULTS:        internal signals:      494
ABC RESULTS:           input signals:      128
ABC RESULTS:          output signals:       32
Removing temp directory.
Removing global temp directory.

2.23. Executing OPT pass (performing simple optimizations).

2.23.1. Executing OPT_EXPR pass (perform const folding).
Optimizing module g09_already_balanced.

2.23.2. Executing OPT_MERGE pass (detect identical cells).
Finding identical cells in module `\g09_already_balanced'.
Computing hashes of 527 cells of `\g09_already_balanced'.
Finding duplicate cells in `\g09_already_balanced'.
Removed a total of 0 cells.

2.23.3. Executing OPT_DFF pass (perform DFF optimizations).

2.23.4. Executing OPT_CLEAN pass (remove unused cells and wires).
Finding unused cells or wires in module \g09_already_balanced..
Removed 0 unused cells and 268 unused wires.
<suppressed ~1 debug messages>

2.23.5. Finished fast OPT passes.

2.24. Executing HIERARCHY pass (managing design hierarchy).
Attribute `top' found on module `g09_already_balanced'. Setting top module to g09_already_balanced.

2.24.1. Analyzing design hierarchy..
Top module:  \g09_already_balanced

2.24.2. Analyzing design hierarchy..
Top module:  \g09_already_balanced
Removed 0 unused modules.

2.25. Printing statistics.

=== g09_already_balanced ===

        +----------Local Count, excluding submodules.
        | 
      500 wires
      655 wire bits
        5 public wires
      160 public wire bits
        5 ports
      160 port bits
      527 cells
      199   $_ANDNOT_
        1   $_AND_
       31   $_NAND_
       31   $_NOR_
        1   $_NOT_
       31   $_ORNOT_
       45   $_OR_
       83   $_XNOR_
      105   $_XOR_

2.26. Executing CHECK pass (checking for obvious problems).
Checking module g09_already_balanced...
Found and reported 0 problems.

3. Executing CHECK pass (checking for obvious problems).
Checking module g09_already_balanced...
Found and reported 0 problems.

4. Printing statistics.

=== g09_already_balanced ===

        +----------Local Count, excluding submodules.
        | 
      500 wires
      655 wire bits
        5 public wires
      160 public wire bits
        5 ports
      160 port bits
      527 cells
      199   $_ANDNOT_
        1   $_AND_
       31   $_NAND_
       31   $_NOR_
        1   $_NOT_
       31   $_ORNOT_
       45   $_OR_
       83   $_XNOR_
      105   $_XOR_

End of script. Logfile hash: 3cae20abd7, CPU: user 0.12s system 0.02s, MEM: 19.84 MB peak
Yosys 0.63 (git sha1 70a11c6bf0e8dd669f56c7da3587f78b405138e2, clang++ 17.0.0 -fPIC -O3)
Time spent: 41% 1x abc (0 sec), 13% 1x techmap (0 sec), ...
