
 /----------------------------------------------------------------------------\
 |  yosys -- Yosys Open SYnthesis Suite                                       |
 |  Copyright (C) 2012 - 2026  Claire Xenia Wolf <claire@yosyshq.com>         |
 |  Distributed under an ISC-like license, type "license" to see terms        |
 \----------------------------------------------------------------------------/
 Yosys 0.63 (git sha1 70a11c6bf0e8dd669f56c7da3587f78b405138e2, clang++ 17.0.0 -fPIC -O3)

-- Running command `read_verilog -sv corpus/upstream/verilog-axis/rtl/axis_register.v; hierarchy -check -top axis_register; synth -top axis_register; check -assert; stat' --

1. Executing Verilog-2005 frontend: corpus/upstream/verilog-axis/rtl/axis_register.v
Parsing SystemVerilog input from `corpus/upstream/verilog-axis/rtl/axis_register.v' to AST representation.
Generating RTLIL representation for module `\axis_register'.
Successfully finished Verilog frontend.

2. Executing HIERARCHY pass (managing design hierarchy).

2.1. Analyzing design hierarchy..
Top module:  \axis_register

2.2. Analyzing design hierarchy..
Top module:  \axis_register
Removed 0 unused modules.

3. Executing SYNTH pass.

3.1. Executing HIERARCHY pass (managing design hierarchy).

3.1.1. Analyzing design hierarchy..
Top module:  \axis_register

3.1.2. Analyzing design hierarchy..
Top module:  \axis_register
Removed 0 unused modules.

3.2. Executing PROC pass (convert processes to netlists).

3.2.1. Executing PROC_CLEAN pass (remove empty switches from decision trees).
Cleaned up 0 empty switches.

3.2.2. Executing PROC_RMDEAD pass (remove dead branches from decision trees).
Marked 1 switch rules as full_case in process $proc$corpus/upstream/verilog-axis/rtl/axis_register.v:159$10 in module axis_register.
Marked 3 switch rules as full_case in process $proc$corpus/upstream/verilog-axis/rtl/axis_register.v:131$7 in module axis_register.
Removed a total of 0 dead cases.

3.2.3. Executing PROC_PRUNE pass (remove redundant assignments in processes).
Removed 0 redundant assignments.
Promoted 20 assignments to connections.

3.2.4. Executing PROC_INIT pass (extract init attributes).
Found init rule in `\axis_register.$proc$corpus/upstream/verilog-axis/rtl/axis_register.v:111$25'.
  Set init value: \genblk1.temp_m_axis_tuser_reg = 1'0
Found init rule in `\axis_register.$proc$corpus/upstream/verilog-axis/rtl/axis_register.v:110$24'.
  Set init value: \genblk1.temp_m_axis_tdest_reg = 8'00000000
Found init rule in `\axis_register.$proc$corpus/upstream/verilog-axis/rtl/axis_register.v:109$23'.
  Set init value: \genblk1.temp_m_axis_tid_reg = 8'00000000
Found init rule in `\axis_register.$proc$corpus/upstream/verilog-axis/rtl/axis_register.v:108$22'.
  Set init value: \genblk1.temp_m_axis_tlast_reg = 1'0
Found init rule in `\axis_register.$proc$corpus/upstream/verilog-axis/rtl/axis_register.v:107$21'.
  Set init value: \genblk1.temp_m_axis_tvalid_reg = 1'0
Found init rule in `\axis_register.$proc$corpus/upstream/verilog-axis/rtl/axis_register.v:106$20'.
  Set init value: \genblk1.temp_m_axis_tkeep_reg = 1'0
Found init rule in `\axis_register.$proc$corpus/upstream/verilog-axis/rtl/axis_register.v:105$19'.
  Set init value: \genblk1.temp_m_axis_tdata_reg = 8'00000000
Found init rule in `\axis_register.$proc$corpus/upstream/verilog-axis/rtl/axis_register.v:103$18'.
  Set init value: \genblk1.m_axis_tuser_reg = 1'0
Found init rule in `\axis_register.$proc$corpus/upstream/verilog-axis/rtl/axis_register.v:102$17'.
  Set init value: \genblk1.m_axis_tdest_reg = 8'00000000
Found init rule in `\axis_register.$proc$corpus/upstream/verilog-axis/rtl/axis_register.v:101$16'.
  Set init value: \genblk1.m_axis_tid_reg = 8'00000000
Found init rule in `\axis_register.$proc$corpus/upstream/verilog-axis/rtl/axis_register.v:100$15'.
  Set init value: \genblk1.m_axis_tlast_reg = 1'0
Found init rule in `\axis_register.$proc$corpus/upstream/verilog-axis/rtl/axis_register.v:99$14'.
  Set init value: \genblk1.m_axis_tvalid_reg = 1'0
Found init rule in `\axis_register.$proc$corpus/upstream/verilog-axis/rtl/axis_register.v:98$13'.
  Set init value: \genblk1.m_axis_tkeep_reg = 1'0
Found init rule in `\axis_register.$proc$corpus/upstream/verilog-axis/rtl/axis_register.v:97$12'.
  Set init value: \genblk1.m_axis_tdata_reg = 8'00000000
Found init rule in `\axis_register.$proc$corpus/upstream/verilog-axis/rtl/axis_register.v:95$11'.
  Set init value: \genblk1.s_axis_tready_reg = 1'0

3.2.5. Executing PROC_ARST pass (detect async resets in processes).

3.2.6. Executing PROC_ROM pass (convert switches to ROMs).
Converted 0 switches.
<suppressed ~7 debug messages>

3.2.7. Executing PROC_MUX pass (convert decision trees to multiplexers).
Creating decoders for process `\axis_register.$proc$corpus/upstream/verilog-axis/rtl/axis_register.v:111$25'.
Creating decoders for process `\axis_register.$proc$corpus/upstream/verilog-axis/rtl/axis_register.v:110$24'.
Creating decoders for process `\axis_register.$proc$corpus/upstream/verilog-axis/rtl/axis_register.v:109$23'.
Creating decoders for process `\axis_register.$proc$corpus/upstream/verilog-axis/rtl/axis_register.v:108$22'.
Creating decoders for process `\axis_register.$proc$corpus/upstream/verilog-axis/rtl/axis_register.v:107$21'.
Creating decoders for process `\axis_register.$proc$corpus/upstream/verilog-axis/rtl/axis_register.v:106$20'.
Creating decoders for process `\axis_register.$proc$corpus/upstream/verilog-axis/rtl/axis_register.v:105$19'.
Creating decoders for process `\axis_register.$proc$corpus/upstream/verilog-axis/rtl/axis_register.v:103$18'.
Creating decoders for process `\axis_register.$proc$corpus/upstream/verilog-axis/rtl/axis_register.v:102$17'.
Creating decoders for process `\axis_register.$proc$corpus/upstream/verilog-axis/rtl/axis_register.v:101$16'.
Creating decoders for process `\axis_register.$proc$corpus/upstream/verilog-axis/rtl/axis_register.v:100$15'.
Creating decoders for process `\axis_register.$proc$corpus/upstream/verilog-axis/rtl/axis_register.v:99$14'.
Creating decoders for process `\axis_register.$proc$corpus/upstream/verilog-axis/rtl/axis_register.v:98$13'.
Creating decoders for process `\axis_register.$proc$corpus/upstream/verilog-axis/rtl/axis_register.v:97$12'.
Creating decoders for process `\axis_register.$proc$corpus/upstream/verilog-axis/rtl/axis_register.v:95$11'.
Creating decoders for process `\axis_register.$proc$corpus/upstream/verilog-axis/rtl/axis_register.v:159$10'.
     1/15: $0\genblk1.temp_m_axis_tvalid_reg[0:0]
     2/15: $0\genblk1.m_axis_tvalid_reg[0:0]
     3/15: $0\genblk1.s_axis_tready_reg[0:0]
     4/15: $0\genblk1.temp_m_axis_tuser_reg[0:0]
     5/15: $0\genblk1.temp_m_axis_tdest_reg[7:0]
     6/15: $0\genblk1.temp_m_axis_tid_reg[7:0]
     7/15: $0\genblk1.temp_m_axis_tlast_reg[0:0]
     8/15: $0\genblk1.temp_m_axis_tkeep_reg[0:0]
     9/15: $0\genblk1.temp_m_axis_tdata_reg[7:0]
    10/15: $0\genblk1.m_axis_tuser_reg[0:0]
    11/15: $0\genblk1.m_axis_tdest_reg[7:0]
    12/15: $0\genblk1.m_axis_tid_reg[7:0]
    13/15: $0\genblk1.m_axis_tlast_reg[0:0]
    14/15: $0\genblk1.m_axis_tkeep_reg[0:0]
    15/15: $0\genblk1.m_axis_tdata_reg[7:0]
Creating decoders for process `\axis_register.$proc$corpus/upstream/verilog-axis/rtl/axis_register.v:131$7'.
     1/12: $2\genblk1.store_axis_temp_to_output[0:0]
     2/12: $3\genblk1.temp_m_axis_tvalid_next[0:0]
     3/12: $3\genblk1.m_axis_tvalid_next[0:0]
     4/12: $2\genblk1.store_axis_input_to_output[0:0]
     5/12: $2\genblk1.m_axis_tvalid_next[0:0]
     6/12: $2\genblk1.store_axis_input_to_temp[0:0]
     7/12: $2\genblk1.temp_m_axis_tvalid_next[0:0]
     8/12: $1\genblk1.store_axis_input_to_temp[0:0]
     9/12: $1\genblk1.store_axis_input_to_output[0:0]
    10/12: $1\genblk1.temp_m_axis_tvalid_next[0:0]
    11/12: $1\genblk1.m_axis_tvalid_next[0:0]
    12/12: $1\genblk1.store_axis_temp_to_output[0:0]

3.2.8. Executing PROC_DLATCH pass (convert process syncs to latches).
No latch inferred for signal `\axis_register.\genblk1.m_axis_tvalid_next' from process `\axis_register.$proc$corpus/upstream/verilog-axis/rtl/axis_register.v:131$7'.
No latch inferred for signal `\axis_register.\genblk1.temp_m_axis_tvalid_next' from process `\axis_register.$proc$corpus/upstream/verilog-axis/rtl/axis_register.v:131$7'.
No latch inferred for signal `\axis_register.\genblk1.store_axis_input_to_output' from process `\axis_register.$proc$corpus/upstream/verilog-axis/rtl/axis_register.v:131$7'.
No latch inferred for signal `\axis_register.\genblk1.store_axis_input_to_temp' from process `\axis_register.$proc$corpus/upstream/verilog-axis/rtl/axis_register.v:131$7'.
No latch inferred for signal `\axis_register.\genblk1.store_axis_temp_to_output' from process `\axis_register.$proc$corpus/upstream/verilog-axis/rtl/axis_register.v:131$7'.

3.2.9. Executing PROC_DFF pass (convert process syncs to FFs).
Creating register for signal `\axis_register.\genblk1.s_axis_tready_reg' using process `\axis_register.$proc$corpus/upstream/verilog-axis/rtl/axis_register.v:159$10'.
  created $dff cell `$procdff$131' with positive edge clock.
Creating register for signal `\axis_register.\genblk1.m_axis_tdata_reg' using process `\axis_register.$proc$corpus/upstream/verilog-axis/rtl/axis_register.v:159$10'.
  created $dff cell `$procdff$132' with positive edge clock.
Creating register for signal `\axis_register.\genblk1.m_axis_tkeep_reg' using process `\axis_register.$proc$corpus/upstream/verilog-axis/rtl/axis_register.v:159$10'.
  created $dff cell `$procdff$133' with positive edge clock.
Creating register for signal `\axis_register.\genblk1.m_axis_tvalid_reg' using process `\axis_register.$proc$corpus/upstream/verilog-axis/rtl/axis_register.v:159$10'.
  created $dff cell `$procdff$134' with positive edge clock.
Creating register for signal `\axis_register.\genblk1.m_axis_tlast_reg' using process `\axis_register.$proc$corpus/upstream/verilog-axis/rtl/axis_register.v:159$10'.
  created $dff cell `$procdff$135' with positive edge clock.
Creating register for signal `\axis_register.\genblk1.m_axis_tid_reg' using process `\axis_register.$proc$corpus/upstream/verilog-axis/rtl/axis_register.v:159$10'.
  created $dff cell `$procdff$136' with positive edge clock.
Creating register for signal `\axis_register.\genblk1.m_axis_tdest_reg' using process `\axis_register.$proc$corpus/upstream/verilog-axis/rtl/axis_register.v:159$10'.
  created $dff cell `$procdff$137' with positive edge clock.
Creating register for signal `\axis_register.\genblk1.m_axis_tuser_reg' using process `\axis_register.$proc$corpus/upstream/verilog-axis/rtl/axis_register.v:159$10'.
  created $dff cell `$procdff$138' with positive edge clock.
Creating register for signal `\axis_register.\genblk1.temp_m_axis_tdata_reg' using process `\axis_register.$proc$corpus/upstream/verilog-axis/rtl/axis_register.v:159$10'.
  created $dff cell `$procdff$139' with positive edge clock.
Creating register for signal `\axis_register.\genblk1.temp_m_axis_tkeep_reg' using process `\axis_register.$proc$corpus/upstream/verilog-axis/rtl/axis_register.v:159$10'.
  created $dff cell `$procdff$140' with positive edge clock.
Creating register for signal `\axis_register.\genblk1.temp_m_axis_tvalid_reg' using process `\axis_register.$proc$corpus/upstream/verilog-axis/rtl/axis_register.v:159$10'.
  created $dff cell `$procdff$141' with positive edge clock.
Creating register for signal `\axis_register.\genblk1.temp_m_axis_tlast_reg' using process `\axis_register.$proc$corpus/upstream/verilog-axis/rtl/axis_register.v:159$10'.
  created $dff cell `$procdff$142' with positive edge clock.
Creating register for signal `\axis_register.\genblk1.temp_m_axis_tid_reg' using process `\axis_register.$proc$corpus/upstream/verilog-axis/rtl/axis_register.v:159$10'.
  created $dff cell `$procdff$143' with positive edge clock.
Creating register for signal `\axis_register.\genblk1.temp_m_axis_tdest_reg' using process `\axis_register.$proc$corpus/upstream/verilog-axis/rtl/axis_register.v:159$10'.
  created $dff cell `$procdff$144' with positive edge clock.
Creating register for signal `\axis_register.\genblk1.temp_m_axis_tuser_reg' using process `\axis_register.$proc$corpus/upstream/verilog-axis/rtl/axis_register.v:159$10'.
  created $dff cell `$procdff$145' with positive edge clock.

3.2.10. Executing PROC_MEMWR pass (convert process memory writes to cells).

3.2.11. Executing PROC_CLEAN pass (remove empty switches from decision trees).
Removing empty process `axis_register.$proc$corpus/upstream/verilog-axis/rtl/axis_register.v:111$25'.
Removing empty process `axis_register.$proc$corpus/upstream/verilog-axis/rtl/axis_register.v:110$24'.
Removing empty process `axis_register.$proc$corpus/upstream/verilog-axis/rtl/axis_register.v:109$23'.
Removing empty process `axis_register.$proc$corpus/upstream/verilog-axis/rtl/axis_register.v:108$22'.
Removing empty process `axis_register.$proc$corpus/upstream/verilog-axis/rtl/axis_register.v:107$21'.
Removing empty process `axis_register.$proc$corpus/upstream/verilog-axis/rtl/axis_register.v:106$20'.
Removing empty process `axis_register.$proc$corpus/upstream/verilog-axis/rtl/axis_register.v:105$19'.
Removing empty process `axis_register.$proc$corpus/upstream/verilog-axis/rtl/axis_register.v:103$18'.
Removing empty process `axis_register.$proc$corpus/upstream/verilog-axis/rtl/axis_register.v:102$17'.
Removing empty process `axis_register.$proc$corpus/upstream/verilog-axis/rtl/axis_register.v:101$16'.
Removing empty process `axis_register.$proc$corpus/upstream/verilog-axis/rtl/axis_register.v:100$15'.
Removing empty process `axis_register.$proc$corpus/upstream/verilog-axis/rtl/axis_register.v:99$14'.
Removing empty process `axis_register.$proc$corpus/upstream/verilog-axis/rtl/axis_register.v:98$13'.
Removing empty process `axis_register.$proc$corpus/upstream/verilog-axis/rtl/axis_register.v:97$12'.
Removing empty process `axis_register.$proc$corpus/upstream/verilog-axis/rtl/axis_register.v:95$11'.
Found and cleaned up 4 empty switches in `\axis_register.$proc$corpus/upstream/verilog-axis/rtl/axis_register.v:159$10'.
Removing empty process `axis_register.$proc$corpus/upstream/verilog-axis/rtl/axis_register.v:159$10'.
Found and cleaned up 3 empty switches in `\axis_register.$proc$corpus/upstream/verilog-axis/rtl/axis_register.v:131$7'.
Removing empty process `axis_register.$proc$corpus/upstream/verilog-axis/rtl/axis_register.v:131$7'.
Cleaned up 7 empty switches.

3.2.12. Executing OPT_EXPR pass (perform const folding).
Optimizing module axis_register.

3.3. Executing OPT_EXPR pass (perform const folding).
Optimizing module axis_register.

3.4. Executing OPT_CLEAN pass (remove unused cells and wires).
Finding unused cells or wires in module \axis_register..
Removed 15 unused cells and 108 unused wires.
<suppressed ~22 debug messages>

3.5. Executing CHECK pass (checking for obvious problems).
Checking module axis_register...
Found and reported 0 problems.

3.6. Executing OPT pass (performing simple optimizations).

3.6.1. Executing OPT_EXPR pass (perform const folding).
Optimizing module axis_register.

3.6.2. Executing OPT_MERGE pass (detect identical cells).
Finding identical cells in module `\axis_register'.
Computing hashes of 48 cells of `\axis_register'.
Finding duplicate cells in `\axis_register'.
Computing hashes of 47 cells of `\axis_register'.
Finding duplicate cells in `\axis_register'.
<suppressed ~3 debug messages>
Removed a total of 1 cells.

3.6.3. Executing OPT_MUXTREE pass (detect dead branches in mux trees).
Running muxtree optimizer on module \axis_register..
  Creating internal representation of mux trees.
  Evaluating internal representation of mux trees.
  Analyzing evaluation results.
    dead port 2/2 on $mux $procmux$114.
    dead port 2/2 on $mux $procmux$108.
    dead port 2/2 on $mux $procmux$102.
    dead port 2/2 on $mux $procmux$96.
    dead port 1/2 on $mux $procmux$90.
    dead port 1/2 on $mux $procmux$84.
    dead port 1/2 on $mux $procmux$78.
Removed 7 multiplexer ports.
<suppressed ~43 debug messages>

3.6.4. Executing OPT_REDUCE pass (consolidate $*mux and $reduce_* inputs).
  Optimizing cells in module \axis_register.
Performed a total of 0 changes.

3.6.5. Executing OPT_MERGE pass (detect identical cells).
Finding identical cells in module `\axis_register'.
Computing hashes of 40 cells of `\axis_register'.
Finding duplicate cells in `\axis_register'.
Removed a total of 0 cells.

3.6.6. Executing OPT_DFF pass (perform DFF optimizations).

3.6.7. Executing OPT_CLEAN pass (remove unused cells and wires).
Finding unused cells or wires in module \axis_register..
Removed 0 unused cells and 8 unused wires.
<suppressed ~1 debug messages>

3.6.8. Executing OPT_EXPR pass (perform const folding).
Optimizing module axis_register.

3.6.9. Rerunning OPT passes. (Maybe there is more to do..)

3.6.10. Executing OPT_MUXTREE pass (detect dead branches in mux trees).
Running muxtree optimizer on module \axis_register..
  Creating internal representation of mux trees.
  Evaluating internal representation of mux trees.
  Analyzing evaluation results.
Removed 0 multiplexer ports.
<suppressed ~36 debug messages>

3.6.11. Executing OPT_REDUCE pass (consolidate $*mux and $reduce_* inputs).
  Optimizing cells in module \axis_register.
Performed a total of 0 changes.

3.6.12. Executing OPT_MERGE pass (detect identical cells).
Finding identical cells in module `\axis_register'.
Computing hashes of 40 cells of `\axis_register'.
Finding duplicate cells in `\axis_register'.
Removed a total of 0 cells.

3.6.13. Executing OPT_DFF pass (perform DFF optimizations).

3.6.14. Executing OPT_CLEAN pass (remove unused cells and wires).
Finding unused cells or wires in module \axis_register..

3.6.15. Executing OPT_EXPR pass (perform const folding).
Optimizing module axis_register.

3.6.16. Finished fast OPT passes. (There is nothing left to do.)

3.7. Executing FSM pass (extract and optimize FSM).

3.7.1. Executing FSM_DETECT pass (finding FSMs in design).

3.7.2. Executing FSM_EXTRACT pass (extracting FSM from design).

3.7.3. Executing FSM_OPT pass (simple optimizations of FSMs).

3.7.4. Executing OPT_CLEAN pass (remove unused cells and wires).
Finding unused cells or wires in module \axis_register..

3.7.5. Executing FSM_OPT pass (simple optimizations of FSMs).

3.7.6. Executing FSM_RECODE pass (re-assigning FSM state encoding).

3.7.7. Executing FSM_INFO pass (dumping all available information on FSM cells).

3.7.8. Executing FSM_MAP pass (mapping FSMs to basic logic).

3.8. Executing OPT pass (performing simple optimizations).

3.8.1. Executing OPT_EXPR pass (perform const folding).
Optimizing module axis_register.

3.8.2. Executing OPT_MERGE pass (detect identical cells).
Finding identical cells in module `\axis_register'.
Computing hashes of 40 cells of `\axis_register'.
Finding duplicate cells in `\axis_register'.
Removed a total of 0 cells.

3.8.3. Executing OPT_MUXTREE pass (detect dead branches in mux trees).
Running muxtree optimizer on module \axis_register..
  Creating internal representation of mux trees.
  Evaluating internal representation of mux trees.
  Analyzing evaluation results.
Removed 0 multiplexer ports.
<suppressed ~36 debug messages>

3.8.4. Executing OPT_REDUCE pass (consolidate $*mux and $reduce_* inputs).
  Optimizing cells in module \axis_register.
Performed a total of 0 changes.

3.8.5. Executing OPT_MERGE pass (detect identical cells).
Finding identical cells in module `\axis_register'.
Computing hashes of 40 cells of `\axis_register'.
Finding duplicate cells in `\axis_register'.
Removed a total of 0 cells.

3.8.6. Executing OPT_DFF pass (perform DFF optimizations).
Adding EN signal on $procdff$145 ($dff) from module axis_register (D = \s_axis_tuser, Q = \genblk1.temp_m_axis_tuser_reg).
Adding SRST signal on $procdff$131 ($dff) from module axis_register (D = \genblk1.s_axis_tready_early, Q = \genblk1.s_axis_tready_reg, rval = 1'0).
Adding EN signal on $procdff$132 ($dff) from module axis_register (D = $0\genblk1.m_axis_tdata_reg[7:0], Q = \genblk1.m_axis_tdata_reg).
Adding EN signal on $procdff$142 ($dff) from module axis_register (D = \s_axis_tlast, Q = \genblk1.temp_m_axis_tlast_reg).
Adding SRST signal on $procdff$141 ($dff) from module axis_register (D = \genblk1.temp_m_axis_tvalid_next, Q = \genblk1.temp_m_axis_tvalid_reg, rval = 1'0).
Adding EN signal on $auto$ff.cc:337:slice$152 ($sdff) from module axis_register (D = \genblk1.temp_m_axis_tvalid_next, Q = \genblk1.temp_m_axis_tvalid_reg).
Adding EN signal on $procdff$135 ($dff) from module axis_register (D = $0\genblk1.m_axis_tlast_reg[0:0], Q = \genblk1.m_axis_tlast_reg).
Adding EN signal on $procdff$139 ($dff) from module axis_register (D = \s_axis_tdata, Q = \genblk1.temp_m_axis_tdata_reg).
Adding EN signal on $procdff$138 ($dff) from module axis_register (D = $0\genblk1.m_axis_tuser_reg[0:0], Q = \genblk1.m_axis_tuser_reg).
Adding SRST signal on $procdff$134 ($dff) from module axis_register (D = \genblk1.m_axis_tvalid_next, Q = \genblk1.m_axis_tvalid_reg, rval = 1'0).
Adding EN signal on $auto$ff.cc:337:slice$167 ($sdff) from module axis_register (D = \genblk1.m_axis_tvalid_next, Q = \genblk1.m_axis_tvalid_reg).

3.8.7. Executing OPT_CLEAN pass (remove unused cells and wires).
Finding unused cells or wires in module \axis_register..
Removed 6 unused cells and 6 unused wires.
<suppressed ~7 debug messages>

3.8.8. Executing OPT_EXPR pass (perform const folding).
Optimizing module axis_register.
<suppressed ~5 debug messages>

3.8.9. Rerunning OPT passes. (Maybe there is more to do..)

3.8.10. Executing OPT_MUXTREE pass (detect dead branches in mux trees).
Running muxtree optimizer on module \axis_register..
  Creating internal representation of mux trees.
  Evaluating internal representation of mux trees.
  Analyzing evaluation results.
Removed 0 multiplexer ports.
<suppressed ~26 debug messages>

3.8.11. Executing OPT_REDUCE pass (consolidate $*mux and $reduce_* inputs).
  Optimizing cells in module \axis_register.
Performed a total of 0 changes.

3.8.12. Executing OPT_MERGE pass (detect identical cells).
Finding identical cells in module `\axis_register'.
Computing hashes of 43 cells of `\axis_register'.
Finding duplicate cells in `\axis_register'.
Computing hashes of 40 cells of `\axis_register'.
Finding duplicate cells in `\axis_register'.
<suppressed ~9 debug messages>
Removed a total of 3 cells.

3.8.13. Executing OPT_DFF pass (perform DFF optimizations).

3.8.14. Executing OPT_CLEAN pass (remove unused cells and wires).
Finding unused cells or wires in module \axis_register..
Removed 0 unused cells and 3 unused wires.
<suppressed ~1 debug messages>

3.8.15. Executing OPT_EXPR pass (perform const folding).
Optimizing module axis_register.

3.8.16. Rerunning OPT passes. (Maybe there is more to do..)

3.8.17. Executing OPT_MUXTREE pass (detect dead branches in mux trees).
Running muxtree optimizer on module \axis_register..
  Creating internal representation of mux trees.
  Evaluating internal representation of mux trees.
  Analyzing evaluation results.
Removed 0 multiplexer ports.
<suppressed ~26 debug messages>

3.8.18. Executing OPT_REDUCE pass (consolidate $*mux and $reduce_* inputs).
  Optimizing cells in module \axis_register.
Performed a total of 0 changes.

3.8.19. Executing OPT_MERGE pass (detect identical cells).
Finding identical cells in module `\axis_register'.
Computing hashes of 40 cells of `\axis_register'.
Finding duplicate cells in `\axis_register'.
Removed a total of 0 cells.

3.8.20. Executing OPT_DFF pass (perform DFF optimizations).

3.8.21. Executing OPT_CLEAN pass (remove unused cells and wires).
Finding unused cells or wires in module \axis_register..

3.8.22. Executing OPT_EXPR pass (perform const folding).
Optimizing module axis_register.

3.8.23. Finished fast OPT passes. (There is nothing left to do.)

3.9. Executing WREDUCE pass (reducing word size of cells).
Removed top 1 bits (of 2) from port B of cell axis_register.$auto$opt_dff.cc:235:make_patterns_logic$172 ($ne).

3.10. Executing PEEPOPT pass (run peephole optimizers).

3.11. Executing OPT_CLEAN pass (remove unused cells and wires).
Finding unused cells or wires in module \axis_register..

3.12. Executing ALUMACC pass (create $alu and $macc cells).
Extracting $alu and $macc cells in module axis_register:
  created 0 $alu and 0 $macc cells.

3.13. Executing SHARE pass (SAT-based resource sharing).

3.14. Executing OPT pass (performing simple optimizations).

3.14.1. Executing OPT_EXPR pass (perform const folding).
Optimizing module axis_register.

3.14.2. Executing OPT_MERGE pass (detect identical cells).
Finding identical cells in module `\axis_register'.
Computing hashes of 40 cells of `\axis_register'.
Finding duplicate cells in `\axis_register'.
Removed a total of 0 cells.

3.14.3. Executing OPT_MUXTREE pass (detect dead branches in mux trees).
Running muxtree optimizer on module \axis_register..
  Creating internal representation of mux trees.
  Evaluating internal representation of mux trees.
  Analyzing evaluation results.
Removed 0 multiplexer ports.
<suppressed ~26 debug messages>

3.14.4. Executing OPT_REDUCE pass (consolidate $*mux and $reduce_* inputs).
  Optimizing cells in module \axis_register.
Performed a total of 0 changes.

3.14.5. Executing OPT_MERGE pass (detect identical cells).
Finding identical cells in module `\axis_register'.
Computing hashes of 40 cells of `\axis_register'.
Finding duplicate cells in `\axis_register'.
Removed a total of 0 cells.

3.14.6. Executing OPT_DFF pass (perform DFF optimizations).

3.14.7. Executing OPT_CLEAN pass (remove unused cells and wires).
Finding unused cells or wires in module \axis_register..

3.14.8. Executing OPT_EXPR pass (perform const folding).
Optimizing module axis_register.

3.14.9. Finished fast OPT passes. (There is nothing left to do.)

3.15. Executing MEMORY pass.

3.15.1. Executing OPT_MEM pass (optimize memories).
Performed a total of 0 transformations.

3.15.2. Executing OPT_MEM_PRIORITY pass (removing unnecessary memory write priority relations).
Performed a total of 0 transformations.

3.15.3. Executing OPT_MEM_FEEDBACK pass (finding memory read-to-write feedback paths).

3.15.4. Executing MEMORY_BMUX2ROM pass (converting muxes to ROMs).

3.15.5. Executing MEMORY_DFF pass (merging $dff cells to $memrd).

3.15.6. Executing OPT_CLEAN pass (remove unused cells and wires).
Finding unused cells or wires in module \axis_register..

3.15.7. Executing MEMORY_SHARE pass (consolidating $memrd/$memwr cells).

3.15.8. Executing OPT_MEM_WIDEN pass (optimize memories where all ports are wide).
Performed a total of 0 transformations.

3.15.9. Executing OPT_CLEAN pass (remove unused cells and wires).
Finding unused cells or wires in module \axis_register..

3.15.10. Executing MEMORY_COLLECT pass (generating $mem cells).

3.16. Executing OPT_CLEAN pass (remove unused cells and wires).
Finding unused cells or wires in module \axis_register..

3.17. Executing OPT pass (performing simple optimizations).

3.17.1. Executing OPT_EXPR pass (perform const folding).
Optimizing module axis_register.
<suppressed ~12 debug messages>

3.17.2. Executing OPT_MERGE pass (detect identical cells).
Finding identical cells in module `\axis_register'.
Computing hashes of 31 cells of `\axis_register'.
Finding duplicate cells in `\axis_register'.
Removed a total of 0 cells.

3.17.3. Executing OPT_DFF pass (perform DFF optimizations).

3.17.4. Executing OPT_CLEAN pass (remove unused cells and wires).
Finding unused cells or wires in module \axis_register..
Removed 0 unused cells and 9 unused wires.
<suppressed ~1 debug messages>

3.17.5. Finished fast OPT passes.

3.18. Executing MEMORY_MAP pass (converting memories to logic and flip-flops).

3.19. Executing OPT pass (performing simple optimizations).

3.19.1. Executing OPT_EXPR pass (perform const folding).
Optimizing module axis_register.
<suppressed ~1 debug messages>

3.19.2. Executing OPT_MERGE pass (detect identical cells).
Finding identical cells in module `\axis_register'.
Computing hashes of 31 cells of `\axis_register'.
Finding duplicate cells in `\axis_register'.
Removed a total of 0 cells.

3.19.3. Executing OPT_MUXTREE pass (detect dead branches in mux trees).
Running muxtree optimizer on module \axis_register..
  Creating internal representation of mux trees.
  Evaluating internal representation of mux trees.
  Analyzing evaluation results.
Removed 0 multiplexer ports.
<suppressed ~10 debug messages>

3.19.4. Executing OPT_REDUCE pass (consolidate $*mux and $reduce_* inputs).
  Optimizing cells in module \axis_register.
Performed a total of 0 changes.

3.19.5. Executing OPT_MERGE pass (detect identical cells).
Finding identical cells in module `\axis_register'.
Computing hashes of 31 cells of `\axis_register'.
Finding duplicate cells in `\axis_register'.
Removed a total of 0 cells.

3.19.6. Executing OPT_SHARE pass.

3.19.7. Executing OPT_DFF pass (perform DFF optimizations).

3.19.8. Executing OPT_CLEAN pass (remove unused cells and wires).
Finding unused cells or wires in module \axis_register..

3.19.9. Executing OPT_EXPR pass (perform const folding).
Optimizing module axis_register.

3.19.10. Finished fast OPT passes. (There is nothing left to do.)

3.20. Executing TECHMAP pass (map to technology primitives).

3.20.1. Executing Verilog-2005 frontend: /opt/homebrew/bin/../share/yosys/techmap.v
Parsing Verilog input from `/opt/homebrew/bin/../share/yosys/techmap.v' to AST representation.
Generating RTLIL representation for module `\_90_simplemap_bool_ops'.
Generating RTLIL representation for module `\_90_simplemap_reduce_ops'.
Generating RTLIL representation for module `\_90_simplemap_logic_ops'.
Generating RTLIL representation for module `\_90_simplemap_compare_ops'.
Generating RTLIL representation for module `\_90_simplemap_various'.
Generating RTLIL representation for module `\_90_simplemap_registers'.
Generating RTLIL representation for module `\_90_shift_ops_shr_shl_sshl_sshr'.
Generating RTLIL representation for module `\_90_shift_shiftx'.
Generating RTLIL representation for module `\_90_fa'.
Generating RTLIL representation for module `\_90_lcu_brent_kung'.
Generating RTLIL representation for module `\_90_alu'.
Generating RTLIL representation for module `\_90_macc'.
Generating RTLIL representation for module `\_90_alumacc'.
Generating RTLIL representation for module `$__div_mod_u'.
Generating RTLIL representation for module `$__div_mod_trunc'.
Generating RTLIL representation for module `\_90_div'.
Generating RTLIL representation for module `\_90_mod'.
Generating RTLIL representation for module `$__div_mod_floor'.
Generating RTLIL representation for module `\_90_divfloor'.
Generating RTLIL representation for module `\_90_modfloor'.
Generating RTLIL representation for module `\_90_pow'.
Generating RTLIL representation for module `\_90_pmux'.
Generating RTLIL representation for module `\_90_demux'.
Generating RTLIL representation for module `\_90_lut'.
Generating RTLIL representation for module `$connect'.
Generating RTLIL representation for module `$input_port'.
Successfully finished Verilog frontend.

3.20.2. Continuing TECHMAP pass.
Using extmapper simplemap for cells of type $reduce_and.
Using extmapper simplemap for cells of type $ne.
Using extmapper simplemap for cells of type $sdffe.
Using extmapper simplemap for cells of type $dffe.
Using extmapper simplemap for cells of type $reduce_bool.
Using extmapper simplemap for cells of type $sdff.
Using extmapper simplemap for cells of type $logic_not.
Using extmapper simplemap for cells of type $logic_or.
Using extmapper simplemap for cells of type $logic_and.
Using extmapper simplemap for cells of type $mux.
Using extmapper simplemap for cells of type $not.
Using extmapper simplemap for cells of type $and.
No more expansions possible.
<suppressed ~108 debug messages>

3.21. Executing OPT pass (performing simple optimizations).

3.21.1. Executing OPT_EXPR pass (perform const folding).
Optimizing module axis_register.
<suppressed ~4 debug messages>

3.21.2. Executing OPT_MERGE pass (detect identical cells).
Finding identical cells in module `\axis_register'.
Computing hashes of 55 cells of `\axis_register'.
Finding duplicate cells in `\axis_register'.
Computing hashes of 53 cells of `\axis_register'.
Finding duplicate cells in `\axis_register'.
<suppressed ~6 debug messages>
Removed a total of 2 cells.

3.21.3. Executing OPT_DFF pass (perform DFF optimizations).

3.21.4. Executing OPT_CLEAN pass (remove unused cells and wires).
Finding unused cells or wires in module \axis_register..
Removed 0 unused cells and 10 unused wires.
<suppressed ~1 debug messages>

3.21.5. Finished fast OPT passes.

3.22. Executing ABC pass (technology mapping using ABC).

3.22.1. Extracting gate netlist of module `\axis_register' to `<abc-temp-dir>/input.blif'..

3.22.1.1. Executed ABC.
Extracted 30 gates and 56 wires to a netlist network with 25 inputs and 17 outputs.
Running ABC script: <abc-temp-dir>/abc.script
ABC: ======== ABC command line "source <abc-temp-dir>/abc.script"
ABC: + read_blif <abc-temp-dir>/input.blif 
ABC: + read_library <abc-temp-dir>/stdcells.genlib 
ABC: + strash 
ABC: + dretime 
ABC: + map 
ABC: + write_blif <abc-temp-dir>/output.blif 

3.22.1.2. Re-integrating ABC results.
ABC RESULTS:               AND cells:        1
ABC RESULTS:            ANDNOT cells:        3
ABC RESULTS:               MUX cells:       14
ABC RESULTS:              NAND cells:        2
ABC RESULTS:               NOT cells:        1
ABC RESULTS:                OR cells:        1
ABC RESULTS:             ORNOT cells:        1
ABC RESULTS:        internal signals:       14
ABC RESULTS:           input signals:       25
ABC RESULTS:          output signals:       17
Removing temp directory.
Removing global temp directory.

3.23. Executing OPT pass (performing simple optimizations).

3.23.1. Executing OPT_EXPR pass (perform const folding).
Optimizing module axis_register.
<suppressed ~3 debug messages>

3.23.2. Executing OPT_MERGE pass (detect identical cells).
Finding identical cells in module `\axis_register'.
Computing hashes of 46 cells of `\axis_register'.
Finding duplicate cells in `\axis_register'.
Computing hashes of 45 cells of `\axis_register'.
Finding duplicate cells in `\axis_register'.
<suppressed ~3 debug messages>
Removed a total of 1 cells.

3.23.3. Executing OPT_DFF pass (perform DFF optimizations).

3.23.4. Executing OPT_CLEAN pass (remove unused cells and wires).
Finding unused cells or wires in module \axis_register..
Removed 1 unused cells and 57 unused wires.
<suppressed ~4 debug messages>

3.23.5. Finished fast OPT passes.

3.24. Executing HIERARCHY pass (managing design hierarchy).
Attribute `top' found on module `axis_register'. Setting top module to axis_register.

3.24.1. Analyzing design hierarchy..
Top module:  \axis_register

3.24.2. Analyzing design hierarchy..
Top module:  \axis_register
Removed 0 unused modules.

3.25. Printing statistics.

=== axis_register ===

        +----------Local Count, excluding submodules.
        | 
       41 wires
      104 wire bits
       31 public wires
       87 public wire bits
       18 ports
       60 port bits
       44 cells
        3   $_ANDNOT_
        1   $_AND_
       20   $_DFFE_PP_
       13   $_MUX_
        2   $_NAND_
        1   $_ORNOT_
        1   $_OR_
        2   $_SDFFE_PP0P_
        1   $_SDFF_PP0_

3.26. Executing CHECK pass (checking for obvious problems).
Checking module axis_register...
Found and reported 0 problems.

4. Executing CHECK pass (checking for obvious problems).
Checking module axis_register...
Found and reported 0 problems.

5. Printing statistics.

=== axis_register ===

        +----------Local Count, excluding submodules.
        | 
       41 wires
      104 wire bits
       31 public wires
       87 public wire bits
       18 ports
       60 port bits
       44 cells
        3   $_ANDNOT_
        1   $_AND_
       20   $_DFFE_PP_
       13   $_MUX_
        2   $_NAND_
        1   $_ORNOT_
        1   $_OR_
        2   $_SDFFE_PP0P_
        1   $_SDFF_PP0_

End of script. Logfile hash: a8352074ed, CPU: user 0.08s system 0.01s, MEM: 16.45 MB peak
Yosys 0.63 (git sha1 70a11c6bf0e8dd669f56c7da3587f78b405138e2, clang++ 17.0.0 -fPIC -O3)
Time spent: 53% 1x abc (0 sec), 13% 16x opt_expr (0 sec), ...
