
 /----------------------------------------------------------------------------\
 |  yosys -- Yosys Open SYnthesis Suite                                       |
 |  Copyright (C) 2012 - 2026  Claire Xenia Wolf <claire@yosyshq.com>         |
 |  Distributed under an ISC-like license, type "license" to see terms        |
 \----------------------------------------------------------------------------/
 Yosys 0.63 (git sha1 70a11c6bf0e8dd669f56c7da3587f78b405138e2, clang++ 17.0.0 -fPIC -O3)

-- Running command `read_verilog -sv experiments/plugin-abc-v1/cases/generated/g11_one_stage_stream.sv; prep -top g11_one_stage_stream; check -assert' --

1. Executing Verilog-2005 frontend: experiments/plugin-abc-v1/cases/generated/g11_one_stage_stream.sv
Parsing SystemVerilog input from `experiments/plugin-abc-v1/cases/generated/g11_one_stage_stream.sv' to AST representation.
Generating RTLIL representation for module `\g11_one_stage_stream'.
Successfully finished Verilog frontend.

2. Executing PREP pass.

2.1. Executing HIERARCHY pass (managing design hierarchy).

2.1.1. Analyzing design hierarchy..
Top module:  \g11_one_stage_stream

2.1.2. Analyzing design hierarchy..
Top module:  \g11_one_stage_stream
Removed 0 unused modules.

2.2. Executing PROC pass (convert processes to netlists).

2.2.1. Executing PROC_CLEAN pass (remove empty switches from decision trees).
Cleaned up 0 empty switches.

2.2.2. Executing PROC_RMDEAD pass (remove dead branches from decision trees).
Marked 1 switch rules as full_case in process $proc$experiments/plugin-abc-v1/cases/generated/g11_one_stage_stream.sv:14$3 in module g11_one_stage_stream.
Removed a total of 0 dead cases.

2.2.3. Executing PROC_PRUNE pass (remove redundant assignments in processes).
Removed 0 redundant assignments.
Promoted 0 assignments to connections.

2.2.4. Executing PROC_INIT pass (extract init attributes).

2.2.5. Executing PROC_ARST pass (detect async resets in processes).
Found async reset \rst_n in `\g11_one_stage_stream.$proc$experiments/plugin-abc-v1/cases/generated/g11_one_stage_stream.sv:14$3'.

2.2.6. Executing PROC_ROM pass (convert switches to ROMs).
Converted 0 switches.
<suppressed ~2 debug messages>

2.2.7. Executing PROC_MUX pass (convert decision trees to multiplexers).
Creating decoders for process `\g11_one_stage_stream.$proc$experiments/plugin-abc-v1/cases/generated/g11_one_stage_stream.sv:14$3'.
     1/2: $0\out_data[15:0]
     2/2: $0\out_valid[0:0]

2.2.8. Executing PROC_DLATCH pass (convert process syncs to latches).

2.2.9. Executing PROC_DFF pass (convert process syncs to FFs).
Creating register for signal `\g11_one_stage_stream.\out_valid' using process `\g11_one_stage_stream.$proc$experiments/plugin-abc-v1/cases/generated/g11_one_stage_stream.sv:14$3'.
  created $adff cell `$procdff$15' with positive edge clock and positive level reset.
Creating register for signal `\g11_one_stage_stream.\out_data' using process `\g11_one_stage_stream.$proc$experiments/plugin-abc-v1/cases/generated/g11_one_stage_stream.sv:14$3'.
  created $adff cell `$procdff$20' with positive edge clock and positive level reset.

2.2.10. Executing PROC_MEMWR pass (convert process memory writes to cells).

2.2.11. Executing PROC_CLEAN pass (remove empty switches from decision trees).
Found and cleaned up 2 empty switches in `\g11_one_stage_stream.$proc$experiments/plugin-abc-v1/cases/generated/g11_one_stage_stream.sv:14$3'.
Removing empty process `g11_one_stage_stream.$proc$experiments/plugin-abc-v1/cases/generated/g11_one_stage_stream.sv:14$3'.
Cleaned up 2 empty switches.

2.2.12. Executing OPT_EXPR pass (perform const folding).
Optimizing module g11_one_stage_stream.
<suppressed ~4 debug messages>

2.3. Executing FUTURE pass.

2.4. Executing OPT_EXPR pass (perform const folding).
Optimizing module g11_one_stage_stream.

2.5. Executing OPT_CLEAN pass (remove unused cells and wires).
Finding unused cells or wires in module \g11_one_stage_stream..
Removed 3 unused cells and 11 unused wires.
<suppressed ~4 debug messages>

2.6. Executing CHECK pass (checking for obvious problems).
Checking module g11_one_stage_stream...
Found and reported 0 problems.

2.7. Executing OPT pass (performing simple optimizations).

2.7.1. Executing OPT_EXPR pass (perform const folding).
Optimizing module g11_one_stage_stream.

2.7.2. Executing OPT_MERGE pass (detect identical cells).
Finding identical cells in module `\g11_one_stage_stream'.
Computing hashes of 7 cells of `\g11_one_stage_stream'.
Finding duplicate cells in `\g11_one_stage_stream'.
Removed a total of 0 cells.

2.7.3. Executing OPT_MUXTREE pass (detect dead branches in mux trees).
Running muxtree optimizer on module \g11_one_stage_stream..
  Creating internal representation of mux trees.
  Evaluating internal representation of mux trees.
  Analyzing evaluation results.
Removed 0 multiplexer ports.
<suppressed ~5 debug messages>

2.7.4. Executing OPT_REDUCE pass (consolidate $*mux and $reduce_* inputs).
  Optimizing cells in module \g11_one_stage_stream.
Performed a total of 0 changes.

2.7.5. Executing OPT_MERGE pass (detect identical cells).
Finding identical cells in module `\g11_one_stage_stream'.
Computing hashes of 7 cells of `\g11_one_stage_stream'.
Finding duplicate cells in `\g11_one_stage_stream'.
Removed a total of 0 cells.

2.7.6. Executing OPT_CLEAN pass (remove unused cells and wires).
Finding unused cells or wires in module \g11_one_stage_stream..

2.7.7. Executing OPT_EXPR pass (perform const folding).
Optimizing module g11_one_stage_stream.

2.7.8. Finished fast OPT passes. (There is nothing left to do.)

2.8. Executing WREDUCE pass (reducing word size of cells).

2.9. Executing OPT_CLEAN pass (remove unused cells and wires).
Finding unused cells or wires in module \g11_one_stage_stream..

2.10. Executing MEMORY_COLLECT pass (generating $mem cells).

2.11. Executing OPT pass (performing simple optimizations).

2.11.1. Executing OPT_EXPR pass (perform const folding).
Optimizing module g11_one_stage_stream.

2.11.2. Executing OPT_MERGE pass (detect identical cells).
Finding identical cells in module `\g11_one_stage_stream'.
Computing hashes of 7 cells of `\g11_one_stage_stream'.
Finding duplicate cells in `\g11_one_stage_stream'.
Removed a total of 0 cells.

2.11.3. Executing OPT_CLEAN pass (remove unused cells and wires).
Finding unused cells or wires in module \g11_one_stage_stream..

2.11.4. Finished fast OPT passes.

2.12. Executing SORT pass.

2.13. Printing statistics.

=== g11_one_stage_stream ===

        +----------Local Count, excluding submodules.
        | 
       12 wires
       72 wire bits
        8 public wires
       38 public wire bits
        8 ports
       38 port bits
        7 cells
        2   $adff
        3   $mux
        1   $not
        1   $or

2.14. Executing CHECK pass (checking for obvious problems).
Checking module g11_one_stage_stream...
Found and reported 0 problems.

3. Executing CHECK pass (checking for obvious problems).
Checking module g11_one_stage_stream...
Found and reported 0 problems.

End of script. Logfile hash: 5c3e20c171, CPU: user 0.03s system 0.01s, MEM: 13.39 MB peak
Yosys 0.63 (git sha1 70a11c6bf0e8dd669f56c7da3587f78b405138e2, clang++ 17.0.0 -fPIC -O3)
Time spent: 34% 5x opt_expr (0 sec), 23% 4x opt_clean (0 sec), ...
