
 /----------------------------------------------------------------------------\
 |  yosys -- Yosys Open SYnthesis Suite                                       |
 |  Copyright (C) 2012 - 2026  Claire Xenia Wolf <claire@yosyshq.com>         |
 |  Distributed under an ISC-like license, type "license" to see terms        |
 \----------------------------------------------------------------------------/
 Yosys 0.63 (git sha1 70a11c6bf0e8dd669f56c7da3587f78b405138e2, clang++ 17.0.0 -fPIC -O3)

-- Executing script file `/Users/peter/Desktop/CAD Stuff/experiments/plugin-abc-v1/evaluations/arm-a/r2/g05-candidate-1.formal.ys' --

1. Executing Verilog-2005 frontend: /Users/peter/Desktop/CAD Stuff/experiments/plugin-abc-v1/cases/generated/g05_mux_common_logic.sv
Parsing SystemVerilog input from `/Users/peter/Desktop/CAD Stuff/experiments/plugin-abc-v1/cases/generated/g05_mux_common_logic.sv' to AST representation.
Generating RTLIL representation for module `\g05_mux_common_logic'.
Successfully finished Verilog frontend.

2. Executing PREP pass.

2.1. Executing HIERARCHY pass (managing design hierarchy).

2.1.1. Analyzing design hierarchy..
Top module:  \g05_mux_common_logic

2.1.2. Analyzing design hierarchy..
Top module:  \g05_mux_common_logic
Removed 0 unused modules.

2.2. Executing PROC pass (convert processes to netlists).

2.2.1. Executing PROC_CLEAN pass (remove empty switches from decision trees).
Cleaned up 0 empty switches.

2.2.2. Executing PROC_RMDEAD pass (remove dead branches from decision trees).
Removed a total of 0 dead cases.

2.2.3. Executing PROC_PRUNE pass (remove redundant assignments in processes).
Removed 0 redundant assignments.
Promoted 0 assignments to connections.

2.2.4. Executing PROC_INIT pass (extract init attributes).

2.2.5. Executing PROC_ARST pass (detect async resets in processes).

2.2.6. Executing PROC_ROM pass (convert switches to ROMs).
Converted 0 switches.

2.2.7. Executing PROC_MUX pass (convert decision trees to multiplexers).

2.2.8. Executing PROC_DLATCH pass (convert process syncs to latches).

2.2.9. Executing PROC_DFF pass (convert process syncs to FFs).

2.2.10. Executing PROC_MEMWR pass (convert process memory writes to cells).

2.2.11. Executing PROC_CLEAN pass (remove empty switches from decision trees).
Cleaned up 0 empty switches.

2.2.12. Executing OPT_EXPR pass (perform const folding).
Optimizing module g05_mux_common_logic.

2.3. Executing FUTURE pass.

2.4. Executing OPT_EXPR pass (perform const folding).
Optimizing module g05_mux_common_logic.

2.5. Executing OPT_CLEAN pass (remove unused cells and wires).
Finding unused cells or wires in module \g05_mux_common_logic..
Removed 0 unused cells and 1 unused wires.
<suppressed ~1 debug messages>

2.6. Executing CHECK pass (checking for obvious problems).
Checking module g05_mux_common_logic...
Found and reported 0 problems.

2.7. Executing OPT pass (performing simple optimizations).

2.7.1. Executing OPT_EXPR pass (perform const folding).
Optimizing module g05_mux_common_logic.

2.7.2. Executing OPT_MERGE pass (detect identical cells).
Finding identical cells in module `\g05_mux_common_logic'.
Computing hashes of 3 cells of `\g05_mux_common_logic'.
Finding duplicate cells in `\g05_mux_common_logic'.
Removed a total of 0 cells.

2.7.3. Executing OPT_MUXTREE pass (detect dead branches in mux trees).
Running muxtree optimizer on module \g05_mux_common_logic..
  Creating internal representation of mux trees.
  Evaluating internal representation of mux trees.
  Analyzing evaluation results.
Removed 0 multiplexer ports.
<suppressed ~2 debug messages>

2.7.4. Executing OPT_REDUCE pass (consolidate $*mux and $reduce_* inputs).
  Optimizing cells in module \g05_mux_common_logic.
Performed a total of 0 changes.

2.7.5. Executing OPT_MERGE pass (detect identical cells).
Finding identical cells in module `\g05_mux_common_logic'.
Computing hashes of 3 cells of `\g05_mux_common_logic'.
Finding duplicate cells in `\g05_mux_common_logic'.
Removed a total of 0 cells.

2.7.6. Executing OPT_CLEAN pass (remove unused cells and wires).
Finding unused cells or wires in module \g05_mux_common_logic..

2.7.7. Executing OPT_EXPR pass (perform const folding).
Optimizing module g05_mux_common_logic.

2.7.8. Finished fast OPT passes. (There is nothing left to do.)

2.8. Executing WREDUCE pass (reducing word size of cells).

2.9. Executing OPT_CLEAN pass (remove unused cells and wires).
Finding unused cells or wires in module \g05_mux_common_logic..

2.10. Executing MEMORY_COLLECT pass (generating $mem cells).

2.11. Executing OPT pass (performing simple optimizations).

2.11.1. Executing OPT_EXPR pass (perform const folding).
Optimizing module g05_mux_common_logic.

2.11.2. Executing OPT_MERGE pass (detect identical cells).
Finding identical cells in module `\g05_mux_common_logic'.
Computing hashes of 3 cells of `\g05_mux_common_logic'.
Finding duplicate cells in `\g05_mux_common_logic'.
Removed a total of 0 cells.

2.11.3. Executing OPT_CLEAN pass (remove unused cells and wires).
Finding unused cells or wires in module \g05_mux_common_logic..

2.11.4. Finished fast OPT passes.

2.12. Executing SORT pass.

2.13. Printing statistics.

=== g05_mux_common_logic ===

        +----------Local Count, excluding submodules.
        | 
        7 wires
       97 wire bits
        5 public wires
       65 public wire bits
        5 ports
       65 port bits
        3 cells
        2   $add
        1   $mux

2.14. Executing CHECK pass (checking for obvious problems).
Checking module g05_mux_common_logic...
Found and reported 0 problems.

3. Executing FLATTEN pass (flatten design).

4. Executing Verilog-2005 frontend: /Users/peter/Desktop/CAD Stuff/experiments/plugin-abc-v1/runs/arm-a/r2/candidates/g05/candidate_1.sv
Parsing SystemVerilog input from `/Users/peter/Desktop/CAD Stuff/experiments/plugin-abc-v1/runs/arm-a/r2/candidates/g05/candidate_1.sv' to AST representation.
Generating RTLIL representation for module `\g05_mux_common_logic'.
Successfully finished Verilog frontend.

5. Executing PREP pass.

5.1. Executing HIERARCHY pass (managing design hierarchy).

5.1.1. Analyzing design hierarchy..
Top module:  \g05_mux_common_logic

5.1.2. Analyzing design hierarchy..
Top module:  \g05_mux_common_logic
Removed 0 unused modules.

5.2. Executing PROC pass (convert processes to netlists).

5.2.1. Executing PROC_CLEAN pass (remove empty switches from decision trees).
Cleaned up 0 empty switches.

5.2.2. Executing PROC_RMDEAD pass (remove dead branches from decision trees).
Removed a total of 0 dead cases.

5.2.3. Executing PROC_PRUNE pass (remove redundant assignments in processes).
Removed 0 redundant assignments.
Promoted 0 assignments to connections.

5.2.4. Executing PROC_INIT pass (extract init attributes).

5.2.5. Executing PROC_ARST pass (detect async resets in processes).

5.2.6. Executing PROC_ROM pass (convert switches to ROMs).
Converted 0 switches.

5.2.7. Executing PROC_MUX pass (convert decision trees to multiplexers).

5.2.8. Executing PROC_DLATCH pass (convert process syncs to latches).

5.2.9. Executing PROC_DFF pass (convert process syncs to FFs).

5.2.10. Executing PROC_MEMWR pass (convert process memory writes to cells).

5.2.11. Executing PROC_CLEAN pass (remove empty switches from decision trees).
Cleaned up 0 empty switches.

5.2.12. Executing OPT_EXPR pass (perform const folding).
Optimizing module g05_mux_common_logic.

5.3. Executing FUTURE pass.

5.4. Executing OPT_EXPR pass (perform const folding).
Optimizing module g05_mux_common_logic.

5.5. Executing OPT_CLEAN pass (remove unused cells and wires).
Finding unused cells or wires in module \g05_mux_common_logic..
Removed 0 unused cells and 1 unused wires.
<suppressed ~1 debug messages>

5.6. Executing CHECK pass (checking for obvious problems).
Checking module g05_mux_common_logic...
Found and reported 0 problems.

5.7. Executing OPT pass (performing simple optimizations).

5.7.1. Executing OPT_EXPR pass (perform const folding).
Optimizing module g05_mux_common_logic.

5.7.2. Executing OPT_MERGE pass (detect identical cells).
Finding identical cells in module `\g05_mux_common_logic'.
Computing hashes of 2 cells of `\g05_mux_common_logic'.
Finding duplicate cells in `\g05_mux_common_logic'.
Removed a total of 0 cells.

5.7.3. Executing OPT_MUXTREE pass (detect dead branches in mux trees).
Running muxtree optimizer on module \g05_mux_common_logic..
  Creating internal representation of mux trees.
  Evaluating internal representation of mux trees.
  Analyzing evaluation results.
Removed 0 multiplexer ports.
<suppressed ~2 debug messages>

5.7.4. Executing OPT_REDUCE pass (consolidate $*mux and $reduce_* inputs).
  Optimizing cells in module \g05_mux_common_logic.
Performed a total of 0 changes.

5.7.5. Executing OPT_MERGE pass (detect identical cells).
Finding identical cells in module `\g05_mux_common_logic'.
Computing hashes of 2 cells of `\g05_mux_common_logic'.
Finding duplicate cells in `\g05_mux_common_logic'.
Removed a total of 0 cells.

5.7.6. Executing OPT_CLEAN pass (remove unused cells and wires).
Finding unused cells or wires in module \g05_mux_common_logic..

5.7.7. Executing OPT_EXPR pass (perform const folding).
Optimizing module g05_mux_common_logic.

5.7.8. Finished fast OPT passes. (There is nothing left to do.)

5.8. Executing WREDUCE pass (reducing word size of cells).

5.9. Executing OPT_CLEAN pass (remove unused cells and wires).
Finding unused cells or wires in module \g05_mux_common_logic..

5.10. Executing MEMORY_COLLECT pass (generating $mem cells).

5.11. Executing OPT pass (performing simple optimizations).

5.11.1. Executing OPT_EXPR pass (perform const folding).
Optimizing module g05_mux_common_logic.

5.11.2. Executing OPT_MERGE pass (detect identical cells).
Finding identical cells in module `\g05_mux_common_logic'.
Computing hashes of 2 cells of `\g05_mux_common_logic'.
Finding duplicate cells in `\g05_mux_common_logic'.
Removed a total of 0 cells.

5.11.3. Executing OPT_CLEAN pass (remove unused cells and wires).
Finding unused cells or wires in module \g05_mux_common_logic..

5.11.4. Finished fast OPT passes.

5.12. Executing SORT pass.

5.13. Printing statistics.

=== g05_mux_common_logic ===

        +----------Local Count, excluding submodules.
        | 
        6 wires
       81 wire bits
        5 public wires
       65 public wire bits
        5 ports
       65 port bits
        2 cells
        1   $add
        1   $mux

5.14. Executing CHECK pass (checking for obvious problems).
Checking module g05_mux_common_logic...
Found and reported 0 problems.

6. Executing FLATTEN pass (flatten design).

7. Executing EQUIV_MAKE pass (creating equiv checking module).
Presumably equivalent wires: a_gold (\a_gold), a_gate (\a_gate) -> a
Presumably equivalent wires: b_gold (\b_gold), b_gate (\b_gate) -> b
Presumably equivalent wires: c_gold (\c_gold), c_gate (\c_gate) -> c
Presumably equivalent wires: sel_gold (\sel_gold), sel_gate (\sel_gate) -> sel
Presumably equivalent wires: y_gold (\y_gold), y_gate (\y_gate) -> y

8. Executing PREP pass.

8.1. Executing HIERARCHY pass (managing design hierarchy).

8.1.1. Analyzing design hierarchy..
Top module:  \equiv

8.1.2. Analyzing design hierarchy..
Top module:  \equiv
Removing unused module `\gate'.
Removing unused module `\gold'.
Removed 2 unused modules.

8.2. Executing PROC pass (convert processes to netlists).

8.2.1. Executing PROC_CLEAN pass (remove empty switches from decision trees).
Cleaned up 0 empty switches.

8.2.2. Executing PROC_RMDEAD pass (remove dead branches from decision trees).
Removed a total of 0 dead cases.

8.2.3. Executing PROC_PRUNE pass (remove redundant assignments in processes).
Removed 0 redundant assignments.
Promoted 0 assignments to connections.

8.2.4. Executing PROC_INIT pass (extract init attributes).

8.2.5. Executing PROC_ARST pass (detect async resets in processes).

8.2.6. Executing PROC_ROM pass (convert switches to ROMs).
Converted 0 switches.

8.2.7. Executing PROC_MUX pass (convert decision trees to multiplexers).

8.2.8. Executing PROC_DLATCH pass (convert process syncs to latches).

8.2.9. Executing PROC_DFF pass (convert process syncs to FFs).

8.2.10. Executing PROC_MEMWR pass (convert process memory writes to cells).

8.2.11. Executing PROC_CLEAN pass (remove empty switches from decision trees).
Cleaned up 0 empty switches.

8.2.12. Executing OPT_EXPR pass (perform const folding).
Optimizing module equiv.

8.3. Executing FUTURE pass.

8.4. Executing OPT_EXPR pass (perform const folding).
Optimizing module equiv.

8.5. Executing OPT_CLEAN pass (remove unused cells and wires).
Finding unused cells or wires in module \equiv..

8.6. Executing CHECK pass (checking for obvious problems).
Checking module equiv...
Found and reported 0 problems.

8.7. Executing OPT pass (performing simple optimizations).

8.7.1. Executing OPT_EXPR pass (perform const folding).
Optimizing module equiv.

8.7.2. Executing OPT_MERGE pass (detect identical cells).
Finding identical cells in module `\equiv'.
Computing hashes of 21 cells of `\equiv'.
Finding duplicate cells in `\equiv'.
Removed a total of 0 cells.

8.7.3. Executing OPT_MUXTREE pass (detect dead branches in mux trees).
Running muxtree optimizer on module \equiv..
  Creating internal representation of mux trees.
  Evaluating internal representation of mux trees.
  Analyzing evaluation results.
Removed 0 multiplexer ports.
<suppressed ~4 debug messages>

8.7.4. Executing OPT_REDUCE pass (consolidate $*mux and $reduce_* inputs).
  Optimizing cells in module \equiv.
Performed a total of 0 changes.

8.7.5. Executing OPT_MERGE pass (detect identical cells).
Finding identical cells in module `\equiv'.
Computing hashes of 21 cells of `\equiv'.
Finding duplicate cells in `\equiv'.
Removed a total of 0 cells.

8.7.6. Executing OPT_CLEAN pass (remove unused cells and wires).
Finding unused cells or wires in module \equiv..

8.7.7. Executing OPT_EXPR pass (perform const folding).
Optimizing module equiv.

8.7.8. Finished fast OPT passes. (There is nothing left to do.)

8.8. Executing WREDUCE pass (reducing word size of cells).

8.9. Executing OPT_CLEAN pass (remove unused cells and wires).
Finding unused cells or wires in module \equiv..

8.10. Executing MEMORY_COLLECT pass (generating $mem cells).

8.11. Executing OPT pass (performing simple optimizations).

8.11.1. Executing OPT_EXPR pass (perform const folding).
Optimizing module equiv.

8.11.2. Executing OPT_MERGE pass (detect identical cells).
Finding identical cells in module `\equiv'.
Computing hashes of 21 cells of `\equiv'.
Finding duplicate cells in `\equiv'.
Removed a total of 0 cells.

8.11.3. Executing OPT_CLEAN pass (remove unused cells and wires).
Finding unused cells or wires in module \equiv..

8.11.4. Finished fast OPT passes.

8.12. Executing SORT pass.

8.13. Printing statistics.

=== equiv ===

        +----------Local Count, excluding submodules.
        | 
       18 wires
      243 wire bits
       15 public wires
      195 public wire bits
        5 ports
       65 port bits
       21 cells
        3   $add
       16   $equiv
        2   $mux

8.14. Executing CHECK pass (checking for obvious problems).
Checking module equiv...
Found and reported 0 problems.

9. Executing EQUIV_SIMPLE pass.
Found 16 unproven $equiv cells (1 groups) in equiv:
 Grouping SAT models for \y:
  Trying to prove $equiv for \y [0]:ezsat
 success!
  Trying to prove $equiv for \y [1]:ezsat
 success!
  Trying to prove $equiv for \y [2]:ezsat
 success!
  Trying to prove $equiv for \y [3]:ezsat
 success!
  Trying to prove $equiv for \y [4]:ezsat
 success!
  Trying to prove $equiv for \y [5]:ezsat
 success!
  Trying to prove $equiv for \y [6]:ezsat
 success!
  Trying to prove $equiv for \y [7]:ezsat
 success!
  Trying to prove $equiv for \y [8]:ezsat
 success!
  Trying to prove $equiv for \y [9]:ezsat
 success!
  Trying to prove $equiv for \y [10]:ezsat
 success!
  Trying to prove $equiv for \y [11]:ezsat
 success!
  Trying to prove $equiv for \y [12]:ezsat
 success!
  Trying to prove $equiv for \y [13]:ezsat
 success!
  Trying to prove $equiv for \y [14]:ezsat
 success!
  Trying to prove $equiv for \y [15]:ezsat
 success!
Proved 16 previously unproven $equiv cells.

10. Executing EQUIV_STATUS pass.
Found 16 $equiv cells in equiv:
  Of those cells 16 are proven and 0 are unproven.
  Equivalence successfully proven!

End of script. Logfile hash: 73e1286aa1, CPU: user 0.03s system 0.00s, MEM: 13.88 MB peak
Yosys 0.63 (git sha1 70a11c6bf0e8dd669f56c7da3587f78b405138e2, clang++ 17.0.0 -fPIC -O3)
Time spent: 28% 15x opt_expr (0 sec), 22% 12x opt_clean (0 sec), ...
