
 /----------------------------------------------------------------------------\
 |  yosys -- Yosys Open SYnthesis Suite                                       |
 |  Copyright (C) 2012 - 2026  Claire Xenia Wolf <claire@yosyshq.com>         |
 |  Distributed under an ISC-like license, type "license" to see terms        |
 \----------------------------------------------------------------------------/
 Yosys 0.63 (git sha1 70a11c6bf0e8dd669f56c7da3587f78b405138e2, clang++ 17.0.0 -fPIC -O3)

-- Running command `read_verilog -sv experiments/plugin-abc-v1/instrumented/phase6/arm-a/r1/attempt-001/candidates/g07/candidate-1.sv; synth -top g07_width_truncation -noabc; abc -g simple; clean -purge; stat; ltp' --

1. Executing Verilog-2005 frontend: experiments/plugin-abc-v1/instrumented/phase6/arm-a/r1/attempt-001/candidates/g07/candidate-1.sv
Parsing SystemVerilog input from `experiments/plugin-abc-v1/instrumented/phase6/arm-a/r1/attempt-001/candidates/g07/candidate-1.sv' to AST representation.
Generating RTLIL representation for module `\g07_width_truncation'.
Successfully finished Verilog frontend.

2. Executing SYNTH pass.

2.1. Executing HIERARCHY pass (managing design hierarchy).

2.1.1. Analyzing design hierarchy..
Top module:  \g07_width_truncation

2.1.2. Analyzing design hierarchy..
Top module:  \g07_width_truncation
Removed 0 unused modules.

2.2. Executing PROC pass (convert processes to netlists).

2.2.1. Executing PROC_CLEAN pass (remove empty switches from decision trees).
Cleaned up 0 empty switches.

2.2.2. Executing PROC_RMDEAD pass (remove dead branches from decision trees).
Removed a total of 0 dead cases.

2.2.3. Executing PROC_PRUNE pass (remove redundant assignments in processes).
Removed 0 redundant assignments.
Promoted 0 assignments to connections.

2.2.4. Executing PROC_INIT pass (extract init attributes).

2.2.5. Executing PROC_ARST pass (detect async resets in processes).

2.2.6. Executing PROC_ROM pass (convert switches to ROMs).
Converted 0 switches.

2.2.7. Executing PROC_MUX pass (convert decision trees to multiplexers).

2.2.8. Executing PROC_DLATCH pass (convert process syncs to latches).

2.2.9. Executing PROC_DFF pass (convert process syncs to FFs).

2.2.10. Executing PROC_MEMWR pass (convert process memory writes to cells).

2.2.11. Executing PROC_CLEAN pass (remove empty switches from decision trees).
Cleaned up 0 empty switches.

2.2.12. Executing OPT_EXPR pass (perform const folding).
Optimizing module g07_width_truncation.

2.3. Executing OPT_EXPR pass (perform const folding).
Optimizing module g07_width_truncation.

2.4. Executing OPT_CLEAN pass (remove unused cells and wires).
Finding unused cells or wires in module \g07_width_truncation..
Removed 0 unused cells and 2 unused wires.
<suppressed ~1 debug messages>

2.5. Executing CHECK pass (checking for obvious problems).
Checking module g07_width_truncation...
Found and reported 0 problems.

2.6. Executing OPT pass (performing simple optimizations).

2.6.1. Executing OPT_EXPR pass (perform const folding).
Optimizing module g07_width_truncation.

2.6.2. Executing OPT_MERGE pass (detect identical cells).
Finding identical cells in module `\g07_width_truncation'.
Computing hashes of 3 cells of `\g07_width_truncation'.
Finding duplicate cells in `\g07_width_truncation'.
Removed a total of 0 cells.

2.6.3. Executing OPT_MUXTREE pass (detect dead branches in mux trees).
Running muxtree optimizer on module \g07_width_truncation..
  Creating internal representation of mux trees.
  No muxes found in this module.
Removed 0 multiplexer ports.

2.6.4. Executing OPT_REDUCE pass (consolidate $*mux and $reduce_* inputs).
  Optimizing cells in module \g07_width_truncation.
Performed a total of 0 changes.

2.6.5. Executing OPT_MERGE pass (detect identical cells).
Finding identical cells in module `\g07_width_truncation'.
Computing hashes of 3 cells of `\g07_width_truncation'.
Finding duplicate cells in `\g07_width_truncation'.
Removed a total of 0 cells.

2.6.6. Executing OPT_DFF pass (perform DFF optimizations).

2.6.7. Executing OPT_CLEAN pass (remove unused cells and wires).
Finding unused cells or wires in module \g07_width_truncation..

2.6.8. Executing OPT_EXPR pass (perform const folding).
Optimizing module g07_width_truncation.

2.6.9. Finished fast OPT passes. (There is nothing left to do.)

2.7. Executing FSM pass (extract and optimize FSM).

2.7.1. Executing FSM_DETECT pass (finding FSMs in design).

2.7.2. Executing FSM_EXTRACT pass (extracting FSM from design).

2.7.3. Executing FSM_OPT pass (simple optimizations of FSMs).

2.7.4. Executing OPT_CLEAN pass (remove unused cells and wires).
Finding unused cells or wires in module \g07_width_truncation..

2.7.5. Executing FSM_OPT pass (simple optimizations of FSMs).

2.7.6. Executing FSM_RECODE pass (re-assigning FSM state encoding).

2.7.7. Executing FSM_INFO pass (dumping all available information on FSM cells).

2.7.8. Executing FSM_MAP pass (mapping FSMs to basic logic).

2.8. Executing OPT pass (performing simple optimizations).

2.8.1. Executing OPT_EXPR pass (perform const folding).
Optimizing module g07_width_truncation.

2.8.2. Executing OPT_MERGE pass (detect identical cells).
Finding identical cells in module `\g07_width_truncation'.
Computing hashes of 3 cells of `\g07_width_truncation'.
Finding duplicate cells in `\g07_width_truncation'.
Removed a total of 0 cells.

2.8.3. Executing OPT_MUXTREE pass (detect dead branches in mux trees).
Running muxtree optimizer on module \g07_width_truncation..
  Creating internal representation of mux trees.
  No muxes found in this module.
Removed 0 multiplexer ports.

2.8.4. Executing OPT_REDUCE pass (consolidate $*mux and $reduce_* inputs).
  Optimizing cells in module \g07_width_truncation.
Performed a total of 0 changes.

2.8.5. Executing OPT_MERGE pass (detect identical cells).
Finding identical cells in module `\g07_width_truncation'.
Computing hashes of 3 cells of `\g07_width_truncation'.
Finding duplicate cells in `\g07_width_truncation'.
Removed a total of 0 cells.

2.8.6. Executing OPT_DFF pass (perform DFF optimizations).

2.8.7. Executing OPT_CLEAN pass (remove unused cells and wires).
Finding unused cells or wires in module \g07_width_truncation..

2.8.8. Executing OPT_EXPR pass (perform const folding).
Optimizing module g07_width_truncation.

2.8.9. Finished fast OPT passes. (There is nothing left to do.)

2.9. Executing WREDUCE pass (reducing word size of cells).

2.10. Executing PEEPOPT pass (run peephole optimizers).

2.11. Executing OPT_CLEAN pass (remove unused cells and wires).
Finding unused cells or wires in module \g07_width_truncation..

2.12. Executing ALUMACC pass (create $alu and $macc cells).
Extracting $alu and $macc cells in module g07_width_truncation:
  creating $macc model for $add$experiments/plugin-abc-v1/instrumented/phase6/arm-a/r1/attempt-001/candidates/g07/candidate-1.sv:7$3 ($add).
  creating $macc model for $add$experiments/plugin-abc-v1/instrumented/phase6/arm-a/r1/attempt-001/candidates/g07/candidate-1.sv:7$2 ($add).
  creating $macc model for $add$experiments/plugin-abc-v1/instrumented/phase6/arm-a/r1/attempt-001/candidates/g07/candidate-1.sv:6$1 ($add).
  merging $macc model for $add$experiments/plugin-abc-v1/instrumented/phase6/arm-a/r1/attempt-001/candidates/g07/candidate-1.sv:7$2 into $add$experiments/plugin-abc-v1/instrumented/phase6/arm-a/r1/attempt-001/candidates/g07/candidate-1.sv:7$3.
  creating $alu model for $macc $add$experiments/plugin-abc-v1/instrumented/phase6/arm-a/r1/attempt-001/candidates/g07/candidate-1.sv:6$1.
  creating $macc cell for $add$experiments/plugin-abc-v1/instrumented/phase6/arm-a/r1/attempt-001/candidates/g07/candidate-1.sv:7$3: $auto$alumacc.cc:382:replace_macc$4
  creating $alu cell for $add$experiments/plugin-abc-v1/instrumented/phase6/arm-a/r1/attempt-001/candidates/g07/candidate-1.sv:6$1: $auto$alumacc.cc:512:replace_alu$5
  created 1 $alu and 1 $macc cells.

2.13. Executing SHARE pass (SAT-based resource sharing).

2.14. Executing OPT pass (performing simple optimizations).

2.14.1. Executing OPT_EXPR pass (perform const folding).
Optimizing module g07_width_truncation.

2.14.2. Executing OPT_MERGE pass (detect identical cells).
Finding identical cells in module `\g07_width_truncation'.
Computing hashes of 3 cells of `\g07_width_truncation'.
Finding duplicate cells in `\g07_width_truncation'.
Removed a total of 0 cells.

2.14.3. Executing OPT_MUXTREE pass (detect dead branches in mux trees).
Running muxtree optimizer on module \g07_width_truncation..
  Creating internal representation of mux trees.
  No muxes found in this module.
Removed 0 multiplexer ports.

2.14.4. Executing OPT_REDUCE pass (consolidate $*mux and $reduce_* inputs).
  Optimizing cells in module \g07_width_truncation.
Performed a total of 0 changes.

2.14.5. Executing OPT_MERGE pass (detect identical cells).
Finding identical cells in module `\g07_width_truncation'.
Computing hashes of 3 cells of `\g07_width_truncation'.
Finding duplicate cells in `\g07_width_truncation'.
Removed a total of 0 cells.

2.14.6. Executing OPT_DFF pass (perform DFF optimizations).

2.14.7. Executing OPT_CLEAN pass (remove unused cells and wires).
Finding unused cells or wires in module \g07_width_truncation..
Removed 1 unused cells and 1 unused wires.
<suppressed ~2 debug messages>

2.14.8. Executing OPT_EXPR pass (perform const folding).
Optimizing module g07_width_truncation.

2.14.9. Rerunning OPT passes. (Maybe there is more to do..)

2.14.10. Executing OPT_MUXTREE pass (detect dead branches in mux trees).
Running muxtree optimizer on module \g07_width_truncation..
  Creating internal representation of mux trees.
  No muxes found in this module.
Removed 0 multiplexer ports.

2.14.11. Executing OPT_REDUCE pass (consolidate $*mux and $reduce_* inputs).
  Optimizing cells in module \g07_width_truncation.
Performed a total of 0 changes.

2.14.12. Executing OPT_MERGE pass (detect identical cells).
Finding identical cells in module `\g07_width_truncation'.
Computing hashes of 2 cells of `\g07_width_truncation'.
Finding duplicate cells in `\g07_width_truncation'.
Removed a total of 0 cells.

2.14.13. Executing OPT_DFF pass (perform DFF optimizations).

2.14.14. Executing OPT_CLEAN pass (remove unused cells and wires).
Finding unused cells or wires in module \g07_width_truncation..

2.14.15. Executing OPT_EXPR pass (perform const folding).
Optimizing module g07_width_truncation.

2.14.16. Finished fast OPT passes. (There is nothing left to do.)

2.15. Executing MEMORY pass.

2.15.1. Executing OPT_MEM pass (optimize memories).
Performed a total of 0 transformations.

2.15.2. Executing OPT_MEM_PRIORITY pass (removing unnecessary memory write priority relations).
Performed a total of 0 transformations.

2.15.3. Executing OPT_MEM_FEEDBACK pass (finding memory read-to-write feedback paths).

2.15.4. Executing MEMORY_BMUX2ROM pass (converting muxes to ROMs).

2.15.5. Executing MEMORY_DFF pass (merging $dff cells to $memrd).

2.15.6. Executing OPT_CLEAN pass (remove unused cells and wires).
Finding unused cells or wires in module \g07_width_truncation..

2.15.7. Executing MEMORY_SHARE pass (consolidating $memrd/$memwr cells).

2.15.8. Executing OPT_MEM_WIDEN pass (optimize memories where all ports are wide).
Performed a total of 0 transformations.

2.15.9. Executing OPT_CLEAN pass (remove unused cells and wires).
Finding unused cells or wires in module \g07_width_truncation..

2.15.10. Executing MEMORY_COLLECT pass (generating $mem cells).

2.16. Executing OPT_CLEAN pass (remove unused cells and wires).
Finding unused cells or wires in module \g07_width_truncation..

2.17. Executing OPT pass (performing simple optimizations).

2.17.1. Executing OPT_EXPR pass (perform const folding).
Optimizing module g07_width_truncation.

2.17.2. Executing OPT_MERGE pass (detect identical cells).
Finding identical cells in module `\g07_width_truncation'.
Computing hashes of 2 cells of `\g07_width_truncation'.
Finding duplicate cells in `\g07_width_truncation'.
Removed a total of 0 cells.

2.17.3. Executing OPT_DFF pass (perform DFF optimizations).

2.17.4. Executing OPT_CLEAN pass (remove unused cells and wires).
Finding unused cells or wires in module \g07_width_truncation..

2.17.5. Finished fast OPT passes.

2.18. Executing MEMORY_MAP pass (converting memories to logic and flip-flops).

2.19. Executing OPT pass (performing simple optimizations).

2.19.1. Executing OPT_EXPR pass (perform const folding).
Optimizing module g07_width_truncation.

2.19.2. Executing OPT_MERGE pass (detect identical cells).
Finding identical cells in module `\g07_width_truncation'.
Computing hashes of 2 cells of `\g07_width_truncation'.
Finding duplicate cells in `\g07_width_truncation'.
Removed a total of 0 cells.

2.19.3. Executing OPT_MUXTREE pass (detect dead branches in mux trees).
Running muxtree optimizer on module \g07_width_truncation..
  Creating internal representation of mux trees.
  No muxes found in this module.
Removed 0 multiplexer ports.

2.19.4. Executing OPT_REDUCE pass (consolidate $*mux and $reduce_* inputs).
  Optimizing cells in module \g07_width_truncation.
Performed a total of 0 changes.

2.19.5. Executing OPT_MERGE pass (detect identical cells).
Finding identical cells in module `\g07_width_truncation'.
Computing hashes of 2 cells of `\g07_width_truncation'.
Finding duplicate cells in `\g07_width_truncation'.
Removed a total of 0 cells.

2.19.6. Executing OPT_SHARE pass.

2.19.7. Executing OPT_DFF pass (perform DFF optimizations).

2.19.8. Executing OPT_CLEAN pass (remove unused cells and wires).
Finding unused cells or wires in module \g07_width_truncation..

2.19.9. Executing OPT_EXPR pass (perform const folding).
Optimizing module g07_width_truncation.

2.19.10. Finished fast OPT passes. (There is nothing left to do.)

2.20. Executing TECHMAP pass (map to technology primitives).

2.20.1. Executing Verilog-2005 frontend: /opt/homebrew/bin/../share/yosys/techmap.v
Parsing Verilog input from `/opt/homebrew/bin/../share/yosys/techmap.v' to AST representation.
Generating RTLIL representation for module `\_90_simplemap_bool_ops'.
Generating RTLIL representation for module `\_90_simplemap_reduce_ops'.
Generating RTLIL representation for module `\_90_simplemap_logic_ops'.
Generating RTLIL representation for module `\_90_simplemap_compare_ops'.
Generating RTLIL representation for module `\_90_simplemap_various'.
Generating RTLIL representation for module `\_90_simplemap_registers'.
Generating RTLIL representation for module `\_90_shift_ops_shr_shl_sshl_sshr'.
Generating RTLIL representation for module `\_90_shift_shiftx'.
Generating RTLIL representation for module `\_90_fa'.
Generating RTLIL representation for module `\_90_lcu_brent_kung'.
Generating RTLIL representation for module `\_90_alu'.
Generating RTLIL representation for module `\_90_macc'.
Generating RTLIL representation for module `\_90_alumacc'.
Generating RTLIL representation for module `$__div_mod_u'.
Generating RTLIL representation for module `$__div_mod_trunc'.
Generating RTLIL representation for module `\_90_div'.
Generating RTLIL representation for module `\_90_mod'.
Generating RTLIL representation for module `$__div_mod_floor'.
Generating RTLIL representation for module `\_90_divfloor'.
Generating RTLIL representation for module `\_90_modfloor'.
Generating RTLIL representation for module `\_90_pow'.
Generating RTLIL representation for module `\_90_pmux'.
Generating RTLIL representation for module `\_90_demux'.
Generating RTLIL representation for module `\_90_lut'.
Generating RTLIL representation for module `$connect'.
Generating RTLIL representation for module `$input_port'.
Successfully finished Verilog frontend.

2.20.2. Continuing TECHMAP pass.
Using template $paramod$a1bc51c02ce12ac21eb18988e83292af48ed7d72\_90_alu for cells of type $alu.
Using extmapper maccmap for cells of type $macc_v2.
  add \partial (8 bits, unsigned)
  add \c (8 bits, unsigned)
  add \d (8 bits, unsigned)
Using template $paramod\_90_fa\WIDTH=32'00000000000000000000000000001000 for cells of type $fa.
Using template $paramod$d2fa05d38998afabc6d4f34471305d0af4b8b2df\_90_alu for cells of type $alu.
Using extmapper simplemap for cells of type $xor.
Using template $paramod\_90_lcu_brent_kung\WIDTH=32'00000000000000000000000000001000 for cells of type $lcu.
Using extmapper simplemap for cells of type $pos.
Using extmapper simplemap for cells of type $mux.
Using extmapper simplemap for cells of type $not.
Using extmapper simplemap for cells of type $or.
Using extmapper simplemap for cells of type $and.
Using template $paramod\_90_fa\WIDTH=32'00000000000000000000000000001001 for cells of type $fa.
Using template $paramod\_90_lcu_brent_kung\WIDTH=32'00000000000000000000000000001001 for cells of type $lcu.
No more expansions possible.
<suppressed ~459 debug messages>

2.21. Executing OPT pass (performing simple optimizations).

2.21.1. Executing OPT_EXPR pass (perform const folding).
Optimizing module g07_width_truncation.
<suppressed ~85 debug messages>

2.21.2. Executing OPT_MERGE pass (detect identical cells).
Finding identical cells in module `\g07_width_truncation'.
Computing hashes of 151 cells of `\g07_width_truncation'.
Finding duplicate cells in `\g07_width_truncation'.
Removed a total of 0 cells.

2.21.3. Executing OPT_DFF pass (perform DFF optimizations).

2.21.4. Executing OPT_CLEAN pass (remove unused cells and wires).
Finding unused cells or wires in module \g07_width_truncation..
Removed 26 unused cells and 98 unused wires.
<suppressed ~27 debug messages>

2.21.5. Finished fast OPT passes.

2.22. Executing HIERARCHY pass (managing design hierarchy).
Attribute `top' found on module `g07_width_truncation'. Setting top module to g07_width_truncation.

2.22.1. Analyzing design hierarchy..
Top module:  \g07_width_truncation

2.22.2. Analyzing design hierarchy..
Top module:  \g07_width_truncation
Removed 0 unused modules.

2.23. Printing statistics.

=== g07_width_truncation ===

        +----------Local Count, excluding submodules.
        | 
       47 wires
      170 wire bits
        6 public wires
       49 public wire bits
        5 ports
       41 port bits
      125 cells
       54   $_AND_
       26   $_OR_
       45   $_XOR_

2.24. Executing CHECK pass (checking for obvious problems).
Checking module g07_width_truncation...
Found and reported 0 problems.

3. Executing ABC pass (technology mapping using ABC).

3.1. Extracting gate netlist of module `\g07_width_truncation' to `<abc-temp-dir>/input.blif'..

3.1.1. Executed ABC.
Extracted 125 gates and 157 wires to a netlist network with 32 inputs and 9 outputs.
Running ABC script: <abc-temp-dir>/abc.script
ABC: ======== ABC command line "source <abc-temp-dir>/abc.script"
ABC: + read_blif <abc-temp-dir>/input.blif 
ABC: + read_library <abc-temp-dir>/stdcells.genlib 
ABC: + strash 
ABC: + &get -n 
ABC: + &fraig -x 
ABC: + &put 
ABC: + scorr 
ABC: Warning: The network is combinational (run "fraig" or "fraig_sweep").
ABC: + dc2 
ABC: + dretime 
ABC: + strash 
ABC: + &get -n 
ABC: + &dch -f 
ABC: + &nf 
ABC: + &put 
ABC: + write_blif <abc-temp-dir>/output.blif 

3.1.2. Re-integrating ABC results.
ABC RESULTS:               AND cells:       42
ABC RESULTS:                OR cells:       20
ABC RESULTS:               XOR cells:       45
ABC RESULTS:        internal signals:      116
ABC RESULTS:           input signals:       32
ABC RESULTS:          output signals:        9
Removing temp directory.
Removing global temp directory.
Removed 0 unused cells and 83 unused wires.

4. Printing statistics.

=== g07_width_truncation ===

        +----------Local Count, excluding submodules.
        | 
      103 wires
      139 wire bits
        5 public wires
       41 public wire bits
        5 ports
       41 port bits
      107 cells
       42   $_AND_
       20   $_OR_
       45   $_XOR_

5. Executing LTP pass (find longest path).

Longest topological path in g07_width_truncation (length=19):
    0: \a [1]
    1: $abc$417$new_n51 (via $abc$417$auto$blifparse.cc:397:parse_blif$427)
    2: $abc$417$new_n52 (via $abc$417$auto$blifparse.cc:397:parse_blif$428)
    3: $abc$417$new_n53 (via $abc$417$auto$blifparse.cc:397:parse_blif$429)
    4: $abc$417$new_n105 (via $abc$417$auto$blifparse.cc:397:parse_blif$481)
    5: $abc$417$new_n116 (via $abc$417$auto$blifparse.cc:397:parse_blif$492)
    6: $abc$417$new_n125 (via $abc$417$auto$blifparse.cc:397:parse_blif$501)
    7: $abc$417$new_n126 (via $abc$417$auto$blifparse.cc:397:parse_blif$502)
    8: $abc$417$new_n127 (via $abc$417$auto$blifparse.cc:397:parse_blif$503)
    9: $abc$417$new_n129 (via $abc$417$auto$blifparse.cc:397:parse_blif$505)
   10: $abc$417$new_n130 (via $abc$417$auto$blifparse.cc:397:parse_blif$506)
   11: $abc$417$new_n132 (via $abc$417$auto$blifparse.cc:397:parse_blif$508)
   12: $abc$417$new_n133 (via $abc$417$auto$blifparse.cc:397:parse_blif$509)
   13: $abc$417$new_n134 (via $abc$417$auto$blifparse.cc:397:parse_blif$510)
   14: $abc$417$new_n135 (via $abc$417$auto$blifparse.cc:397:parse_blif$511)
   15: $abc$417$new_n136 (via $abc$417$auto$blifparse.cc:397:parse_blif$512)
   16: $abc$417$new_n137 (via $abc$417$auto$blifparse.cc:397:parse_blif$513)
   17: $abc$417$new_n138 (via $abc$417$auto$blifparse.cc:397:parse_blif$514)
   18: $abc$417$new_n139 (via $abc$417$auto$blifparse.cc:397:parse_blif$515)
   19: \y [8] (via $abc$417$auto$blifparse.cc:397:parse_blif$516)

End of script. Logfile hash: 7b623a409c, CPU: user 0.06s system 0.02s, MEM: 18.22 MB peak
Yosys 0.63 (git sha1 70a11c6bf0e8dd669f56c7da3587f78b405138e2, clang++ 17.0.0 -fPIC -O3)
Time spent: 54% 1x abc (0 sec), 9% 17x opt_expr (0 sec), ...
