
 /----------------------------------------------------------------------------\
 |  yosys -- Yosys Open SYnthesis Suite                                       |
 |  Copyright (C) 2012 - 2026  Claire Xenia Wolf <claire@yosyshq.com>         |
 |  Distributed under an ISC-like license, type "license" to see terms        |
 \----------------------------------------------------------------------------/
 Yosys 0.63 (git sha1 70a11c6bf0e8dd669f56c7da3587f78b405138e2, clang++ 17.0.0 -fPIC -O3)

-- Running command `read_verilog -sv experiments/plugin-abc-v1/cases/generated/g08_signed_chain.sv; synth -top g08_signed_chain -noabc; abc -g simple; clean -purge; stat; ltp' --

1. Executing Verilog-2005 frontend: experiments/plugin-abc-v1/cases/generated/g08_signed_chain.sv
Parsing SystemVerilog input from `experiments/plugin-abc-v1/cases/generated/g08_signed_chain.sv' to AST representation.
Generating RTLIL representation for module `\g08_signed_chain'.
Successfully finished Verilog frontend.

2. Executing SYNTH pass.

2.1. Executing HIERARCHY pass (managing design hierarchy).

2.1.1. Analyzing design hierarchy..
Top module:  \g08_signed_chain

2.1.2. Analyzing design hierarchy..
Top module:  \g08_signed_chain
Removed 0 unused modules.

2.2. Executing PROC pass (convert processes to netlists).

2.2.1. Executing PROC_CLEAN pass (remove empty switches from decision trees).
Cleaned up 0 empty switches.

2.2.2. Executing PROC_RMDEAD pass (remove dead branches from decision trees).
Removed a total of 0 dead cases.

2.2.3. Executing PROC_PRUNE pass (remove redundant assignments in processes).
Removed 0 redundant assignments.
Promoted 0 assignments to connections.

2.2.4. Executing PROC_INIT pass (extract init attributes).

2.2.5. Executing PROC_ARST pass (detect async resets in processes).

2.2.6. Executing PROC_ROM pass (convert switches to ROMs).
Converted 0 switches.

2.2.7. Executing PROC_MUX pass (convert decision trees to multiplexers).

2.2.8. Executing PROC_DLATCH pass (convert process syncs to latches).

2.2.9. Executing PROC_DFF pass (convert process syncs to FFs).

2.2.10. Executing PROC_MEMWR pass (convert process memory writes to cells).

2.2.11. Executing PROC_CLEAN pass (remove empty switches from decision trees).
Cleaned up 0 empty switches.

2.2.12. Executing OPT_EXPR pass (perform const folding).
Optimizing module g08_signed_chain.

2.3. Executing OPT_EXPR pass (perform const folding).
Optimizing module g08_signed_chain.

2.4. Executing OPT_CLEAN pass (remove unused cells and wires).
Finding unused cells or wires in module \g08_signed_chain..
Removed 0 unused cells and 1 unused wires.
<suppressed ~1 debug messages>

2.5. Executing CHECK pass (checking for obvious problems).
Checking module g08_signed_chain...
Found and reported 0 problems.

2.6. Executing OPT pass (performing simple optimizations).

2.6.1. Executing OPT_EXPR pass (perform const folding).
Optimizing module g08_signed_chain.

2.6.2. Executing OPT_MERGE pass (detect identical cells).
Finding identical cells in module `\g08_signed_chain'.
Computing hashes of 3 cells of `\g08_signed_chain'.
Finding duplicate cells in `\g08_signed_chain'.
Removed a total of 0 cells.

2.6.3. Executing OPT_MUXTREE pass (detect dead branches in mux trees).
Running muxtree optimizer on module \g08_signed_chain..
  Creating internal representation of mux trees.
  No muxes found in this module.
Removed 0 multiplexer ports.

2.6.4. Executing OPT_REDUCE pass (consolidate $*mux and $reduce_* inputs).
  Optimizing cells in module \g08_signed_chain.
Performed a total of 0 changes.

2.6.5. Executing OPT_MERGE pass (detect identical cells).
Finding identical cells in module `\g08_signed_chain'.
Computing hashes of 3 cells of `\g08_signed_chain'.
Finding duplicate cells in `\g08_signed_chain'.
Removed a total of 0 cells.

2.6.6. Executing OPT_DFF pass (perform DFF optimizations).

2.6.7. Executing OPT_CLEAN pass (remove unused cells and wires).
Finding unused cells or wires in module \g08_signed_chain..

2.6.8. Executing OPT_EXPR pass (perform const folding).
Optimizing module g08_signed_chain.

2.6.9. Finished fast OPT passes. (There is nothing left to do.)

2.7. Executing FSM pass (extract and optimize FSM).

2.7.1. Executing FSM_DETECT pass (finding FSMs in design).

2.7.2. Executing FSM_EXTRACT pass (extracting FSM from design).

2.7.3. Executing FSM_OPT pass (simple optimizations of FSMs).

2.7.4. Executing OPT_CLEAN pass (remove unused cells and wires).
Finding unused cells or wires in module \g08_signed_chain..

2.7.5. Executing FSM_OPT pass (simple optimizations of FSMs).

2.7.6. Executing FSM_RECODE pass (re-assigning FSM state encoding).

2.7.7. Executing FSM_INFO pass (dumping all available information on FSM cells).

2.7.8. Executing FSM_MAP pass (mapping FSMs to basic logic).

2.8. Executing OPT pass (performing simple optimizations).

2.8.1. Executing OPT_EXPR pass (perform const folding).
Optimizing module g08_signed_chain.

2.8.2. Executing OPT_MERGE pass (detect identical cells).
Finding identical cells in module `\g08_signed_chain'.
Computing hashes of 3 cells of `\g08_signed_chain'.
Finding duplicate cells in `\g08_signed_chain'.
Removed a total of 0 cells.

2.8.3. Executing OPT_MUXTREE pass (detect dead branches in mux trees).
Running muxtree optimizer on module \g08_signed_chain..
  Creating internal representation of mux trees.
  No muxes found in this module.
Removed 0 multiplexer ports.

2.8.4. Executing OPT_REDUCE pass (consolidate $*mux and $reduce_* inputs).
  Optimizing cells in module \g08_signed_chain.
Performed a total of 0 changes.

2.8.5. Executing OPT_MERGE pass (detect identical cells).
Finding identical cells in module `\g08_signed_chain'.
Computing hashes of 3 cells of `\g08_signed_chain'.
Finding duplicate cells in `\g08_signed_chain'.
Removed a total of 0 cells.

2.8.6. Executing OPT_DFF pass (perform DFF optimizations).

2.8.7. Executing OPT_CLEAN pass (remove unused cells and wires).
Finding unused cells or wires in module \g08_signed_chain..

2.8.8. Executing OPT_EXPR pass (perform const folding).
Optimizing module g08_signed_chain.

2.8.9. Finished fast OPT passes. (There is nothing left to do.)

2.9. Executing WREDUCE pass (reducing word size of cells).

2.10. Executing PEEPOPT pass (run peephole optimizers).

2.11. Executing OPT_CLEAN pass (remove unused cells and wires).
Finding unused cells or wires in module \g08_signed_chain..

2.12. Executing ALUMACC pass (create $alu and $macc cells).
Extracting $alu and $macc cells in module g08_signed_chain:
  creating $macc model for $add$experiments/plugin-abc-v1/cases/generated/g08_signed_chain.sv:5$3 ($add).
  creating $macc model for $add$experiments/plugin-abc-v1/cases/generated/g08_signed_chain.sv:5$2 ($add).
  creating $macc model for $add$experiments/plugin-abc-v1/cases/generated/g08_signed_chain.sv:5$1 ($add).
  merging $macc model for $add$experiments/plugin-abc-v1/cases/generated/g08_signed_chain.sv:5$1 into $add$experiments/plugin-abc-v1/cases/generated/g08_signed_chain.sv:5$2.
  merging $macc model for $add$experiments/plugin-abc-v1/cases/generated/g08_signed_chain.sv:5$2 into $add$experiments/plugin-abc-v1/cases/generated/g08_signed_chain.sv:5$3.
  creating $macc cell for $add$experiments/plugin-abc-v1/cases/generated/g08_signed_chain.sv:5$3: $auto$alumacc.cc:382:replace_macc$4
  created 0 $alu and 1 $macc cells.

2.13. Executing SHARE pass (SAT-based resource sharing).

2.14. Executing OPT pass (performing simple optimizations).

2.14.1. Executing OPT_EXPR pass (perform const folding).
Optimizing module g08_signed_chain.

2.14.2. Executing OPT_MERGE pass (detect identical cells).
Finding identical cells in module `\g08_signed_chain'.
Computing hashes of 3 cells of `\g08_signed_chain'.
Finding duplicate cells in `\g08_signed_chain'.
Removed a total of 0 cells.

2.14.3. Executing OPT_MUXTREE pass (detect dead branches in mux trees).
Running muxtree optimizer on module \g08_signed_chain..
  Creating internal representation of mux trees.
  No muxes found in this module.
Removed 0 multiplexer ports.

2.14.4. Executing OPT_REDUCE pass (consolidate $*mux and $reduce_* inputs).
  Optimizing cells in module \g08_signed_chain.
Performed a total of 0 changes.

2.14.5. Executing OPT_MERGE pass (detect identical cells).
Finding identical cells in module `\g08_signed_chain'.
Computing hashes of 3 cells of `\g08_signed_chain'.
Finding duplicate cells in `\g08_signed_chain'.
Removed a total of 0 cells.

2.14.6. Executing OPT_DFF pass (perform DFF optimizations).

2.14.7. Executing OPT_CLEAN pass (remove unused cells and wires).
Finding unused cells or wires in module \g08_signed_chain..
Removed 2 unused cells and 2 unused wires.
<suppressed ~3 debug messages>

2.14.8. Executing OPT_EXPR pass (perform const folding).
Optimizing module g08_signed_chain.

2.14.9. Rerunning OPT passes. (Maybe there is more to do..)

2.14.10. Executing OPT_MUXTREE pass (detect dead branches in mux trees).
Running muxtree optimizer on module \g08_signed_chain..
  Creating internal representation of mux trees.
  No muxes found in this module.
Removed 0 multiplexer ports.

2.14.11. Executing OPT_REDUCE pass (consolidate $*mux and $reduce_* inputs).
  Optimizing cells in module \g08_signed_chain.
Performed a total of 0 changes.

2.14.12. Executing OPT_MERGE pass (detect identical cells).
Finding identical cells in module `\g08_signed_chain'.
Computing hashes of 1 cells of `\g08_signed_chain'.
Finding duplicate cells in `\g08_signed_chain'.
Removed a total of 0 cells.

2.14.13. Executing OPT_DFF pass (perform DFF optimizations).

2.14.14. Executing OPT_CLEAN pass (remove unused cells and wires).
Finding unused cells or wires in module \g08_signed_chain..

2.14.15. Executing OPT_EXPR pass (perform const folding).
Optimizing module g08_signed_chain.

2.14.16. Finished fast OPT passes. (There is nothing left to do.)

2.15. Executing MEMORY pass.

2.15.1. Executing OPT_MEM pass (optimize memories).
Performed a total of 0 transformations.

2.15.2. Executing OPT_MEM_PRIORITY pass (removing unnecessary memory write priority relations).
Performed a total of 0 transformations.

2.15.3. Executing OPT_MEM_FEEDBACK pass (finding memory read-to-write feedback paths).

2.15.4. Executing MEMORY_BMUX2ROM pass (converting muxes to ROMs).

2.15.5. Executing MEMORY_DFF pass (merging $dff cells to $memrd).

2.15.6. Executing OPT_CLEAN pass (remove unused cells and wires).
Finding unused cells or wires in module \g08_signed_chain..

2.15.7. Executing MEMORY_SHARE pass (consolidating $memrd/$memwr cells).

2.15.8. Executing OPT_MEM_WIDEN pass (optimize memories where all ports are wide).
Performed a total of 0 transformations.

2.15.9. Executing OPT_CLEAN pass (remove unused cells and wires).
Finding unused cells or wires in module \g08_signed_chain..

2.15.10. Executing MEMORY_COLLECT pass (generating $mem cells).

2.16. Executing OPT_CLEAN pass (remove unused cells and wires).
Finding unused cells or wires in module \g08_signed_chain..

2.17. Executing OPT pass (performing simple optimizations).

2.17.1. Executing OPT_EXPR pass (perform const folding).
Optimizing module g08_signed_chain.

2.17.2. Executing OPT_MERGE pass (detect identical cells).
Finding identical cells in module `\g08_signed_chain'.
Computing hashes of 1 cells of `\g08_signed_chain'.
Finding duplicate cells in `\g08_signed_chain'.
Removed a total of 0 cells.

2.17.3. Executing OPT_DFF pass (perform DFF optimizations).

2.17.4. Executing OPT_CLEAN pass (remove unused cells and wires).
Finding unused cells or wires in module \g08_signed_chain..

2.17.5. Finished fast OPT passes.

2.18. Executing MEMORY_MAP pass (converting memories to logic and flip-flops).

2.19. Executing OPT pass (performing simple optimizations).

2.19.1. Executing OPT_EXPR pass (perform const folding).
Optimizing module g08_signed_chain.

2.19.2. Executing OPT_MERGE pass (detect identical cells).
Finding identical cells in module `\g08_signed_chain'.
Computing hashes of 1 cells of `\g08_signed_chain'.
Finding duplicate cells in `\g08_signed_chain'.
Removed a total of 0 cells.

2.19.3. Executing OPT_MUXTREE pass (detect dead branches in mux trees).
Running muxtree optimizer on module \g08_signed_chain..
  Creating internal representation of mux trees.
  No muxes found in this module.
Removed 0 multiplexer ports.

2.19.4. Executing OPT_REDUCE pass (consolidate $*mux and $reduce_* inputs).
  Optimizing cells in module \g08_signed_chain.
Performed a total of 0 changes.

2.19.5. Executing OPT_MERGE pass (detect identical cells).
Finding identical cells in module `\g08_signed_chain'.
Computing hashes of 1 cells of `\g08_signed_chain'.
Finding duplicate cells in `\g08_signed_chain'.
Removed a total of 0 cells.

2.19.6. Executing OPT_SHARE pass.

2.19.7. Executing OPT_DFF pass (perform DFF optimizations).

2.19.8. Executing OPT_CLEAN pass (remove unused cells and wires).
Finding unused cells or wires in module \g08_signed_chain..

2.19.9. Executing OPT_EXPR pass (perform const folding).
Optimizing module g08_signed_chain.

2.19.10. Finished fast OPT passes. (There is nothing left to do.)

2.20. Executing TECHMAP pass (map to technology primitives).

2.20.1. Executing Verilog-2005 frontend: /opt/homebrew/bin/../share/yosys/techmap.v
Parsing Verilog input from `/opt/homebrew/bin/../share/yosys/techmap.v' to AST representation.
Generating RTLIL representation for module `\_90_simplemap_bool_ops'.
Generating RTLIL representation for module `\_90_simplemap_reduce_ops'.
Generating RTLIL representation for module `\_90_simplemap_logic_ops'.
Generating RTLIL representation for module `\_90_simplemap_compare_ops'.
Generating RTLIL representation for module `\_90_simplemap_various'.
Generating RTLIL representation for module `\_90_simplemap_registers'.
Generating RTLIL representation for module `\_90_shift_ops_shr_shl_sshl_sshr'.
Generating RTLIL representation for module `\_90_shift_shiftx'.
Generating RTLIL representation for module `\_90_fa'.
Generating RTLIL representation for module `\_90_lcu_brent_kung'.
Generating RTLIL representation for module `\_90_alu'.
Generating RTLIL representation for module `\_90_macc'.
Generating RTLIL representation for module `\_90_alumacc'.
Generating RTLIL representation for module `$__div_mod_u'.
Generating RTLIL representation for module `$__div_mod_trunc'.
Generating RTLIL representation for module `\_90_div'.
Generating RTLIL representation for module `\_90_mod'.
Generating RTLIL representation for module `$__div_mod_floor'.
Generating RTLIL representation for module `\_90_divfloor'.
Generating RTLIL representation for module `\_90_modfloor'.
Generating RTLIL representation for module `\_90_pow'.
Generating RTLIL representation for module `\_90_pmux'.
Generating RTLIL representation for module `\_90_demux'.
Generating RTLIL representation for module `\_90_lut'.
Generating RTLIL representation for module `$connect'.
Generating RTLIL representation for module `$input_port'.
Successfully finished Verilog frontend.

2.20.2. Continuing TECHMAP pass.
Using extmapper maccmap for cells of type $macc_v2.
  add \a (16 bits, signed)
  add \d (16 bits, signed)
  add \c (16 bits, signed)
  add \b (16 bits, signed)
Using template $paramod\_90_fa\WIDTH=32'00000000000000000000000000010000 for cells of type $fa.
Using template $paramod$6df0329addda9228fcc2546de2aaf14ad26c98e1\_90_alu for cells of type $alu.
Using extmapper simplemap for cells of type $or.
Using extmapper simplemap for cells of type $xor.
Using extmapper simplemap for cells of type $and.
Using template $paramod\_90_lcu_brent_kung\WIDTH=32'00000000000000000000000000010000 for cells of type $lcu.
Using extmapper simplemap for cells of type $pos.
Using extmapper simplemap for cells of type $mux.
Using extmapper simplemap for cells of type $not.
No more expansions possible.
<suppressed ~321 debug messages>

2.21. Executing OPT pass (performing simple optimizations).

2.21.1. Executing OPT_EXPR pass (perform const folding).
Optimizing module g08_signed_chain.
<suppressed ~77 debug messages>

2.21.2. Executing OPT_MERGE pass (detect identical cells).
Finding identical cells in module `\g08_signed_chain'.
Computing hashes of 277 cells of `\g08_signed_chain'.
Finding duplicate cells in `\g08_signed_chain'.
Removed a total of 0 cells.

2.21.3. Executing OPT_DFF pass (perform DFF optimizations).

2.21.4. Executing OPT_CLEAN pass (remove unused cells and wires).
Finding unused cells or wires in module \g08_signed_chain..
Removed 33 unused cells and 71 unused wires.
<suppressed ~34 debug messages>

2.21.5. Finished fast OPT passes.

2.22. Executing HIERARCHY pass (managing design hierarchy).
Attribute `top' found on module `g08_signed_chain'. Setting top module to g08_signed_chain.

2.22.1. Analyzing design hierarchy..
Top module:  \g08_signed_chain

2.22.2. Analyzing design hierarchy..
Top module:  \g08_signed_chain
Removed 0 unused modules.

2.23. Printing statistics.

=== g08_signed_chain ===

        +----------Local Count, excluding submodules.
        | 
       55 wires
      325 wire bits
        5 public wires
       80 public wire bits
        5 ports
       80 port bits
      244 cells
      102   $_AND_
       50   $_OR_
       92   $_XOR_

2.24. Executing CHECK pass (checking for obvious problems).
Checking module g08_signed_chain...
Found and reported 0 problems.

3. Executing ABC pass (technology mapping using ABC).

3.1. Extracting gate netlist of module `\g08_signed_chain' to `<abc-temp-dir>/input.blif'..

3.1.1. Executed ABC.
Extracted 244 gates and 308 wires to a netlist network with 64 inputs and 16 outputs.
Running ABC script: <abc-temp-dir>/abc.script
ABC: ======== ABC command line "source <abc-temp-dir>/abc.script"
ABC: + read_blif <abc-temp-dir>/input.blif 
ABC: + read_library <abc-temp-dir>/stdcells.genlib 
ABC: + strash 
ABC: + &get -n 
ABC: + &fraig -x 
ABC: + &put 
ABC: + scorr 
ABC: Warning: The network is combinational (run "fraig" or "fraig_sweep").
ABC: + dc2 
ABC: + dretime 
ABC: + strash 
ABC: + &get -n 
ABC: + &dch -f 
ABC: + &nf 
ABC: + &put 
ABC: + write_blif <abc-temp-dir>/output.blif 

3.1.2. Re-integrating ABC results.
ABC RESULTS:               AND cells:       86
ABC RESULTS:                OR cells:       43
ABC RESULTS:               XOR cells:       92
ABC RESULTS:        internal signals:      228
ABC RESULTS:           input signals:       64
ABC RESULTS:          output signals:       16
Removing temp directory.
Removing global temp directory.
Removed 0 unused cells and 130 unused wires.

4. Printing statistics.

=== g08_signed_chain ===

        +----------Local Count, excluding submodules.
        | 
      210 wires
      285 wire bits
        5 public wires
       80 public wire bits
        5 ports
       80 port bits
      221 cells
       86   $_AND_
       43   $_OR_
       92   $_XOR_

5. Executing LTP pass (find longest path).

Longest topological path in g08_signed_chain (length=34):
    0: \a [0]
    1: $abc$533$new_n230 (via $abc$533$auto$blifparse.cc:397:parse_blif$683)
    2: $abc$533$new_n231 (via $abc$533$auto$blifparse.cc:397:parse_blif$684)
    3: $abc$533$new_n232 (via $abc$533$auto$blifparse.cc:397:parse_blif$685)
    4: $abc$533$new_n235 (via $abc$533$auto$blifparse.cc:397:parse_blif$688)
    5: $abc$533$new_n236 (via $abc$533$auto$blifparse.cc:397:parse_blif$689)
    6: $abc$533$new_n237 (via $abc$533$auto$blifparse.cc:397:parse_blif$690)
    7: $abc$533$new_n244 (via $abc$533$auto$blifparse.cc:397:parse_blif$697)
    8: $abc$533$new_n245 (via $abc$533$auto$blifparse.cc:397:parse_blif$698)
    9: $abc$533$new_n246 (via $abc$533$auto$blifparse.cc:397:parse_blif$699)
   10: $abc$533$new_n248 (via $abc$533$auto$blifparse.cc:397:parse_blif$701)
   11: $abc$533$new_n249 (via $abc$533$auto$blifparse.cc:397:parse_blif$702)
   12: $abc$533$new_n251 (via $abc$533$auto$blifparse.cc:397:parse_blif$704)
   13: $abc$533$new_n252 (via $abc$533$auto$blifparse.cc:397:parse_blif$705)
   14: $abc$533$new_n254 (via $abc$533$auto$blifparse.cc:397:parse_blif$707)
   15: $abc$533$new_n255 (via $abc$533$auto$blifparse.cc:397:parse_blif$708)
   16: $abc$533$new_n256 (via $abc$533$auto$blifparse.cc:397:parse_blif$709)
   17: $abc$533$new_n257 (via $abc$533$auto$blifparse.cc:397:parse_blif$710)
   18: $abc$533$new_n258 (via $abc$533$auto$blifparse.cc:397:parse_blif$711)
   19: $abc$533$new_n259 (via $abc$533$auto$blifparse.cc:397:parse_blif$712)
   20: $abc$533$new_n261 (via $abc$533$auto$blifparse.cc:397:parse_blif$714)
   21: $abc$533$new_n262 (via $abc$533$auto$blifparse.cc:397:parse_blif$715)
   22: $abc$533$new_n264 (via $abc$533$auto$blifparse.cc:397:parse_blif$717)
   23: $abc$533$new_n265 (via $abc$533$auto$blifparse.cc:397:parse_blif$718)
   24: $abc$533$new_n266 (via $abc$533$auto$blifparse.cc:397:parse_blif$719)
   25: $abc$533$new_n267 (via $abc$533$auto$blifparse.cc:397:parse_blif$720)
   26: $abc$533$new_n268 (via $abc$533$auto$blifparse.cc:397:parse_blif$721)
   27: $abc$533$new_n269 (via $abc$533$auto$blifparse.cc:397:parse_blif$722)
   28: $abc$533$new_n270 (via $abc$533$auto$blifparse.cc:397:parse_blif$723)
   29: $abc$533$new_n271 (via $abc$533$auto$blifparse.cc:397:parse_blif$724)
   30: $abc$533$new_n273 (via $abc$533$auto$blifparse.cc:397:parse_blif$726)
   31: $abc$533$new_n274 (via $abc$533$auto$blifparse.cc:397:parse_blif$727)
   32: $abc$533$new_n276 (via $abc$533$auto$blifparse.cc:397:parse_blif$729)
   33: $abc$533$new_n277 (via $abc$533$auto$blifparse.cc:397:parse_blif$730)
   34: \y [15] (via $abc$533$auto$blifparse.cc:397:parse_blif$738)

End of script. Logfile hash: 5b47dae0e4, CPU: user 0.06s system 0.01s, MEM: 19.05 MB peak
Yosys 0.63 (git sha1 70a11c6bf0e8dd669f56c7da3587f78b405138e2, clang++ 17.0.0 -fPIC -O3)
Time spent: 58% 1x abc (0 sec), 10% 15x opt_expr (0 sec), ...
