
 /----------------------------------------------------------------------------\
 |  yosys -- Yosys Open SYnthesis Suite                                       |
 |  Copyright (C) 2012 - 2026  Claire Xenia Wolf <claire@yosyshq.com>         |
 |  Distributed under an ISC-like license, type "license" to see terms        |
 \----------------------------------------------------------------------------/
 Yosys 0.63 (git sha1 70a11c6bf0e8dd669f56c7da3587f78b405138e2, clang++ 17.0.0 -fPIC -O3)

-- Running command `read_verilog -sv experiments/plugin-abc-v1/cases/generated/g02_add32_five.sv; hierarchy -top g02_add32_five; proc; flatten; opt; techmap; opt; abc -g simple; clean; stat; ltp -noff' --

1. Executing Verilog-2005 frontend: experiments/plugin-abc-v1/cases/generated/g02_add32_five.sv
Parsing SystemVerilog input from `experiments/plugin-abc-v1/cases/generated/g02_add32_five.sv' to AST representation.
Generating RTLIL representation for module `\g02_add32_five'.
Successfully finished Verilog frontend.

2. Executing HIERARCHY pass (managing design hierarchy).

2.1. Analyzing design hierarchy..
Top module:  \g02_add32_five

2.2. Analyzing design hierarchy..
Top module:  \g02_add32_five
Removed 0 unused modules.

3. Executing PROC pass (convert processes to netlists).

3.1. Executing PROC_CLEAN pass (remove empty switches from decision trees).
Cleaned up 0 empty switches.

3.2. Executing PROC_RMDEAD pass (remove dead branches from decision trees).
Removed a total of 0 dead cases.

3.3. Executing PROC_PRUNE pass (remove redundant assignments in processes).
Removed 0 redundant assignments.
Promoted 0 assignments to connections.

3.4. Executing PROC_INIT pass (extract init attributes).

3.5. Executing PROC_ARST pass (detect async resets in processes).

3.6. Executing PROC_ROM pass (convert switches to ROMs).
Converted 0 switches.

3.7. Executing PROC_MUX pass (convert decision trees to multiplexers).

3.8. Executing PROC_DLATCH pass (convert process syncs to latches).

3.9. Executing PROC_DFF pass (convert process syncs to FFs).

3.10. Executing PROC_MEMWR pass (convert process memory writes to cells).

3.11. Executing PROC_CLEAN pass (remove empty switches from decision trees).
Cleaned up 0 empty switches.

3.12. Executing OPT_EXPR pass (perform const folding).
Optimizing module g02_add32_five.

4. Executing FLATTEN pass (flatten design).

5. Executing OPT pass (performing simple optimizations).

5.1. Executing OPT_EXPR pass (perform const folding).
Optimizing module g02_add32_five.

5.2. Executing OPT_MERGE pass (detect identical cells).
Finding identical cells in module `\g02_add32_five'.
Computing hashes of 4 cells of `\g02_add32_five'.
Finding duplicate cells in `\g02_add32_five'.
Removed a total of 0 cells.

5.3. Executing OPT_MUXTREE pass (detect dead branches in mux trees).
Running muxtree optimizer on module \g02_add32_five..
  Creating internal representation of mux trees.
  No muxes found in this module.
Removed 0 multiplexer ports.

5.4. Executing OPT_REDUCE pass (consolidate $*mux and $reduce_* inputs).
  Optimizing cells in module \g02_add32_five.
Performed a total of 0 changes.

5.5. Executing OPT_MERGE pass (detect identical cells).
Finding identical cells in module `\g02_add32_five'.
Computing hashes of 4 cells of `\g02_add32_five'.
Finding duplicate cells in `\g02_add32_five'.
Removed a total of 0 cells.

5.6. Executing OPT_DFF pass (perform DFF optimizations).

5.7. Executing OPT_CLEAN pass (remove unused cells and wires).
Finding unused cells or wires in module \g02_add32_five..
Removed 0 unused cells and 1 unused wires.
<suppressed ~1 debug messages>

5.8. Executing OPT_EXPR pass (perform const folding).
Optimizing module g02_add32_five.

5.9. Rerunning OPT passes. (Maybe there is more to do..)

5.10. Executing OPT_MUXTREE pass (detect dead branches in mux trees).
Running muxtree optimizer on module \g02_add32_five..
  Creating internal representation of mux trees.
  No muxes found in this module.
Removed 0 multiplexer ports.

5.11. Executing OPT_REDUCE pass (consolidate $*mux and $reduce_* inputs).
  Optimizing cells in module \g02_add32_five.
Performed a total of 0 changes.

5.12. Executing OPT_MERGE pass (detect identical cells).
Finding identical cells in module `\g02_add32_five'.
Computing hashes of 4 cells of `\g02_add32_five'.
Finding duplicate cells in `\g02_add32_five'.
Removed a total of 0 cells.

5.13. Executing OPT_DFF pass (perform DFF optimizations).

5.14. Executing OPT_CLEAN pass (remove unused cells and wires).
Finding unused cells or wires in module \g02_add32_five..

5.15. Executing OPT_EXPR pass (perform const folding).
Optimizing module g02_add32_five.

5.16. Finished fast OPT passes. (There is nothing left to do.)

6. Executing TECHMAP pass (map to technology primitives).

6.1. Executing Verilog-2005 frontend: /opt/homebrew/bin/../share/yosys/techmap.v
Parsing Verilog input from `/opt/homebrew/bin/../share/yosys/techmap.v' to AST representation.
Generating RTLIL representation for module `\_90_simplemap_bool_ops'.
Generating RTLIL representation for module `\_90_simplemap_reduce_ops'.
Generating RTLIL representation for module `\_90_simplemap_logic_ops'.
Generating RTLIL representation for module `\_90_simplemap_compare_ops'.
Generating RTLIL representation for module `\_90_simplemap_various'.
Generating RTLIL representation for module `\_90_simplemap_registers'.
Generating RTLIL representation for module `\_90_shift_ops_shr_shl_sshl_sshr'.
Generating RTLIL representation for module `\_90_shift_shiftx'.
Generating RTLIL representation for module `\_90_fa'.
Generating RTLIL representation for module `\_90_lcu_brent_kung'.
Generating RTLIL representation for module `\_90_alu'.
Generating RTLIL representation for module `\_90_macc'.
Generating RTLIL representation for module `\_90_alumacc'.
Generating RTLIL representation for module `$__div_mod_u'.
Generating RTLIL representation for module `$__div_mod_trunc'.
Generating RTLIL representation for module `\_90_div'.
Generating RTLIL representation for module `\_90_mod'.
Generating RTLIL representation for module `$__div_mod_floor'.
Generating RTLIL representation for module `\_90_divfloor'.
Generating RTLIL representation for module `\_90_modfloor'.
Generating RTLIL representation for module `\_90_pow'.
Generating RTLIL representation for module `\_90_pmux'.
Generating RTLIL representation for module `\_90_demux'.
Generating RTLIL representation for module `\_90_lut'.
Generating RTLIL representation for module `$connect'.
Generating RTLIL representation for module `$input_port'.
Successfully finished Verilog frontend.

6.2. Continuing TECHMAP pass.
Running "alumacc" on wrapper $extern:wrap:$add:Y_WIDTH=32:B_WIDTH=32:A_WIDTH=32:B_SIGNED=0:A_SIGNED=0:394426c56d1a028ba8fdd5469b163e04011def47.
Using template $extern:wrap:$add:Y_WIDTH=32:B_WIDTH=32:A_WIDTH=32:B_SIGNED=0:A_SIGNED=0:394426c56d1a028ba8fdd5469b163e04011def47 for cells of type $extern:wrap:$add:Y_WIDTH=32:B_WIDTH=32:A_WIDTH=32:B_SIGNED=0:A_SIGNED=0:394426c56d1a028ba8fdd5469b163e04011def47.
Using template $paramod$fbc7873bff55778c0b3173955b7e4bce1d9d6834\_90_alu for cells of type $alu.
Using extmapper simplemap for cells of type $xor.
Using template $paramod\_90_fa\WIDTH=32'00000000000000000000000000100000 for cells of type $fa.
Using template $paramod\_90_lcu_brent_kung\WIDTH=32'00000000000000000000000000100000 for cells of type $lcu.
Using extmapper simplemap for cells of type $pos.
Using extmapper simplemap for cells of type $mux.
Using extmapper simplemap for cells of type $not.
Using extmapper simplemap for cells of type $or.
Using extmapper simplemap for cells of type $and.
No more expansions possible.
<suppressed ~885 debug messages>

7. Executing OPT pass (performing simple optimizations).

7.1. Executing OPT_EXPR pass (perform const folding).
Optimizing module g02_add32_five.
<suppressed ~528 debug messages>

7.2. Executing OPT_MERGE pass (detect identical cells).
Finding identical cells in module `\g02_add32_five'.
Computing hashes of 1068 cells of `\g02_add32_five'.
Finding duplicate cells in `\g02_add32_five'.
Removed a total of 0 cells.

7.3. Executing OPT_MUXTREE pass (detect dead branches in mux trees).
Running muxtree optimizer on module \g02_add32_five..
  Creating internal representation of mux trees.
  No muxes found in this module.
Removed 0 multiplexer ports.

7.4. Executing OPT_REDUCE pass (consolidate $*mux and $reduce_* inputs).
  Optimizing cells in module \g02_add32_five.
Performed a total of 0 changes.

7.5. Executing OPT_MERGE pass (detect identical cells).
Finding identical cells in module `\g02_add32_five'.
Computing hashes of 1068 cells of `\g02_add32_five'.
Finding duplicate cells in `\g02_add32_five'.
Removed a total of 0 cells.

7.6. Executing OPT_DFF pass (perform DFF optimizations).

7.7. Executing OPT_CLEAN pass (remove unused cells and wires).
Finding unused cells or wires in module \g02_add32_five..
Removed 188 unused cells and 220 unused wires.
<suppressed ~189 debug messages>

7.8. Executing OPT_EXPR pass (perform const folding).
Optimizing module g02_add32_five.

7.9. Rerunning OPT passes. (Maybe there is more to do..)

7.10. Executing OPT_MUXTREE pass (detect dead branches in mux trees).
Running muxtree optimizer on module \g02_add32_five..
  Creating internal representation of mux trees.
  No muxes found in this module.
Removed 0 multiplexer ports.

7.11. Executing OPT_REDUCE pass (consolidate $*mux and $reduce_* inputs).
  Optimizing cells in module \g02_add32_five.
Performed a total of 0 changes.

7.12. Executing OPT_MERGE pass (detect identical cells).
Finding identical cells in module `\g02_add32_five'.
Computing hashes of 880 cells of `\g02_add32_five'.
Finding duplicate cells in `\g02_add32_five'.
Removed a total of 0 cells.

7.13. Executing OPT_DFF pass (perform DFF optimizations).

7.14. Executing OPT_CLEAN pass (remove unused cells and wires).
Finding unused cells or wires in module \g02_add32_five..

7.15. Executing OPT_EXPR pass (perform const folding).
Optimizing module g02_add32_five.

7.16. Finished fast OPT passes. (There is nothing left to do.)

8. Executing ABC pass (technology mapping using ABC).

8.1. Extracting gate netlist of module `\g02_add32_five' to `<abc-temp-dir>/input.blif'..

8.1.1. Executed ABC.
Extracted 880 gates and 1040 wires to a netlist network with 160 inputs and 32 outputs.
Running ABC script: <abc-temp-dir>/abc.script
ABC: ======== ABC command line "source <abc-temp-dir>/abc.script"
ABC: + read_blif <abc-temp-dir>/input.blif 
ABC: + read_library <abc-temp-dir>/stdcells.genlib 
ABC: + strash 
ABC: + &get -n 
ABC: + &fraig -x 
ABC: + &put 
ABC: + scorr 
ABC: Warning: The network is combinational (run "fraig" or "fraig_sweep").
ABC: + dc2 
ABC: + dretime 
ABC: + strash 
ABC: + &get -n 
ABC: + &dch -f 
ABC: + &nf 
ABC: + &put 
ABC: + write_blif <abc-temp-dir>/output.blif 

8.1.2. Re-integrating ABC results.
ABC RESULTS:               AND cells:      244
ABC RESULTS:                OR cells:      129
ABC RESULTS:               XOR cells:      252
ABC RESULTS:        internal signals:      848
ABC RESULTS:           input signals:      160
ABC RESULTS:          output signals:       32
Removing temp directory.
Removing global temp directory.
Removed 0 unused cells and 591 unused wires.

9. Printing statistics.

=== g02_add32_five ===

        +----------Local Count, excluding submodules.
        | 
      599 wires
      785 wire bits
        6 public wires
      192 public wire bits
        6 ports
      192 port bits
      625 cells
      244   $_AND_
      129   $_OR_
      252   $_XOR_

10. Executing LTP pass (find longest path).

Longest topological path in g02_add32_five (length=68):
    0: \a [1]
    1: $abc$1861$new_n239 (via $abc$1861$auto$blifparse.cc:397:parse_blif$1908)
    2: $abc$1861$new_n385 (via $abc$1861$auto$blifparse.cc:397:parse_blif$2054)
    3: $abc$1861$new_n389 (via $abc$1861$auto$blifparse.cc:397:parse_blif$2058)
    4: $abc$1861$new_n521 (via $abc$1861$auto$blifparse.cc:397:parse_blif$2190)
    5: $abc$1861$new_n525 (via $abc$1861$auto$blifparse.cc:397:parse_blif$2194)
    6: $abc$1861$new_n693 (via $abc$1861$auto$blifparse.cc:397:parse_blif$2362)
    7: $abc$1861$new_n697 (via $abc$1861$auto$blifparse.cc:397:parse_blif$2366)
    8: $abc$1861$new_n698 (via $abc$1861$auto$blifparse.cc:397:parse_blif$2367)
    9: $abc$1861$new_n699 (via $abc$1861$auto$blifparse.cc:397:parse_blif$2368)
   10: $abc$1861$new_n701 (via $abc$1861$auto$blifparse.cc:397:parse_blif$2370)
   11: $abc$1861$new_n702 (via $abc$1861$auto$blifparse.cc:397:parse_blif$2371)
   12: $abc$1861$new_n704 (via $abc$1861$auto$blifparse.cc:397:parse_blif$2373)
   13: $abc$1861$new_n705 (via $abc$1861$auto$blifparse.cc:397:parse_blif$2374)
   14: $abc$1861$new_n707 (via $abc$1861$auto$blifparse.cc:397:parse_blif$2376)
   15: $abc$1861$new_n708 (via $abc$1861$auto$blifparse.cc:397:parse_blif$2377)
   16: $abc$1861$new_n709 (via $abc$1861$auto$blifparse.cc:397:parse_blif$2378)
   17: $abc$1861$new_n710 (via $abc$1861$auto$blifparse.cc:397:parse_blif$2379)
   18: $abc$1861$new_n712 (via $abc$1861$auto$blifparse.cc:397:parse_blif$2381)
   19: $abc$1861$new_n713 (via $abc$1861$auto$blifparse.cc:397:parse_blif$2382)
   20: $abc$1861$new_n714 (via $abc$1861$auto$blifparse.cc:397:parse_blif$2383)
   21: $abc$1861$new_n715 (via $abc$1861$auto$blifparse.cc:397:parse_blif$2384)
   22: $abc$1861$new_n717 (via $abc$1861$auto$blifparse.cc:397:parse_blif$2386)
   23: $abc$1861$new_n718 (via $abc$1861$auto$blifparse.cc:397:parse_blif$2387)
   24: $abc$1861$new_n720 (via $abc$1861$auto$blifparse.cc:397:parse_blif$2389)
   25: $abc$1861$new_n721 (via $abc$1861$auto$blifparse.cc:397:parse_blif$2390)
   26: $abc$1861$new_n723 (via $abc$1861$auto$blifparse.cc:397:parse_blif$2392)
   27: $abc$1861$new_n724 (via $abc$1861$auto$blifparse.cc:397:parse_blif$2393)
   28: $abc$1861$new_n725 (via $abc$1861$auto$blifparse.cc:397:parse_blif$2394)
   29: $abc$1861$new_n726 (via $abc$1861$auto$blifparse.cc:397:parse_blif$2395)
   30: $abc$1861$new_n728 (via $abc$1861$auto$blifparse.cc:397:parse_blif$2397)
   31: $abc$1861$new_n729 (via $abc$1861$auto$blifparse.cc:397:parse_blif$2398)
   32: $abc$1861$new_n730 (via $abc$1861$auto$blifparse.cc:397:parse_blif$2399)
   33: $abc$1861$new_n731 (via $abc$1861$auto$blifparse.cc:397:parse_blif$2400)
   34: $abc$1861$new_n733 (via $abc$1861$auto$blifparse.cc:397:parse_blif$2402)
   35: $abc$1861$new_n734 (via $abc$1861$auto$blifparse.cc:397:parse_blif$2403)
   36: $abc$1861$new_n735 (via $abc$1861$auto$blifparse.cc:397:parse_blif$2404)
   37: $abc$1861$new_n736 (via $abc$1861$auto$blifparse.cc:397:parse_blif$2405)
   38: $abc$1861$new_n738 (via $abc$1861$auto$blifparse.cc:397:parse_blif$2407)
   39: $abc$1861$new_n739 (via $abc$1861$auto$blifparse.cc:397:parse_blif$2408)
   40: $abc$1861$new_n741 (via $abc$1861$auto$blifparse.cc:397:parse_blif$2410)
   41: $abc$1861$new_n742 (via $abc$1861$auto$blifparse.cc:397:parse_blif$2411)
   42: $abc$1861$new_n744 (via $abc$1861$auto$blifparse.cc:397:parse_blif$2413)
   43: $abc$1861$new_n745 (via $abc$1861$auto$blifparse.cc:397:parse_blif$2414)
   44: $abc$1861$new_n746 (via $abc$1861$auto$blifparse.cc:397:parse_blif$2415)
   45: $abc$1861$new_n747 (via $abc$1861$auto$blifparse.cc:397:parse_blif$2416)
   46: $abc$1861$new_n749 (via $abc$1861$auto$blifparse.cc:397:parse_blif$2418)
   47: $abc$1861$new_n750 (via $abc$1861$auto$blifparse.cc:397:parse_blif$2419)
   48: $abc$1861$new_n751 (via $abc$1861$auto$blifparse.cc:397:parse_blif$2420)
   49: $abc$1861$new_n752 (via $abc$1861$auto$blifparse.cc:397:parse_blif$2421)
   50: $abc$1861$new_n754 (via $abc$1861$auto$blifparse.cc:397:parse_blif$2423)
   51: $abc$1861$new_n755 (via $abc$1861$auto$blifparse.cc:397:parse_blif$2424)
   52: $abc$1861$new_n756 (via $abc$1861$auto$blifparse.cc:397:parse_blif$2425)
   53: $abc$1861$new_n757 (via $abc$1861$auto$blifparse.cc:397:parse_blif$2426)
   54: $abc$1861$new_n759 (via $abc$1861$auto$blifparse.cc:397:parse_blif$2428)
   55: $abc$1861$new_n760 (via $abc$1861$auto$blifparse.cc:397:parse_blif$2429)
   56: $abc$1861$new_n761 (via $abc$1861$auto$blifparse.cc:397:parse_blif$2430)
   57: $abc$1861$new_n762 (via $abc$1861$auto$blifparse.cc:397:parse_blif$2431)
   58: $abc$1861$new_n764 (via $abc$1861$auto$blifparse.cc:397:parse_blif$2433)
   59: $abc$1861$new_n765 (via $abc$1861$auto$blifparse.cc:397:parse_blif$2434)
   60: $abc$1861$new_n766 (via $abc$1861$auto$blifparse.cc:397:parse_blif$2435)
   61: $abc$1861$new_n767 (via $abc$1861$auto$blifparse.cc:397:parse_blif$2436)
   62: $abc$1861$new_n769 (via $abc$1861$auto$blifparse.cc:397:parse_blif$2438)
   63: $abc$1861$new_n770 (via $abc$1861$auto$blifparse.cc:397:parse_blif$2439)
   64: $abc$1861$new_n771 (via $abc$1861$auto$blifparse.cc:397:parse_blif$2440)
   65: $abc$1861$new_n772 (via $abc$1861$auto$blifparse.cc:397:parse_blif$2441)
   66: $abc$1861$new_n774 (via $abc$1861$auto$blifparse.cc:397:parse_blif$2443)
   67: $abc$1861$new_n775 (via $abc$1861$auto$blifparse.cc:397:parse_blif$2444)
   68: \y [31] (via $abc$1861$auto$blifparse.cc:397:parse_blif$2455)

End of script. Logfile hash: 3f48724e72, CPU: user 0.10s system 0.02s, MEM: 24.52 MB peak
Yosys 0.63 (git sha1 70a11c6bf0e8dd669f56c7da3587f78b405138e2, clang++ 17.0.0 -fPIC -O3)
Time spent: 62% 1x abc (0 sec), 9% 1x techmap (0 sec), ...
