
 /----------------------------------------------------------------------------\
 |  yosys -- Yosys Open SYnthesis Suite                                       |
 |  Copyright (C) 2012 - 2026  Claire Xenia Wolf <claire@yosyshq.com>         |
 |  Distributed under an ISC-like license, type "license" to see terms        |
 \----------------------------------------------------------------------------/
 Yosys 0.63 (git sha1 70a11c6bf0e8dd669f56c7da3587f78b405138e2, clang++ 17.0.0 -fPIC -O3)

-- Running command `read_verilog -sv experiments/plugin-abc-v1/instrumented/installed-acceptance/v2/arm-a/r2/attempt-001/candidates/g04_balanced.sv; hierarchy -top g04_mixed_procedural_add_candidate; proc; flatten; opt; techmap; opt; abc -g simple; clean; stat; ltp -noff' --

1. Executing Verilog-2005 frontend: experiments/plugin-abc-v1/instrumented/installed-acceptance/v2/arm-a/r2/attempt-001/candidates/g04_balanced.sv
Parsing SystemVerilog input from `experiments/plugin-abc-v1/instrumented/installed-acceptance/v2/arm-a/r2/attempt-001/candidates/g04_balanced.sv' to AST representation.
Generating RTLIL representation for module `\g04_mixed_procedural_add_candidate'.
Successfully finished Verilog frontend.

2. Executing HIERARCHY pass (managing design hierarchy).

2.1. Analyzing design hierarchy..
Top module:  \g04_mixed_procedural_add_candidate

2.2. Analyzing design hierarchy..
Top module:  \g04_mixed_procedural_add_candidate
Removed 0 unused modules.

3. Executing PROC pass (convert processes to netlists).

3.1. Executing PROC_CLEAN pass (remove empty switches from decision trees).
Cleaned up 0 empty switches.

3.2. Executing PROC_RMDEAD pass (remove dead branches from decision trees).
Marked 1 switch rules as full_case in process $proc$experiments/plugin-abc-v1/instrumented/installed-acceptance/v2/arm-a/r2/attempt-001/candidates/g04_balanced.sv:6$1 in module g04_mixed_procedural_add_candidate.
Removed a total of 0 dead cases.

3.3. Executing PROC_PRUNE pass (remove redundant assignments in processes).
Removed 0 redundant assignments.
Promoted 1 assignment to connection.

3.4. Executing PROC_INIT pass (extract init attributes).

3.5. Executing PROC_ARST pass (detect async resets in processes).

3.6. Executing PROC_ROM pass (convert switches to ROMs).
Converted 0 switches.
<suppressed ~1 debug messages>

3.7. Executing PROC_MUX pass (convert decision trees to multiplexers).
Creating decoders for process `\g04_mixed_procedural_add_candidate.$proc$experiments/plugin-abc-v1/instrumented/installed-acceptance/v2/arm-a/r2/attempt-001/candidates/g04_balanced.sv:6$1'.
     1/1: $1\y[15:0]

3.8. Executing PROC_DLATCH pass (convert process syncs to latches).
No latch inferred for signal `\g04_mixed_procedural_add_candidate.\y' from process `\g04_mixed_procedural_add_candidate.$proc$experiments/plugin-abc-v1/instrumented/installed-acceptance/v2/arm-a/r2/attempt-001/candidates/g04_balanced.sv:6$1'.

3.9. Executing PROC_DFF pass (convert process syncs to FFs).

3.10. Executing PROC_MEMWR pass (convert process memory writes to cells).

3.11. Executing PROC_CLEAN pass (remove empty switches from decision trees).
Found and cleaned up 1 empty switch in `\g04_mixed_procedural_add_candidate.$proc$experiments/plugin-abc-v1/instrumented/installed-acceptance/v2/arm-a/r2/attempt-001/candidates/g04_balanced.sv:6$1'.
Removing empty process `g04_mixed_procedural_add_candidate.$proc$experiments/plugin-abc-v1/instrumented/installed-acceptance/v2/arm-a/r2/attempt-001/candidates/g04_balanced.sv:6$1'.
Cleaned up 1 empty switch.

3.12. Executing OPT_EXPR pass (perform const folding).
Optimizing module g04_mixed_procedural_add_candidate.

4. Executing FLATTEN pass (flatten design).

5. Executing OPT pass (performing simple optimizations).

5.1. Executing OPT_EXPR pass (perform const folding).
Optimizing module g04_mixed_procedural_add_candidate.

5.2. Executing OPT_MERGE pass (detect identical cells).
Finding identical cells in module `\g04_mixed_procedural_add_candidate'.
Computing hashes of 4 cells of `\g04_mixed_procedural_add_candidate'.
Finding duplicate cells in `\g04_mixed_procedural_add_candidate'.
Removed a total of 0 cells.

5.3. Executing OPT_MUXTREE pass (detect dead branches in mux trees).
Running muxtree optimizer on module \g04_mixed_procedural_add_candidate..
  Creating internal representation of mux trees.
  Evaluating internal representation of mux trees.
  Analyzing evaluation results.
Removed 0 multiplexer ports.
<suppressed ~2 debug messages>

5.4. Executing OPT_REDUCE pass (consolidate $*mux and $reduce_* inputs).
  Optimizing cells in module \g04_mixed_procedural_add_candidate.
Performed a total of 0 changes.

5.5. Executing OPT_MERGE pass (detect identical cells).
Finding identical cells in module `\g04_mixed_procedural_add_candidate'.
Computing hashes of 4 cells of `\g04_mixed_procedural_add_candidate'.
Finding duplicate cells in `\g04_mixed_procedural_add_candidate'.
Removed a total of 0 cells.

5.6. Executing OPT_DFF pass (perform DFF optimizations).

5.7. Executing OPT_CLEAN pass (remove unused cells and wires).
Finding unused cells or wires in module \g04_mixed_procedural_add_candidate..
Removed 0 unused cells and 4 unused wires.
<suppressed ~1 debug messages>

5.8. Executing OPT_EXPR pass (perform const folding).
Optimizing module g04_mixed_procedural_add_candidate.

5.9. Rerunning OPT passes. (Maybe there is more to do..)

5.10. Executing OPT_MUXTREE pass (detect dead branches in mux trees).
Running muxtree optimizer on module \g04_mixed_procedural_add_candidate..
  Creating internal representation of mux trees.
  Evaluating internal representation of mux trees.
  Analyzing evaluation results.
Removed 0 multiplexer ports.
<suppressed ~2 debug messages>

5.11. Executing OPT_REDUCE pass (consolidate $*mux and $reduce_* inputs).
  Optimizing cells in module \g04_mixed_procedural_add_candidate.
Performed a total of 0 changes.

5.12. Executing OPT_MERGE pass (detect identical cells).
Finding identical cells in module `\g04_mixed_procedural_add_candidate'.
Computing hashes of 4 cells of `\g04_mixed_procedural_add_candidate'.
Finding duplicate cells in `\g04_mixed_procedural_add_candidate'.
Removed a total of 0 cells.

5.13. Executing OPT_DFF pass (perform DFF optimizations).

5.14. Executing OPT_CLEAN pass (remove unused cells and wires).
Finding unused cells or wires in module \g04_mixed_procedural_add_candidate..

5.15. Executing OPT_EXPR pass (perform const folding).
Optimizing module g04_mixed_procedural_add_candidate.

5.16. Finished fast OPT passes. (There is nothing left to do.)

6. Executing TECHMAP pass (map to technology primitives).

6.1. Executing Verilog-2005 frontend: /opt/homebrew/bin/../share/yosys/techmap.v
Parsing Verilog input from `/opt/homebrew/bin/../share/yosys/techmap.v' to AST representation.
Generating RTLIL representation for module `\_90_simplemap_bool_ops'.
Generating RTLIL representation for module `\_90_simplemap_reduce_ops'.
Generating RTLIL representation for module `\_90_simplemap_logic_ops'.
Generating RTLIL representation for module `\_90_simplemap_compare_ops'.
Generating RTLIL representation for module `\_90_simplemap_various'.
Generating RTLIL representation for module `\_90_simplemap_registers'.
Generating RTLIL representation for module `\_90_shift_ops_shr_shl_sshl_sshr'.
Generating RTLIL representation for module `\_90_shift_shiftx'.
Generating RTLIL representation for module `\_90_fa'.
Generating RTLIL representation for module `\_90_lcu_brent_kung'.
Generating RTLIL representation for module `\_90_alu'.
Generating RTLIL representation for module `\_90_macc'.
Generating RTLIL representation for module `\_90_alumacc'.
Generating RTLIL representation for module `$__div_mod_u'.
Generating RTLIL representation for module `$__div_mod_trunc'.
Generating RTLIL representation for module `\_90_div'.
Generating RTLIL representation for module `\_90_mod'.
Generating RTLIL representation for module `$__div_mod_floor'.
Generating RTLIL representation for module `\_90_divfloor'.
Generating RTLIL representation for module `\_90_modfloor'.
Generating RTLIL representation for module `\_90_pow'.
Generating RTLIL representation for module `\_90_pmux'.
Generating RTLIL representation for module `\_90_demux'.
Generating RTLIL representation for module `\_90_lut'.
Generating RTLIL representation for module `$connect'.
Generating RTLIL representation for module `$input_port'.
Successfully finished Verilog frontend.

6.2. Continuing TECHMAP pass.
Running "alumacc" on wrapper $extern:wrap:$add:Y_WIDTH=16:B_WIDTH=16:A_WIDTH=16:B_SIGNED=0:A_SIGNED=0:394426c56d1a028ba8fdd5469b163e04011def47.
Using template $extern:wrap:$add:Y_WIDTH=16:B_WIDTH=16:A_WIDTH=16:B_SIGNED=0:A_SIGNED=0:394426c56d1a028ba8fdd5469b163e04011def47 for cells of type $extern:wrap:$add:Y_WIDTH=16:B_WIDTH=16:A_WIDTH=16:B_SIGNED=0:A_SIGNED=0:394426c56d1a028ba8fdd5469b163e04011def47.
Using extmapper simplemap for cells of type $mux.
Using template $paramod$6df0329addda9228fcc2546de2aaf14ad26c98e1\_90_alu for cells of type $alu.
Using extmapper simplemap for cells of type $xor.
Using template $paramod\_90_fa\WIDTH=32'00000000000000000000000000010000 for cells of type $fa.
Using template $paramod\_90_lcu_brent_kung\WIDTH=32'00000000000000000000000000010000 for cells of type $lcu.
Using extmapper simplemap for cells of type $pos.
Using extmapper simplemap for cells of type $not.
Using extmapper simplemap for cells of type $or.
Using extmapper simplemap for cells of type $and.
No more expansions possible.
<suppressed ~483 debug messages>

7. Executing OPT pass (performing simple optimizations).

7.1. Executing OPT_EXPR pass (perform const folding).
Optimizing module g04_mixed_procedural_add_candidate.
<suppressed ~204 debug messages>

7.2. Executing OPT_MERGE pass (detect identical cells).
Finding identical cells in module `\g04_mixed_procedural_add_candidate'.
Computing hashes of 394 cells of `\g04_mixed_procedural_add_candidate'.
Finding duplicate cells in `\g04_mixed_procedural_add_candidate'.
Removed a total of 0 cells.

7.3. Executing OPT_MUXTREE pass (detect dead branches in mux trees).
Running muxtree optimizer on module \g04_mixed_procedural_add_candidate..
  Creating internal representation of mux trees.
  No muxes found in this module.
Removed 0 multiplexer ports.

7.4. Executing OPT_REDUCE pass (consolidate $*mux and $reduce_* inputs).
  Optimizing cells in module \g04_mixed_procedural_add_candidate.
Performed a total of 0 changes.

7.5. Executing OPT_MERGE pass (detect identical cells).
Finding identical cells in module `\g04_mixed_procedural_add_candidate'.
Computing hashes of 394 cells of `\g04_mixed_procedural_add_candidate'.
Finding duplicate cells in `\g04_mixed_procedural_add_candidate'.
Removed a total of 0 cells.

7.6. Executing OPT_DFF pass (perform DFF optimizations).

7.7. Executing OPT_CLEAN pass (remove unused cells and wires).
Finding unused cells or wires in module \g04_mixed_procedural_add_candidate..
Removed 84 unused cells and 156 unused wires.
<suppressed ~85 debug messages>

7.8. Executing OPT_EXPR pass (perform const folding).
Optimizing module g04_mixed_procedural_add_candidate.

7.9. Rerunning OPT passes. (Maybe there is more to do..)

7.10. Executing OPT_MUXTREE pass (detect dead branches in mux trees).
Running muxtree optimizer on module \g04_mixed_procedural_add_candidate..
  Creating internal representation of mux trees.
  No muxes found in this module.
Removed 0 multiplexer ports.

7.11. Executing OPT_REDUCE pass (consolidate $*mux and $reduce_* inputs).
  Optimizing cells in module \g04_mixed_procedural_add_candidate.
Performed a total of 0 changes.

7.12. Executing OPT_MERGE pass (detect identical cells).
Finding identical cells in module `\g04_mixed_procedural_add_candidate'.
Computing hashes of 310 cells of `\g04_mixed_procedural_add_candidate'.
Finding duplicate cells in `\g04_mixed_procedural_add_candidate'.
Removed a total of 0 cells.

7.13. Executing OPT_DFF pass (perform DFF optimizations).

7.14. Executing OPT_CLEAN pass (remove unused cells and wires).
Finding unused cells or wires in module \g04_mixed_procedural_add_candidate..

7.15. Executing OPT_EXPR pass (perform const folding).
Optimizing module g04_mixed_procedural_add_candidate.

7.16. Finished fast OPT passes. (There is nothing left to do.)

8. Executing ABC pass (technology mapping using ABC).

8.1. Extracting gate netlist of module `\g04_mixed_procedural_add_candidate' to `<abc-temp-dir>/input.blif'..

8.1.1. Executed ABC.
Extracted 310 gates and 375 wires to a netlist network with 65 inputs and 16 outputs.
Running ABC script: <abc-temp-dir>/abc.script
ABC: ======== ABC command line "source <abc-temp-dir>/abc.script"
ABC: + read_blif <abc-temp-dir>/input.blif 
ABC: + read_library <abc-temp-dir>/stdcells.genlib 
ABC: + strash 
ABC: + &get -n 
ABC: + &fraig -x 
ABC: + &put 
ABC: + scorr 
ABC: Warning: The network is combinational (run "fraig" or "fraig_sweep").
ABC: + dc2 
ABC: + dretime 
ABC: + strash 
ABC: + &get -n 
ABC: + &dch -f 
ABC: + &nf 
ABC: + &put 
ABC: + write_blif <abc-temp-dir>/output.blif 

8.1.2. Re-integrating ABC results.
ABC RESULTS:               AND cells:       87
ABC RESULTS:               MUX cells:       16
ABC RESULTS:                OR cells:       49
ABC RESULTS:               XOR cells:       93
ABC RESULTS:        internal signals:      294
ABC RESULTS:           input signals:       65
ABC RESULTS:          output signals:       16
Removing temp directory.
Removing global temp directory.
Removed 0 unused cells and 207 unused wires.

9. Printing statistics.

=== g04_mixed_procedural_add_candidate ===

        +----------Local Count, excluding submodules.
        | 
      235 wires
      310 wire bits
        6 public wires
       81 public wire bits
        6 ports
       81 port bits
      245 cells
       87   $_AND_
       16   $_MUX_
       49   $_OR_
       93   $_XOR_

10. Executing LTP pass (find longest path).

Longest topological path in g04_mixed_procedural_add_candidate (length=33):
    0: \a [1]
    1: $abc$773$new_n154 (via $abc$773$auto$blifparse.cc:397:parse_blif$846)
    2: $abc$773$new_n232 (via $abc$773$auto$blifparse.cc:397:parse_blif$924)
    3: $abc$773$new_n238 (via $abc$773$auto$blifparse.cc:397:parse_blif$930)
    4: $abc$773$new_n239 (via $abc$773$auto$blifparse.cc:397:parse_blif$931)
    5: $abc$773$new_n240 (via $abc$773$auto$blifparse.cc:397:parse_blif$932)
    6: $abc$773$new_n242 (via $abc$773$auto$blifparse.cc:397:parse_blif$934)
    7: $abc$773$new_n243 (via $abc$773$auto$blifparse.cc:397:parse_blif$935)
    8: $abc$773$new_n245 (via $abc$773$auto$blifparse.cc:397:parse_blif$937)
    9: $abc$773$new_n246 (via $abc$773$auto$blifparse.cc:397:parse_blif$938)
   10: $abc$773$new_n248 (via $abc$773$auto$blifparse.cc:397:parse_blif$940)
   11: $abc$773$new_n249 (via $abc$773$auto$blifparse.cc:397:parse_blif$941)
   12: $abc$773$new_n250 (via $abc$773$auto$blifparse.cc:397:parse_blif$942)
   13: $abc$773$new_n251 (via $abc$773$auto$blifparse.cc:397:parse_blif$943)
   14: $abc$773$new_n253 (via $abc$773$auto$blifparse.cc:397:parse_blif$945)
   15: $abc$773$new_n254 (via $abc$773$auto$blifparse.cc:397:parse_blif$946)
   16: $abc$773$new_n256 (via $abc$773$auto$blifparse.cc:397:parse_blif$948)
   17: $abc$773$new_n257 (via $abc$773$auto$blifparse.cc:397:parse_blif$949)
   18: $abc$773$new_n259 (via $abc$773$auto$blifparse.cc:397:parse_blif$951)
   19: $abc$773$new_n260 (via $abc$773$auto$blifparse.cc:397:parse_blif$952)
   20: $abc$773$new_n261 (via $abc$773$auto$blifparse.cc:397:parse_blif$953)
   21: $abc$773$new_n262 (via $abc$773$auto$blifparse.cc:397:parse_blif$954)
   22: $abc$773$new_n264 (via $abc$773$auto$blifparse.cc:397:parse_blif$956)
   23: $abc$773$new_n265 (via $abc$773$auto$blifparse.cc:397:parse_blif$957)
   24: $abc$773$new_n266 (via $abc$773$auto$blifparse.cc:397:parse_blif$958)
   25: $abc$773$new_n267 (via $abc$773$auto$blifparse.cc:397:parse_blif$959)
   26: $abc$773$new_n269 (via $abc$773$auto$blifparse.cc:397:parse_blif$961)
   27: $abc$773$new_n270 (via $abc$773$auto$blifparse.cc:397:parse_blif$962)
   28: $abc$773$new_n271 (via $abc$773$auto$blifparse.cc:397:parse_blif$963)
   29: $abc$773$new_n272 (via $abc$773$auto$blifparse.cc:397:parse_blif$964)
   30: $abc$773$new_n286 (via $abc$773$auto$blifparse.cc:397:parse_blif$978)
   31: $abc$773$new_n317 (via $abc$773$auto$blifparse.cc:397:parse_blif$1009)
   32: $abc$773$new_n325 (via $abc$773$auto$blifparse.cc:397:parse_blif$1017)
   33: \y [15] (via $abc$773$auto$blifparse.cc:397:parse_blif$1018)

End of script. Logfile hash: 7dae193ff1, CPU: user 0.06s system 0.02s, MEM: 18.98 MB peak
Yosys 0.63 (git sha1 70a11c6bf0e8dd669f56c7da3587f78b405138e2, clang++ 17.0.0 -fPIC -O3)
Time spent: 69% 1x abc (0 sec), 7% 1x techmap (0 sec), ...
