
 /----------------------------------------------------------------------------\
 |  yosys -- Yosys Open SYnthesis Suite                                       |
 |  Copyright (C) 2012 - 2026  Claire Xenia Wolf <claire@yosyshq.com>         |
 |  Distributed under an ISC-like license, type "license" to see terms        |
 \----------------------------------------------------------------------------/
 Yosys 0.63 (git sha1 70a11c6bf0e8dd669f56c7da3587f78b405138e2, clang++ 17.0.0 -fPIC -O3)

-- Running command `read_verilog -sv experiments/plugin-abc-v1/instrumented/installed-acceptance/v2/arm-a/r2/attempt-001/candidates/g05_factor_common.sv; hierarchy -top g05_mux_common_logic_candidate; proc; flatten; opt; techmap; opt; abc -g simple; clean; stat; ltp -noff' --

1. Executing Verilog-2005 frontend: experiments/plugin-abc-v1/instrumented/installed-acceptance/v2/arm-a/r2/attempt-001/candidates/g05_factor_common.sv
Parsing SystemVerilog input from `experiments/plugin-abc-v1/instrumented/installed-acceptance/v2/arm-a/r2/attempt-001/candidates/g05_factor_common.sv' to AST representation.
Generating RTLIL representation for module `\g05_mux_common_logic_candidate'.
Successfully finished Verilog frontend.

2. Executing HIERARCHY pass (managing design hierarchy).

2.1. Analyzing design hierarchy..
Top module:  \g05_mux_common_logic_candidate

2.2. Analyzing design hierarchy..
Top module:  \g05_mux_common_logic_candidate
Removed 0 unused modules.

3. Executing PROC pass (convert processes to netlists).

3.1. Executing PROC_CLEAN pass (remove empty switches from decision trees).
Cleaned up 0 empty switches.

3.2. Executing PROC_RMDEAD pass (remove dead branches from decision trees).
Removed a total of 0 dead cases.

3.3. Executing PROC_PRUNE pass (remove redundant assignments in processes).
Removed 0 redundant assignments.
Promoted 0 assignments to connections.

3.4. Executing PROC_INIT pass (extract init attributes).

3.5. Executing PROC_ARST pass (detect async resets in processes).

3.6. Executing PROC_ROM pass (convert switches to ROMs).
Converted 0 switches.

3.7. Executing PROC_MUX pass (convert decision trees to multiplexers).

3.8. Executing PROC_DLATCH pass (convert process syncs to latches).

3.9. Executing PROC_DFF pass (convert process syncs to FFs).

3.10. Executing PROC_MEMWR pass (convert process memory writes to cells).

3.11. Executing PROC_CLEAN pass (remove empty switches from decision trees).
Cleaned up 0 empty switches.

3.12. Executing OPT_EXPR pass (perform const folding).
Optimizing module g05_mux_common_logic_candidate.

4. Executing FLATTEN pass (flatten design).

5. Executing OPT pass (performing simple optimizations).

5.1. Executing OPT_EXPR pass (perform const folding).
Optimizing module g05_mux_common_logic_candidate.

5.2. Executing OPT_MERGE pass (detect identical cells).
Finding identical cells in module `\g05_mux_common_logic_candidate'.
Computing hashes of 2 cells of `\g05_mux_common_logic_candidate'.
Finding duplicate cells in `\g05_mux_common_logic_candidate'.
Removed a total of 0 cells.

5.3. Executing OPT_MUXTREE pass (detect dead branches in mux trees).
Running muxtree optimizer on module \g05_mux_common_logic_candidate..
  Creating internal representation of mux trees.
  Evaluating internal representation of mux trees.
  Analyzing evaluation results.
Removed 0 multiplexer ports.
<suppressed ~2 debug messages>

5.4. Executing OPT_REDUCE pass (consolidate $*mux and $reduce_* inputs).
  Optimizing cells in module \g05_mux_common_logic_candidate.
Performed a total of 0 changes.

5.5. Executing OPT_MERGE pass (detect identical cells).
Finding identical cells in module `\g05_mux_common_logic_candidate'.
Computing hashes of 2 cells of `\g05_mux_common_logic_candidate'.
Finding duplicate cells in `\g05_mux_common_logic_candidate'.
Removed a total of 0 cells.

5.6. Executing OPT_DFF pass (perform DFF optimizations).

5.7. Executing OPT_CLEAN pass (remove unused cells and wires).
Finding unused cells or wires in module \g05_mux_common_logic_candidate..
Removed 0 unused cells and 1 unused wires.
<suppressed ~1 debug messages>

5.8. Executing OPT_EXPR pass (perform const folding).
Optimizing module g05_mux_common_logic_candidate.

5.9. Rerunning OPT passes. (Maybe there is more to do..)

5.10. Executing OPT_MUXTREE pass (detect dead branches in mux trees).
Running muxtree optimizer on module \g05_mux_common_logic_candidate..
  Creating internal representation of mux trees.
  Evaluating internal representation of mux trees.
  Analyzing evaluation results.
Removed 0 multiplexer ports.
<suppressed ~2 debug messages>

5.11. Executing OPT_REDUCE pass (consolidate $*mux and $reduce_* inputs).
  Optimizing cells in module \g05_mux_common_logic_candidate.
Performed a total of 0 changes.

5.12. Executing OPT_MERGE pass (detect identical cells).
Finding identical cells in module `\g05_mux_common_logic_candidate'.
Computing hashes of 2 cells of `\g05_mux_common_logic_candidate'.
Finding duplicate cells in `\g05_mux_common_logic_candidate'.
Removed a total of 0 cells.

5.13. Executing OPT_DFF pass (perform DFF optimizations).

5.14. Executing OPT_CLEAN pass (remove unused cells and wires).
Finding unused cells or wires in module \g05_mux_common_logic_candidate..

5.15. Executing OPT_EXPR pass (perform const folding).
Optimizing module g05_mux_common_logic_candidate.

5.16. Finished fast OPT passes. (There is nothing left to do.)

6. Executing TECHMAP pass (map to technology primitives).

6.1. Executing Verilog-2005 frontend: /opt/homebrew/bin/../share/yosys/techmap.v
Parsing Verilog input from `/opt/homebrew/bin/../share/yosys/techmap.v' to AST representation.
Generating RTLIL representation for module `\_90_simplemap_bool_ops'.
Generating RTLIL representation for module `\_90_simplemap_reduce_ops'.
Generating RTLIL representation for module `\_90_simplemap_logic_ops'.
Generating RTLIL representation for module `\_90_simplemap_compare_ops'.
Generating RTLIL representation for module `\_90_simplemap_various'.
Generating RTLIL representation for module `\_90_simplemap_registers'.
Generating RTLIL representation for module `\_90_shift_ops_shr_shl_sshl_sshr'.
Generating RTLIL representation for module `\_90_shift_shiftx'.
Generating RTLIL representation for module `\_90_fa'.
Generating RTLIL representation for module `\_90_lcu_brent_kung'.
Generating RTLIL representation for module `\_90_alu'.
Generating RTLIL representation for module `\_90_macc'.
Generating RTLIL representation for module `\_90_alumacc'.
Generating RTLIL representation for module `$__div_mod_u'.
Generating RTLIL representation for module `$__div_mod_trunc'.
Generating RTLIL representation for module `\_90_div'.
Generating RTLIL representation for module `\_90_mod'.
Generating RTLIL representation for module `$__div_mod_floor'.
Generating RTLIL representation for module `\_90_divfloor'.
Generating RTLIL representation for module `\_90_modfloor'.
Generating RTLIL representation for module `\_90_pow'.
Generating RTLIL representation for module `\_90_pmux'.
Generating RTLIL representation for module `\_90_demux'.
Generating RTLIL representation for module `\_90_lut'.
Generating RTLIL representation for module `$connect'.
Generating RTLIL representation for module `$input_port'.
Successfully finished Verilog frontend.

6.2. Continuing TECHMAP pass.
Using extmapper simplemap for cells of type $mux.
Running "alumacc" on wrapper $extern:wrap:$add:Y_WIDTH=16:B_WIDTH=16:A_WIDTH=16:B_SIGNED=0:A_SIGNED=0:394426c56d1a028ba8fdd5469b163e04011def47.
Using template $extern:wrap:$add:Y_WIDTH=16:B_WIDTH=16:A_WIDTH=16:B_SIGNED=0:A_SIGNED=0:394426c56d1a028ba8fdd5469b163e04011def47 for cells of type $extern:wrap:$add:Y_WIDTH=16:B_WIDTH=16:A_WIDTH=16:B_SIGNED=0:A_SIGNED=0:394426c56d1a028ba8fdd5469b163e04011def47.
Using template $paramod$6df0329addda9228fcc2546de2aaf14ad26c98e1\_90_alu for cells of type $alu.
Using extmapper simplemap for cells of type $xor.
Using template $paramod\_90_fa\WIDTH=32'00000000000000000000000000010000 for cells of type $fa.
Using template $paramod\_90_lcu_brent_kung\WIDTH=32'00000000000000000000000000010000 for cells of type $lcu.
Using extmapper simplemap for cells of type $pos.
Using extmapper simplemap for cells of type $not.
Using extmapper simplemap for cells of type $or.
Using extmapper simplemap for cells of type $and.
No more expansions possible.
<suppressed ~325 debug messages>

7. Executing OPT pass (performing simple optimizations).

7.1. Executing OPT_EXPR pass (perform const folding).
Optimizing module g05_mux_common_logic_candidate.
<suppressed ~68 debug messages>

7.2. Executing OPT_MERGE pass (detect identical cells).
Finding identical cells in module `\g05_mux_common_logic_candidate'.
Computing hashes of 142 cells of `\g05_mux_common_logic_candidate'.
Finding duplicate cells in `\g05_mux_common_logic_candidate'.
Removed a total of 0 cells.

7.3. Executing OPT_MUXTREE pass (detect dead branches in mux trees).
Running muxtree optimizer on module \g05_mux_common_logic_candidate..
  Creating internal representation of mux trees.
  No muxes found in this module.
Removed 0 multiplexer ports.

7.4. Executing OPT_REDUCE pass (consolidate $*mux and $reduce_* inputs).
  Optimizing cells in module \g05_mux_common_logic_candidate.
Performed a total of 0 changes.

7.5. Executing OPT_MERGE pass (detect identical cells).
Finding identical cells in module `\g05_mux_common_logic_candidate'.
Computing hashes of 142 cells of `\g05_mux_common_logic_candidate'.
Finding duplicate cells in `\g05_mux_common_logic_candidate'.
Removed a total of 0 cells.

7.6. Executing OPT_DFF pass (perform DFF optimizations).

7.7. Executing OPT_CLEAN pass (remove unused cells and wires).
Finding unused cells or wires in module \g05_mux_common_logic_candidate..
Removed 28 unused cells and 52 unused wires.
<suppressed ~29 debug messages>

7.8. Executing OPT_EXPR pass (perform const folding).
Optimizing module g05_mux_common_logic_candidate.

7.9. Rerunning OPT passes. (Maybe there is more to do..)

7.10. Executing OPT_MUXTREE pass (detect dead branches in mux trees).
Running muxtree optimizer on module \g05_mux_common_logic_candidate..
  Creating internal representation of mux trees.
  No muxes found in this module.
Removed 0 multiplexer ports.

7.11. Executing OPT_REDUCE pass (consolidate $*mux and $reduce_* inputs).
  Optimizing cells in module \g05_mux_common_logic_candidate.
Performed a total of 0 changes.

7.12. Executing OPT_MERGE pass (detect identical cells).
Finding identical cells in module `\g05_mux_common_logic_candidate'.
Computing hashes of 114 cells of `\g05_mux_common_logic_candidate'.
Finding duplicate cells in `\g05_mux_common_logic_candidate'.
Removed a total of 0 cells.

7.13. Executing OPT_DFF pass (perform DFF optimizations).

7.14. Executing OPT_CLEAN pass (remove unused cells and wires).
Finding unused cells or wires in module \g05_mux_common_logic_candidate..

7.15. Executing OPT_EXPR pass (perform const folding).
Optimizing module g05_mux_common_logic_candidate.

7.16. Finished fast OPT passes. (There is nothing left to do.)

8. Executing ABC pass (technology mapping using ABC).

8.1. Extracting gate netlist of module `\g05_mux_common_logic_candidate' to `<abc-temp-dir>/input.blif'..

8.1.1. Executed ABC.
Extracted 114 gates and 163 wires to a netlist network with 49 inputs and 16 outputs.
Running ABC script: <abc-temp-dir>/abc.script
ABC: ======== ABC command line "source <abc-temp-dir>/abc.script"
ABC: + read_blif <abc-temp-dir>/input.blif 
ABC: + read_library <abc-temp-dir>/stdcells.genlib 
ABC: + strash 
ABC: + &get -n 
ABC: + &fraig -x 
ABC: + &put 
ABC: + scorr 
ABC: Warning: The network is combinational (run "fraig" or "fraig_sweep").
ABC: + dc2 
ABC: + dretime 
ABC: + strash 
ABC: + &get -n 
ABC: + &dch -f 
ABC: + &nf 
ABC: + &put 
ABC: + write_blif <abc-temp-dir>/output.blif 

8.1.2. Re-integrating ABC results.
ABC RESULTS:               AND cells:       29
ABC RESULTS:               MUX cells:       16
ABC RESULTS:                OR cells:       17
ABC RESULTS:               XOR cells:       31
ABC RESULTS:        internal signals:       98
ABC RESULTS:           input signals:       49
ABC RESULTS:          output signals:       16
Removing temp directory.
Removing global temp directory.
Removed 0 unused cells and 107 unused wires.

9. Printing statistics.

=== g05_mux_common_logic_candidate ===

        +----------Local Count, excluding submodules.
        | 
       82 wires
      142 wire bits
        5 public wires
       65 public wire bits
        5 ports
       65 port bits
       93 cells
       29   $_AND_
       16   $_MUX_
       17   $_OR_
       31   $_XOR_

10. Executing LTP pass (find longest path).

Longest topological path in g05_mux_common_logic_candidate (length=31):
    0: \b [1]
    1: $abc$380$new_n103 (via $abc$380$auto$blifparse.cc:397:parse_blif$418)
    2: $abc$380$new_n105 (via $abc$380$auto$blifparse.cc:397:parse_blif$420)
    3: $abc$380$new_n106 (via $abc$380$auto$blifparse.cc:397:parse_blif$421)
    4: $abc$380$new_n107 (via $abc$380$auto$blifparse.cc:397:parse_blif$422)
    5: $abc$380$new_n109 (via $abc$380$auto$blifparse.cc:397:parse_blif$424)
    6: $abc$380$new_n110 (via $abc$380$auto$blifparse.cc:397:parse_blif$425)
    7: $abc$380$new_n111 (via $abc$380$auto$blifparse.cc:397:parse_blif$426)
    8: $abc$380$new_n112 (via $abc$380$auto$blifparse.cc:397:parse_blif$427)
    9: $abc$380$new_n113 (via $abc$380$auto$blifparse.cc:397:parse_blif$428)
   10: $abc$380$new_n114 (via $abc$380$auto$blifparse.cc:397:parse_blif$429)
   11: $abc$380$new_n115 (via $abc$380$auto$blifparse.cc:397:parse_blif$430)
   12: $abc$380$new_n116 (via $abc$380$auto$blifparse.cc:397:parse_blif$431)
   13: $abc$380$new_n117 (via $abc$380$auto$blifparse.cc:397:parse_blif$432)
   14: $abc$380$new_n118 (via $abc$380$auto$blifparse.cc:397:parse_blif$433)
   15: $abc$380$new_n119 (via $abc$380$auto$blifparse.cc:397:parse_blif$434)
   16: $abc$380$new_n120 (via $abc$380$auto$blifparse.cc:397:parse_blif$435)
   17: $abc$380$new_n121 (via $abc$380$auto$blifparse.cc:397:parse_blif$436)
   18: $abc$380$new_n122 (via $abc$380$auto$blifparse.cc:397:parse_blif$437)
   19: $abc$380$new_n124 (via $abc$380$auto$blifparse.cc:397:parse_blif$439)
   20: $abc$380$new_n125 (via $abc$380$auto$blifparse.cc:397:parse_blif$440)
   21: $abc$380$new_n126 (via $abc$380$auto$blifparse.cc:397:parse_blif$441)
   22: $abc$380$new_n127 (via $abc$380$auto$blifparse.cc:397:parse_blif$442)
   23: $abc$380$new_n128 (via $abc$380$auto$blifparse.cc:397:parse_blif$443)
   24: $abc$380$new_n129 (via $abc$380$auto$blifparse.cc:397:parse_blif$444)
   25: $abc$380$new_n131 (via $abc$380$auto$blifparse.cc:397:parse_blif$446)
   26: $abc$380$new_n132 (via $abc$380$auto$blifparse.cc:397:parse_blif$447)
   27: $abc$380$new_n134 (via $abc$380$auto$blifparse.cc:397:parse_blif$449)
   28: $abc$380$new_n135 (via $abc$380$auto$blifparse.cc:397:parse_blif$450)
   29: $abc$380$new_n137 (via $abc$380$auto$blifparse.cc:397:parse_blif$452)
   30: $abc$380$new_n138 (via $abc$380$auto$blifparse.cc:397:parse_blif$453)
   31: \y [15] (via $abc$380$auto$blifparse.cc:397:parse_blif$456)

End of script. Logfile hash: 1f1334736e, CPU: user 0.05s system 0.01s, MEM: 16.27 MB peak
Yosys 0.63 (git sha1 70a11c6bf0e8dd669f56c7da3587f78b405138e2, clang++ 17.0.0 -fPIC -O3)
Time spent: 74% 1x abc (0 sec), 6% 3x read_verilog (0 sec), ...
