
 /----------------------------------------------------------------------------\
 |  yosys -- Yosys Open SYnthesis Suite                                       |
 |  Copyright (C) 2012 - 2026  Claire Xenia Wolf <claire@yosyshq.com>         |
 |  Distributed under an ISC-like license, type "license" to see terms        |
 \----------------------------------------------------------------------------/
 Yosys 0.63 (git sha1 70a11c6bf0e8dd669f56c7da3587f78b405138e2, clang++ 17.0.0 -fPIC -O3)

-- Running command `read_verilog -sv experiments/plugin-abc-v1/cases/generated/g06_priority_decode.sv experiments/plugin-abc-v1/instrumented/installed-acceptance/v2/arm-a/r2/attempt-001/candidates/g06_loop_priority.sv; proc; equiv_make g06_priority_decode g06_priority_decode_candidate equiv; prep -top equiv; equiv_simple; equiv_status -assert' --

1. Executing Verilog-2005 frontend: experiments/plugin-abc-v1/cases/generated/g06_priority_decode.sv
Parsing SystemVerilog input from `experiments/plugin-abc-v1/cases/generated/g06_priority_decode.sv' to AST representation.
Generating RTLIL representation for module `\g06_priority_decode'.
Successfully finished Verilog frontend.

2. Executing Verilog-2005 frontend: experiments/plugin-abc-v1/instrumented/installed-acceptance/v2/arm-a/r2/attempt-001/candidates/g06_loop_priority.sv
Parsing SystemVerilog input from `experiments/plugin-abc-v1/instrumented/installed-acceptance/v2/arm-a/r2/attempt-001/candidates/g06_loop_priority.sv' to AST representation.
Generating RTLIL representation for module `\g06_priority_decode_candidate'.
Successfully finished Verilog frontend.

3. Executing PROC pass (convert processes to netlists).

3.1. Executing PROC_CLEAN pass (remove empty switches from decision trees).
Cleaned up 0 empty switches.

3.2. Executing PROC_RMDEAD pass (remove dead branches from decision trees).
Marked 8 switch rules as full_case in process $proc$experiments/plugin-abc-v1/instrumented/installed-acceptance/v2/arm-a/r2/attempt-001/candidates/g06_loop_priority.sv:6$4 in module g06_priority_decode_candidate.
Marked 8 switch rules as full_case in process $proc$experiments/plugin-abc-v1/cases/generated/g06_priority_decode.sv:6$1 in module g06_priority_decode.
Removed a total of 0 dead cases.

3.3. Executing PROC_PRUNE pass (remove redundant assignments in processes).
Removed 0 redundant assignments.
Promoted 5 assignments to connections.

3.4. Executing PROC_INIT pass (extract init attributes).

3.5. Executing PROC_ARST pass (detect async resets in processes).

3.6. Executing PROC_ROM pass (convert switches to ROMs).
Converted 0 switches.
<suppressed ~16 debug messages>

3.7. Executing PROC_MUX pass (convert decision trees to multiplexers).
Creating decoders for process `\g06_priority_decode_candidate.$proc$experiments/plugin-abc-v1/instrumented/installed-acceptance/v2/arm-a/r2/attempt-001/candidates/g06_loop_priority.sv:6$4'.
     1/8: $8\index[2:0]
     2/8: $7\index[2:0]
     3/8: $6\index[2:0]
     4/8: $5\index[2:0]
     5/8: $4\index[2:0]
     6/8: $3\index[2:0]
     7/8: $2\index[2:0]
     8/8: $1\index[2:0]
Creating decoders for process `\g06_priority_decode.$proc$experiments/plugin-abc-v1/cases/generated/g06_priority_decode.sv:6$1'.
     1/16: $8\index[2:0]
     2/16: $8\valid[0:0]
     3/16: $7\index[2:0]
     4/16: $7\valid[0:0]
     5/16: $6\index[2:0]
     6/16: $6\valid[0:0]
     7/16: $5\index[2:0]
     8/16: $5\valid[0:0]
     9/16: $4\index[2:0]
    10/16: $4\valid[0:0]
    11/16: $3\index[2:0]
    12/16: $3\valid[0:0]
    13/16: $2\index[2:0]
    14/16: $2\valid[0:0]
    15/16: $1\index[2:0]
    16/16: $1\valid[0:0]

3.8. Executing PROC_DLATCH pass (convert process syncs to latches).
No latch inferred for signal `\g06_priority_decode_candidate.\index' from process `\g06_priority_decode_candidate.$proc$experiments/plugin-abc-v1/instrumented/installed-acceptance/v2/arm-a/r2/attempt-001/candidates/g06_loop_priority.sv:6$4'.
No latch inferred for signal `\g06_priority_decode_candidate.\valid' from process `\g06_priority_decode_candidate.$proc$experiments/plugin-abc-v1/instrumented/installed-acceptance/v2/arm-a/r2/attempt-001/candidates/g06_loop_priority.sv:6$4'.
No latch inferred for signal `\g06_priority_decode_candidate.$fordecl_block$2.i' from process `\g06_priority_decode_candidate.$proc$experiments/plugin-abc-v1/instrumented/installed-acceptance/v2/arm-a/r2/attempt-001/candidates/g06_loop_priority.sv:6$4'.
No latch inferred for signal `\g06_priority_decode.\index' from process `\g06_priority_decode.$proc$experiments/plugin-abc-v1/cases/generated/g06_priority_decode.sv:6$1'.
No latch inferred for signal `\g06_priority_decode.\valid' from process `\g06_priority_decode.$proc$experiments/plugin-abc-v1/cases/generated/g06_priority_decode.sv:6$1'.

3.9. Executing PROC_DFF pass (convert process syncs to FFs).

3.10. Executing PROC_MEMWR pass (convert process memory writes to cells).

3.11. Executing PROC_CLEAN pass (remove empty switches from decision trees).
Found and cleaned up 8 empty switches in `\g06_priority_decode_candidate.$proc$experiments/plugin-abc-v1/instrumented/installed-acceptance/v2/arm-a/r2/attempt-001/candidates/g06_loop_priority.sv:6$4'.
Removing empty process `g06_priority_decode_candidate.$proc$experiments/plugin-abc-v1/instrumented/installed-acceptance/v2/arm-a/r2/attempt-001/candidates/g06_loop_priority.sv:6$4'.
Found and cleaned up 8 empty switches in `\g06_priority_decode.$proc$experiments/plugin-abc-v1/cases/generated/g06_priority_decode.sv:6$1'.
Removing empty process `g06_priority_decode.$proc$experiments/plugin-abc-v1/cases/generated/g06_priority_decode.sv:6$1'.
Cleaned up 16 empty switches.

3.12. Executing OPT_EXPR pass (perform const folding).
Optimizing module g06_priority_decode_candidate.
Optimizing module g06_priority_decode.

4. Executing EQUIV_MAKE pass (creating equiv checking module).
Presumably equivalent wires: valid_gold ($procmux$243_Y_gold), valid_gate ($reduce_or$experiments/plugin-abc-v1/instrumented/installed-acceptance/v2/arm-a/r2/attempt-001/candidates/g06_loop_priority.sv:8$6_Y_gate) -> valid
Presumably equivalent wires: index_gold ($procmux$240_Y_gold), index_gate ($procmux$8_Y_gate) -> index
Presumably equivalent wires: request_gold (\request_gold), request_gate (\request_gate) -> request

5. Executing PREP pass.

5.1. Executing HIERARCHY pass (managing design hierarchy).

5.1.1. Analyzing design hierarchy..
Top module:  \equiv

5.1.2. Analyzing design hierarchy..
Top module:  \equiv
Removing unused module `\g06_priority_decode_candidate'.
Removing unused module `\g06_priority_decode'.
Removed 2 unused modules.

5.2. Executing PROC pass (convert processes to netlists).

5.2.1. Executing PROC_CLEAN pass (remove empty switches from decision trees).
Cleaned up 0 empty switches.

5.2.2. Executing PROC_RMDEAD pass (remove dead branches from decision trees).
Removed a total of 0 dead cases.

5.2.3. Executing PROC_PRUNE pass (remove redundant assignments in processes).
Removed 0 redundant assignments.
Promoted 0 assignments to connections.

5.2.4. Executing PROC_INIT pass (extract init attributes).

5.2.5. Executing PROC_ARST pass (detect async resets in processes).

5.2.6. Executing PROC_ROM pass (convert switches to ROMs).
Converted 0 switches.

5.2.7. Executing PROC_MUX pass (convert decision trees to multiplexers).

5.2.8. Executing PROC_DLATCH pass (convert process syncs to latches).

5.2.9. Executing PROC_DFF pass (convert process syncs to FFs).

5.2.10. Executing PROC_MEMWR pass (convert process memory writes to cells).

5.2.11. Executing PROC_CLEAN pass (remove empty switches from decision trees).
Cleaned up 0 empty switches.

5.2.12. Executing OPT_EXPR pass (perform const folding).
Optimizing module equiv.

5.3. Executing FUTURE pass.

5.4. Executing OPT_EXPR pass (perform const folding).
Optimizing module equiv.

5.5. Executing OPT_CLEAN pass (remove unused cells and wires).
Finding unused cells or wires in module \equiv..
Removed 0 unused cells and 112 unused wires.
<suppressed ~1 debug messages>

5.6. Executing CHECK pass (checking for obvious problems).
Checking module equiv...
Found and reported 0 problems.

5.7. Executing OPT pass (performing simple optimizations).

5.7.1. Executing OPT_EXPR pass (perform const folding).
Optimizing module equiv.

5.7.2. Executing OPT_MERGE pass (detect identical cells).
Finding identical cells in module `\equiv'.
Computing hashes of 83 cells of `\equiv'.
Finding duplicate cells in `\equiv'.
Removed a total of 0 cells.

5.7.3. Executing OPT_MUXTREE pass (detect dead branches in mux trees).
Running muxtree optimizer on module \equiv..
  Creating internal representation of mux trees.
  Evaluating internal representation of mux trees.
  Analyzing evaluation results.
    dead port 1/2 on $mux $procmux$237_gold.
    dead port 1/2 on $mux $procmux$231_gold.
    dead port 1/2 on $mux $procmux$225_gold.
    dead port 1/2 on $mux $procmux$222_gold.
    dead port 1/2 on $mux $procmux$216_gold.
    dead port 1/2 on $mux $procmux$213_gold.
    dead port 1/2 on $mux $procmux$207_gold.
    dead port 1/2 on $mux $procmux$204_gold.
    dead port 1/2 on $mux $procmux$201_gold.
    dead port 1/2 on $mux $procmux$195_gold.
    dead port 1/2 on $mux $procmux$192_gold.
    dead port 1/2 on $mux $procmux$189_gold.
    dead port 1/2 on $mux $procmux$183_gold.
    dead port 1/2 on $mux $procmux$180_gold.
    dead port 1/2 on $mux $procmux$177_gold.
    dead port 1/2 on $mux $procmux$174_gold.
    dead port 1/2 on $mux $procmux$168_gold.
    dead port 1/2 on $mux $procmux$165_gold.
    dead port 1/2 on $mux $procmux$162_gold.
    dead port 1/2 on $mux $procmux$159_gold.
    dead port 1/2 on $mux $procmux$153_gold.
    dead port 1/2 on $mux $procmux$150_gold.
    dead port 1/2 on $mux $procmux$147_gold.
    dead port 1/2 on $mux $procmux$144_gold.
    dead port 1/2 on $mux $procmux$141_gold.
    dead port 1/2 on $mux $procmux$135_gold.
    dead port 1/2 on $mux $procmux$132_gold.
    dead port 1/2 on $mux $procmux$129_gold.
    dead port 1/2 on $mux $procmux$126_gold.
    dead port 1/2 on $mux $procmux$123_gold.
    dead port 1/2 on $mux $procmux$117_gold.
    dead port 1/2 on $mux $procmux$114_gold.
    dead port 1/2 on $mux $procmux$111_gold.
    dead port 1/2 on $mux $procmux$108_gold.
    dead port 1/2 on $mux $procmux$105_gold.
    dead port 1/2 on $mux $procmux$102_gold.
    dead port 1/2 on $mux $procmux$96_gold.
    dead port 1/2 on $mux $procmux$93_gold.
    dead port 1/2 on $mux $procmux$90_gold.
    dead port 1/2 on $mux $procmux$87_gold.
    dead port 1/2 on $mux $procmux$84_gold.
    dead port 1/2 on $mux $procmux$81_gold.
    dead port 1/2 on $mux $procmux$75_gold.
    dead port 1/2 on $mux $procmux$72_gold.
    dead port 1/2 on $mux $procmux$69_gold.
    dead port 1/2 on $mux $procmux$66_gold.
    dead port 1/2 on $mux $procmux$63_gold.
    dead port 1/2 on $mux $procmux$60_gold.
    dead port 1/2 on $mux $procmux$57_gold.
    dead port 1/2 on $mux $procmux$51_gold.
    dead port 1/2 on $mux $procmux$48_gold.
    dead port 1/2 on $mux $procmux$45_gold.
    dead port 1/2 on $mux $procmux$42_gold.
    dead port 1/2 on $mux $procmux$39_gold.
    dead port 1/2 on $mux $procmux$36_gold.
    dead port 1/2 on $mux $procmux$33_gold.
Removed 56 multiplexer ports.
<suppressed ~81 debug messages>

5.7.4. Executing OPT_REDUCE pass (consolidate $*mux and $reduce_* inputs).
  Optimizing cells in module \equiv.
Performed a total of 0 changes.

5.7.5. Executing OPT_MERGE pass (detect identical cells).
Finding identical cells in module `\equiv'.
Computing hashes of 27 cells of `\equiv'.
Finding duplicate cells in `\equiv'.
Computing hashes of 26 cells of `\equiv'.
Finding duplicate cells in `\equiv'.
Computing hashes of 25 cells of `\equiv'.
Finding duplicate cells in `\equiv'.
Computing hashes of 24 cells of `\equiv'.
Finding duplicate cells in `\equiv'.
Computing hashes of 23 cells of `\equiv'.
Finding duplicate cells in `\equiv'.
Computing hashes of 22 cells of `\equiv'.
Finding duplicate cells in `\equiv'.
Computing hashes of 21 cells of `\equiv'.
Finding duplicate cells in `\equiv'.
Computing hashes of 20 cells of `\equiv'.
Finding duplicate cells in `\equiv'.
<suppressed ~21 debug messages>
Removed a total of 7 cells.

5.7.6. Executing OPT_CLEAN pass (remove unused cells and wires).
Finding unused cells or wires in module \equiv..
Removed 0 unused cells and 62 unused wires.
<suppressed ~1 debug messages>

5.7.7. Executing OPT_EXPR pass (perform const folding).
Optimizing module equiv.

5.7.8. Rerunning OPT passes. (Maybe there is more to do..)

5.7.9. Executing OPT_MUXTREE pass (detect dead branches in mux trees).
Running muxtree optimizer on module \equiv..
  Creating internal representation of mux trees.
  Evaluating internal representation of mux trees.
  Analyzing evaluation results.
Removed 0 multiplexer ports.
<suppressed ~17 debug messages>

5.7.10. Executing OPT_REDUCE pass (consolidate $*mux and $reduce_* inputs).
  Optimizing cells in module \equiv.
Performed a total of 0 changes.

5.7.11. Executing OPT_MERGE pass (detect identical cells).
Finding identical cells in module `\equiv'.
Computing hashes of 20 cells of `\equiv'.
Finding duplicate cells in `\equiv'.
Removed a total of 0 cells.

5.7.12. Executing OPT_CLEAN pass (remove unused cells and wires).
Finding unused cells or wires in module \equiv..

5.7.13. Executing OPT_EXPR pass (perform const folding).
Optimizing module equiv.

5.7.14. Finished fast OPT passes. (There is nothing left to do.)

5.8. Executing WREDUCE pass (reducing word size of cells).
Removed top 2 bits (of 3) from mux cell equiv.$procmux$78_gold ($mux).
Removed top 1 bits (of 3) from mux cell equiv.$procmux$23_gate ($mux).
Removed top 1 bits (of 3) from wire equiv.$3\index[2:0]_gate.
Removed top 2 bits (of 3) from wire equiv.$2\index[2:0]_gate.

5.9. Executing OPT_CLEAN pass (remove unused cells and wires).
Finding unused cells or wires in module \equiv..
Removed 0 unused cells and 2 unused wires.
<suppressed ~1 debug messages>

5.10. Executing MEMORY_COLLECT pass (generating $mem cells).

5.11. Executing OPT pass (performing simple optimizations).

5.11.1. Executing OPT_EXPR pass (perform const folding).
Optimizing module equiv.

5.11.2. Executing OPT_MERGE pass (detect identical cells).
Finding identical cells in module `\equiv'.
Computing hashes of 20 cells of `\equiv'.
Finding duplicate cells in `\equiv'.
Removed a total of 0 cells.

5.11.3. Executing OPT_CLEAN pass (remove unused cells and wires).
Finding unused cells or wires in module \equiv..

5.11.4. Finished fast OPT passes.

5.12. Executing SORT pass.

5.13. Printing statistics.

=== equiv ===

        +----------Local Count, excluding submodules.
        | 
       22 wires
       58 wire bits
        9 public wires
       36 public wire bits
        3 ports
       12 port bits
       20 cells
        4   $equiv
       15   $mux
        1   $reduce_or

5.14. Executing CHECK pass (checking for obvious problems).
Checking module equiv...
Found and reported 0 problems.

6. Executing EQUIV_SIMPLE pass.
Found 1 unproven $equiv cells (1 groups) in equiv:
  Trying to prove $equiv for \valid:ezsat
 success!
Proved 1 previously unproven $equiv cells.

7. Executing EQUIV_STATUS pass.
Found 4 $equiv cells in equiv:
  Of those cells 4 are proven and 0 are unproven.
  Equivalence successfully proven!

End of script. Logfile hash: f7ecc1f31b, CPU: user 0.03s system 0.01s, MEM: 13.22 MB peak
Yosys 0.63 (git sha1 70a11c6bf0e8dd669f56c7da3587f78b405138e2, clang++ 17.0.0 -fPIC -O3)
Time spent: 24% 7x opt_expr (0 sec), 19% 5x opt_clean (0 sec), ...
