
 /----------------------------------------------------------------------------\
 |  yosys -- Yosys Open SYnthesis Suite                                       |
 |  Copyright (C) 2012 - 2026  Claire Xenia Wolf <claire@yosyshq.com>         |
 |  Distributed under an ISC-like license, type "license" to see terms        |
 \----------------------------------------------------------------------------/
 Yosys 0.63 (git sha1 70a11c6bf0e8dd669f56c7da3587f78b405138e2, clang++ 17.0.0 -fPIC -O3)

-- Running command `read_verilog -sv experiments/plugin-abc-v1/instrumented/installed-acceptance/v2/arm-a/r2/attempt-001/candidates/g06_loop_priority.sv; synth -top g06_priority_decode_candidate -lut 4; clean; stat; ltp -noff' --

1. Executing Verilog-2005 frontend: experiments/plugin-abc-v1/instrumented/installed-acceptance/v2/arm-a/r2/attempt-001/candidates/g06_loop_priority.sv
Parsing SystemVerilog input from `experiments/plugin-abc-v1/instrumented/installed-acceptance/v2/arm-a/r2/attempt-001/candidates/g06_loop_priority.sv' to AST representation.
Generating RTLIL representation for module `\g06_priority_decode_candidate'.
Successfully finished Verilog frontend.

2. Executing SYNTH pass.

2.1. Executing HIERARCHY pass (managing design hierarchy).

2.1.1. Analyzing design hierarchy..
Top module:  \g06_priority_decode_candidate

2.1.2. Analyzing design hierarchy..
Top module:  \g06_priority_decode_candidate
Removed 0 unused modules.

2.2. Executing PROC pass (convert processes to netlists).

2.2.1. Executing PROC_CLEAN pass (remove empty switches from decision trees).
Cleaned up 0 empty switches.

2.2.2. Executing PROC_RMDEAD pass (remove dead branches from decision trees).
Marked 8 switch rules as full_case in process $proc$experiments/plugin-abc-v1/instrumented/installed-acceptance/v2/arm-a/r2/attempt-001/candidates/g06_loop_priority.sv:6$3 in module g06_priority_decode_candidate.
Removed a total of 0 dead cases.

2.2.3. Executing PROC_PRUNE pass (remove redundant assignments in processes).
Removed 0 redundant assignments.
Promoted 3 assignments to connections.

2.2.4. Executing PROC_INIT pass (extract init attributes).

2.2.5. Executing PROC_ARST pass (detect async resets in processes).

2.2.6. Executing PROC_ROM pass (convert switches to ROMs).
Converted 0 switches.
<suppressed ~8 debug messages>

2.2.7. Executing PROC_MUX pass (convert decision trees to multiplexers).
Creating decoders for process `\g06_priority_decode_candidate.$proc$experiments/plugin-abc-v1/instrumented/installed-acceptance/v2/arm-a/r2/attempt-001/candidates/g06_loop_priority.sv:6$3'.
     1/8: $8\index[2:0]
     2/8: $7\index[2:0]
     3/8: $6\index[2:0]
     4/8: $5\index[2:0]
     5/8: $4\index[2:0]
     6/8: $3\index[2:0]
     7/8: $2\index[2:0]
     8/8: $1\index[2:0]

2.2.8. Executing PROC_DLATCH pass (convert process syncs to latches).
No latch inferred for signal `\g06_priority_decode_candidate.\index' from process `\g06_priority_decode_candidate.$proc$experiments/plugin-abc-v1/instrumented/installed-acceptance/v2/arm-a/r2/attempt-001/candidates/g06_loop_priority.sv:6$3'.
No latch inferred for signal `\g06_priority_decode_candidate.\valid' from process `\g06_priority_decode_candidate.$proc$experiments/plugin-abc-v1/instrumented/installed-acceptance/v2/arm-a/r2/attempt-001/candidates/g06_loop_priority.sv:6$3'.
No latch inferred for signal `\g06_priority_decode_candidate.$fordecl_block$1.i' from process `\g06_priority_decode_candidate.$proc$experiments/plugin-abc-v1/instrumented/installed-acceptance/v2/arm-a/r2/attempt-001/candidates/g06_loop_priority.sv:6$3'.

2.2.9. Executing PROC_DFF pass (convert process syncs to FFs).

2.2.10. Executing PROC_MEMWR pass (convert process memory writes to cells).

2.2.11. Executing PROC_CLEAN pass (remove empty switches from decision trees).
Found and cleaned up 8 empty switches in `\g06_priority_decode_candidate.$proc$experiments/plugin-abc-v1/instrumented/installed-acceptance/v2/arm-a/r2/attempt-001/candidates/g06_loop_priority.sv:6$3'.
Removing empty process `g06_priority_decode_candidate.$proc$experiments/plugin-abc-v1/instrumented/installed-acceptance/v2/arm-a/r2/attempt-001/candidates/g06_loop_priority.sv:6$3'.
Cleaned up 8 empty switches.

2.2.12. Executing OPT_EXPR pass (perform const folding).
Optimizing module g06_priority_decode_candidate.

2.3. Executing OPT_EXPR pass (perform const folding).
Optimizing module g06_priority_decode_candidate.

2.4. Executing OPT_CLEAN pass (remove unused cells and wires).
Finding unused cells or wires in module \g06_priority_decode_candidate..
Removed 0 unused cells and 21 unused wires.
<suppressed ~1 debug messages>

2.5. Executing CHECK pass (checking for obvious problems).
Checking module g06_priority_decode_candidate...
Found and reported 0 problems.

2.6. Executing OPT pass (performing simple optimizations).

2.6.1. Executing OPT_EXPR pass (perform const folding).
Optimizing module g06_priority_decode_candidate.

2.6.2. Executing OPT_MERGE pass (detect identical cells).
Finding identical cells in module `\g06_priority_decode_candidate'.
Computing hashes of 8 cells of `\g06_priority_decode_candidate'.
Finding duplicate cells in `\g06_priority_decode_candidate'.
Removed a total of 0 cells.

2.6.3. Executing OPT_MUXTREE pass (detect dead branches in mux trees).
Running muxtree optimizer on module \g06_priority_decode_candidate..
  Creating internal representation of mux trees.
  Evaluating internal representation of mux trees.
  Analyzing evaluation results.
Removed 0 multiplexer ports.
<suppressed ~8 debug messages>

2.6.4. Executing OPT_REDUCE pass (consolidate $*mux and $reduce_* inputs).
  Optimizing cells in module \g06_priority_decode_candidate.
Performed a total of 0 changes.

2.6.5. Executing OPT_MERGE pass (detect identical cells).
Finding identical cells in module `\g06_priority_decode_candidate'.
Computing hashes of 8 cells of `\g06_priority_decode_candidate'.
Finding duplicate cells in `\g06_priority_decode_candidate'.
Removed a total of 0 cells.

2.6.6. Executing OPT_DFF pass (perform DFF optimizations).

2.6.7. Executing OPT_CLEAN pass (remove unused cells and wires).
Finding unused cells or wires in module \g06_priority_decode_candidate..

2.6.8. Executing OPT_EXPR pass (perform const folding).
Optimizing module g06_priority_decode_candidate.

2.6.9. Finished fast OPT passes. (There is nothing left to do.)

2.7. Executing FSM pass (extract and optimize FSM).

2.7.1. Executing FSM_DETECT pass (finding FSMs in design).

2.7.2. Executing FSM_EXTRACT pass (extracting FSM from design).

2.7.3. Executing FSM_OPT pass (simple optimizations of FSMs).

2.7.4. Executing OPT_CLEAN pass (remove unused cells and wires).
Finding unused cells or wires in module \g06_priority_decode_candidate..

2.7.5. Executing FSM_OPT pass (simple optimizations of FSMs).

2.7.6. Executing FSM_RECODE pass (re-assigning FSM state encoding).

2.7.7. Executing FSM_INFO pass (dumping all available information on FSM cells).

2.7.8. Executing FSM_MAP pass (mapping FSMs to basic logic).

2.8. Executing OPT pass (performing simple optimizations).

2.8.1. Executing OPT_EXPR pass (perform const folding).
Optimizing module g06_priority_decode_candidate.

2.8.2. Executing OPT_MERGE pass (detect identical cells).
Finding identical cells in module `\g06_priority_decode_candidate'.
Computing hashes of 8 cells of `\g06_priority_decode_candidate'.
Finding duplicate cells in `\g06_priority_decode_candidate'.
Removed a total of 0 cells.

2.8.3. Executing OPT_MUXTREE pass (detect dead branches in mux trees).
Running muxtree optimizer on module \g06_priority_decode_candidate..
  Creating internal representation of mux trees.
  Evaluating internal representation of mux trees.
  Analyzing evaluation results.
Removed 0 multiplexer ports.
<suppressed ~8 debug messages>

2.8.4. Executing OPT_REDUCE pass (consolidate $*mux and $reduce_* inputs).
  Optimizing cells in module \g06_priority_decode_candidate.
Performed a total of 0 changes.

2.8.5. Executing OPT_MERGE pass (detect identical cells).
Finding identical cells in module `\g06_priority_decode_candidate'.
Computing hashes of 8 cells of `\g06_priority_decode_candidate'.
Finding duplicate cells in `\g06_priority_decode_candidate'.
Removed a total of 0 cells.

2.8.6. Executing OPT_DFF pass (perform DFF optimizations).

2.8.7. Executing OPT_CLEAN pass (remove unused cells and wires).
Finding unused cells or wires in module \g06_priority_decode_candidate..

2.8.8. Executing OPT_EXPR pass (perform const folding).
Optimizing module g06_priority_decode_candidate.

2.8.9. Finished fast OPT passes. (There is nothing left to do.)

2.9. Executing WREDUCE pass (reducing word size of cells).
Removed top 2 bits (of 3) from mux cell g06_priority_decode_candidate.$procmux$25 ($mux).
Removed top 2 bits (of 3) from wire g06_priority_decode_candidate.$2\index[2:0].

2.10. Executing PEEPOPT pass (run peephole optimizers).

2.11. Executing OPT_CLEAN pass (remove unused cells and wires).
Finding unused cells or wires in module \g06_priority_decode_candidate..
Removed 0 unused cells and 1 unused wires.
<suppressed ~1 debug messages>

2.12. Executing TECHMAP pass (map to technology primitives).

2.12.1. Executing Verilog-2005 frontend: /opt/homebrew/bin/../share/yosys/cmp2lut.v
Parsing Verilog input from `/opt/homebrew/bin/../share/yosys/cmp2lut.v' to AST representation.
Generating RTLIL representation for module `\_90_lut_cmp_'.
Successfully finished Verilog frontend.

2.12.2. Executing Verilog-2005 frontend: /opt/homebrew/bin/../share/yosys/cmp2lcu.v
Parsing Verilog input from `/opt/homebrew/bin/../share/yosys/cmp2lcu.v' to AST representation.
Generating RTLIL representation for module `\_80_lcu_cmp_'.
Generating RTLIL representation for module `$__CMP2LCU'.
Successfully finished Verilog frontend.

2.12.3. Continuing TECHMAP pass.
No more expansions possible.
<suppressed ~7 debug messages>

2.13. Executing ALUMACC pass (create $alu and $macc cells).
Extracting $alu and $macc cells in module g06_priority_decode_candidate:
  created 0 $alu and 0 $macc cells.

2.14. Executing SHARE pass (SAT-based resource sharing).

2.15. Executing OPT pass (performing simple optimizations).

2.15.1. Executing OPT_EXPR pass (perform const folding).
Optimizing module g06_priority_decode_candidate.

2.15.2. Executing OPT_MERGE pass (detect identical cells).
Finding identical cells in module `\g06_priority_decode_candidate'.
Computing hashes of 8 cells of `\g06_priority_decode_candidate'.
Finding duplicate cells in `\g06_priority_decode_candidate'.
Removed a total of 0 cells.

2.15.3. Executing OPT_MUXTREE pass (detect dead branches in mux trees).
Running muxtree optimizer on module \g06_priority_decode_candidate..
  Creating internal representation of mux trees.
  Evaluating internal representation of mux trees.
  Analyzing evaluation results.
Removed 0 multiplexer ports.
<suppressed ~8 debug messages>

2.15.4. Executing OPT_REDUCE pass (consolidate $*mux and $reduce_* inputs).
  Optimizing cells in module \g06_priority_decode_candidate.
Performed a total of 0 changes.

2.15.5. Executing OPT_MERGE pass (detect identical cells).
Finding identical cells in module `\g06_priority_decode_candidate'.
Computing hashes of 8 cells of `\g06_priority_decode_candidate'.
Finding duplicate cells in `\g06_priority_decode_candidate'.
Removed a total of 0 cells.

2.15.6. Executing OPT_DFF pass (perform DFF optimizations).

2.15.7. Executing OPT_CLEAN pass (remove unused cells and wires).
Finding unused cells or wires in module \g06_priority_decode_candidate..

2.15.8. Executing OPT_EXPR pass (perform const folding).
Optimizing module g06_priority_decode_candidate.

2.15.9. Finished fast OPT passes. (There is nothing left to do.)

2.16. Executing MEMORY pass.

2.16.1. Executing OPT_MEM pass (optimize memories).
Performed a total of 0 transformations.

2.16.2. Executing OPT_MEM_PRIORITY pass (removing unnecessary memory write priority relations).
Performed a total of 0 transformations.

2.16.3. Executing OPT_MEM_FEEDBACK pass (finding memory read-to-write feedback paths).

2.16.4. Executing MEMORY_BMUX2ROM pass (converting muxes to ROMs).

2.16.5. Executing MEMORY_DFF pass (merging $dff cells to $memrd).

2.16.6. Executing OPT_CLEAN pass (remove unused cells and wires).
Finding unused cells or wires in module \g06_priority_decode_candidate..

2.16.7. Executing MEMORY_SHARE pass (consolidating $memrd/$memwr cells).

2.16.8. Executing OPT_MEM_WIDEN pass (optimize memories where all ports are wide).
Performed a total of 0 transformations.

2.16.9. Executing OPT_CLEAN pass (remove unused cells and wires).
Finding unused cells or wires in module \g06_priority_decode_candidate..

2.16.10. Executing MEMORY_COLLECT pass (generating $mem cells).

2.17. Executing OPT_CLEAN pass (remove unused cells and wires).
Finding unused cells or wires in module \g06_priority_decode_candidate..

2.18. Executing OPT pass (performing simple optimizations).

2.18.1. Executing OPT_EXPR pass (perform const folding).
Optimizing module g06_priority_decode_candidate.
<suppressed ~1 debug messages>

2.18.2. Executing OPT_MERGE pass (detect identical cells).
Finding identical cells in module `\g06_priority_decode_candidate'.
Computing hashes of 7 cells of `\g06_priority_decode_candidate'.
Finding duplicate cells in `\g06_priority_decode_candidate'.
Removed a total of 0 cells.

2.18.3. Executing OPT_DFF pass (perform DFF optimizations).

2.18.4. Executing OPT_CLEAN pass (remove unused cells and wires).
Finding unused cells or wires in module \g06_priority_decode_candidate..
Removed 0 unused cells and 1 unused wires.
<suppressed ~1 debug messages>

2.18.5. Finished fast OPT passes.

2.19. Executing MEMORY_MAP pass (converting memories to logic and flip-flops).

2.20. Executing OPT pass (performing simple optimizations).

2.20.1. Executing OPT_EXPR pass (perform const folding).
Optimizing module g06_priority_decode_candidate.

2.20.2. Executing OPT_MERGE pass (detect identical cells).
Finding identical cells in module `\g06_priority_decode_candidate'.
Computing hashes of 7 cells of `\g06_priority_decode_candidate'.
Finding duplicate cells in `\g06_priority_decode_candidate'.
Removed a total of 0 cells.

2.20.3. Executing OPT_MUXTREE pass (detect dead branches in mux trees).
Running muxtree optimizer on module \g06_priority_decode_candidate..
  Creating internal representation of mux trees.
  Evaluating internal representation of mux trees.
  Analyzing evaluation results.
Removed 0 multiplexer ports.
<suppressed ~7 debug messages>

2.20.4. Executing OPT_REDUCE pass (consolidate $*mux and $reduce_* inputs).
  Optimizing cells in module \g06_priority_decode_candidate.
    Consolidated identical input bits for $mux cell $procmux$22:
      Old ports: A={ 2'00 \request [1] }, B=3'010, Y=$3\index[2:0]
      New ports: A={ 1'0 \request [1] }, B=2'10, Y=$3\index[2:0] [1:0]
      New connections: $3\index[2:0] [2] = 1'0
  Optimizing cells in module \g06_priority_decode_candidate.
    Consolidated identical input bits for $mux cell $procmux$19:
      Old ports: A=$3\index[2:0], B=3'011, Y=$4\index[2:0]
      New ports: A=$3\index[2:0] [1:0], B=2'11, Y=$4\index[2:0] [1:0]
      New connections: $4\index[2:0] [2] = 1'0
  Optimizing cells in module \g06_priority_decode_candidate.
Performed a total of 2 changes.

2.20.5. Executing OPT_MERGE pass (detect identical cells).
Finding identical cells in module `\g06_priority_decode_candidate'.
Computing hashes of 7 cells of `\g06_priority_decode_candidate'.
Finding duplicate cells in `\g06_priority_decode_candidate'.
Removed a total of 0 cells.

2.20.6. Executing OPT_SHARE pass.

2.20.7. Executing OPT_DFF pass (perform DFF optimizations).

2.20.8. Executing OPT_CLEAN pass (remove unused cells and wires).
Finding unused cells or wires in module \g06_priority_decode_candidate..

2.20.9. Executing OPT_EXPR pass (perform const folding).
Optimizing module g06_priority_decode_candidate.

2.20.10. Rerunning OPT passes. (Maybe there is more to do..)

2.20.11. Executing OPT_MUXTREE pass (detect dead branches in mux trees).
Running muxtree optimizer on module \g06_priority_decode_candidate..
  Creating internal representation of mux trees.
  Evaluating internal representation of mux trees.
  Analyzing evaluation results.
Removed 0 multiplexer ports.
<suppressed ~7 debug messages>

2.20.12. Executing OPT_REDUCE pass (consolidate $*mux and $reduce_* inputs).
  Optimizing cells in module \g06_priority_decode_candidate.
Performed a total of 0 changes.

2.20.13. Executing OPT_MERGE pass (detect identical cells).
Finding identical cells in module `\g06_priority_decode_candidate'.
Computing hashes of 7 cells of `\g06_priority_decode_candidate'.
Finding duplicate cells in `\g06_priority_decode_candidate'.
Removed a total of 0 cells.

2.20.14. Executing OPT_SHARE pass.

2.20.15. Executing OPT_DFF pass (perform DFF optimizations).

2.20.16. Executing OPT_CLEAN pass (remove unused cells and wires).
Finding unused cells or wires in module \g06_priority_decode_candidate..

2.20.17. Executing OPT_EXPR pass (perform const folding).
Optimizing module g06_priority_decode_candidate.

2.20.18. Finished fast OPT passes. (There is nothing left to do.)

2.21. Executing TECHMAP pass (map to technology primitives).

2.21.1. Executing Verilog-2005 frontend: /opt/homebrew/bin/../share/yosys/techmap.v
Parsing Verilog input from `/opt/homebrew/bin/../share/yosys/techmap.v' to AST representation.
Generating RTLIL representation for module `\_90_simplemap_bool_ops'.
Generating RTLIL representation for module `\_90_simplemap_reduce_ops'.
Generating RTLIL representation for module `\_90_simplemap_logic_ops'.
Generating RTLIL representation for module `\_90_simplemap_compare_ops'.
Generating RTLIL representation for module `\_90_simplemap_various'.
Generating RTLIL representation for module `\_90_simplemap_registers'.
Generating RTLIL representation for module `\_90_shift_ops_shr_shl_sshl_sshr'.
Generating RTLIL representation for module `\_90_shift_shiftx'.
Generating RTLIL representation for module `\_90_fa'.
Generating RTLIL representation for module `\_90_lcu_brent_kung'.
Generating RTLIL representation for module `\_90_alu'.
Generating RTLIL representation for module `\_90_macc'.
Generating RTLIL representation for module `\_90_alumacc'.
Generating RTLIL representation for module `$__div_mod_u'.
Generating RTLIL representation for module `$__div_mod_trunc'.
Generating RTLIL representation for module `\_90_div'.
Generating RTLIL representation for module `\_90_mod'.
Generating RTLIL representation for module `$__div_mod_floor'.
Generating RTLIL representation for module `\_90_divfloor'.
Generating RTLIL representation for module `\_90_modfloor'.
Generating RTLIL representation for module `\_90_pow'.
Generating RTLIL representation for module `\_90_pmux'.
Generating RTLIL representation for module `\_90_demux'.
Generating RTLIL representation for module `\_90_lut'.
Generating RTLIL representation for module `$connect'.
Generating RTLIL representation for module `$input_port'.
Successfully finished Verilog frontend.

2.21.2. Continuing TECHMAP pass.
Using extmapper simplemap for cells of type $reduce_or.
Using extmapper simplemap for cells of type $mux.
No more expansions possible.
<suppressed ~84 debug messages>

2.22. Executing OPT pass (performing simple optimizations).

2.22.1. Executing OPT_EXPR pass (perform const folding).
Optimizing module g06_priority_decode_candidate.
<suppressed ~2 debug messages>

2.22.2. Executing OPT_MERGE pass (detect identical cells).
Finding identical cells in module `\g06_priority_decode_candidate'.
Computing hashes of 21 cells of `\g06_priority_decode_candidate'.
Finding duplicate cells in `\g06_priority_decode_candidate'.
Removed a total of 0 cells.

2.22.3. Executing OPT_DFF pass (perform DFF optimizations).

2.22.4. Executing OPT_CLEAN pass (remove unused cells and wires).
Finding unused cells or wires in module \g06_priority_decode_candidate..
Removed 0 unused cells and 1 unused wires.
<suppressed ~1 debug messages>

2.22.5. Finished fast OPT passes.

2.23. Executing ABC pass (technology mapping using ABC).

2.23.1. Extracting gate netlist of module `\g06_priority_decode_candidate' to `<abc-temp-dir>/input.blif'..

2.23.1.1. Executed ABC.
Extracted 21 gates and 31 wires to a netlist network with 8 inputs and 4 outputs.
Running ABC script: <abc-temp-dir>/abc.script
ABC: ======== ABC command line "source <abc-temp-dir>/abc.script"
ABC: + read_blif <abc-temp-dir>/input.blif 
ABC: + read_lut <abc-temp-dir>/lutdefs.txt 
ABC: + strash 
ABC: + dretime 
ABC: + if 
ABC: + write_blif <abc-temp-dir>/output.blif 

2.23.1.2. Re-integrating ABC results.
ABC RESULTS:              $lut cells:        8
ABC RESULTS:        internal signals:       19
ABC RESULTS:           input signals:        8
ABC RESULTS:          output signals:        4
Removing temp directory.
Removing global temp directory.

2.24. Executing OPT pass (performing simple optimizations).

2.24.1. Executing OPT_EXPR pass (perform const folding).
Optimizing module g06_priority_decode_candidate.

2.24.2. Executing OPT_MERGE pass (detect identical cells).
Finding identical cells in module `\g06_priority_decode_candidate'.
Computing hashes of 8 cells of `\g06_priority_decode_candidate'.
Finding duplicate cells in `\g06_priority_decode_candidate'.
Removed a total of 0 cells.

2.24.3. Executing OPT_DFF pass (perform DFF optimizations).

2.24.4. Executing OPT_CLEAN pass (remove unused cells and wires).
Finding unused cells or wires in module \g06_priority_decode_candidate..
Removed 0 unused cells and 19 unused wires.
<suppressed ~1 debug messages>

2.24.5. Finished fast OPT passes.

2.25. Executing HIERARCHY pass (managing design hierarchy).
Attribute `top' found on module `g06_priority_decode_candidate'. Setting top module to g06_priority_decode_candidate.

2.25.1. Analyzing design hierarchy..
Top module:  \g06_priority_decode_candidate

2.25.2. Analyzing design hierarchy..
Top module:  \g06_priority_decode_candidate
Removed 0 unused modules.

2.26. Printing statistics.

=== g06_priority_decode_candidate ===

        +----------Local Count, excluding submodules.
        | 
        7 wires
       16 wire bits
        3 public wires
       12 public wire bits
        3 ports
       12 port bits
        8 cells
        8   $lut

2.27. Executing CHECK pass (checking for obvious problems).
Checking module g06_priority_decode_candidate...
Found and reported 0 problems.

3. Printing statistics.

=== g06_priority_decode_candidate ===

        +----------Local Count, excluding submodules.
        | 
        7 wires
       16 wire bits
        3 public wires
       12 public wire bits
        3 ports
       12 port bits
        8 cells
        8   $lut

4. Executing LTP pass (find longest path).

Longest topological path in g06_priority_decode_candidate (length=2):
    0: \request [7]
    1: $abc$133$new_n21 (via $abc$133$auto$blifparse.cc:557:parse_blif$141)
    2: \valid (via $abc$133$auto$blifparse.cc:557:parse_blif$139)

End of script. Logfile hash: 4f91eef50d, CPU: user 0.06s system 0.01s, MEM: 16.75 MB peak
Yosys 0.63 (git sha1 70a11c6bf0e8dd669f56c7da3587f78b405138e2, clang++ 17.0.0 -fPIC -O3)
Time spent: 65% 1x abc (0 sec), 12% 5x read_verilog (0 sec), ...
