
 /----------------------------------------------------------------------------\
 |  yosys -- Yosys Open SYnthesis Suite                                       |
 |  Copyright (C) 2012 - 2026  Claire Xenia Wolf <claire@yosyshq.com>         |
 |  Distributed under an ISC-like license, type "license" to see terms        |
 \----------------------------------------------------------------------------/
 Yosys 0.63 (git sha1 70a11c6bf0e8dd669f56c7da3587f78b405138e2, clang++ 17.0.0 -fPIC -O3)

-- Running command `read_verilog -sv experiments/plugin-abc-v1/instrumented/installed-acceptance/v2/arm-a/r2/attempt-001/candidates/g08_balanced.sv; hierarchy -top g08_signed_chain_candidate; proc; flatten; opt; techmap; opt; abc -g simple; clean; stat; ltp -noff' --

1. Executing Verilog-2005 frontend: experiments/plugin-abc-v1/instrumented/installed-acceptance/v2/arm-a/r2/attempt-001/candidates/g08_balanced.sv
Parsing SystemVerilog input from `experiments/plugin-abc-v1/instrumented/installed-acceptance/v2/arm-a/r2/attempt-001/candidates/g08_balanced.sv' to AST representation.
Generating RTLIL representation for module `\g08_signed_chain_candidate'.
Successfully finished Verilog frontend.

2. Executing HIERARCHY pass (managing design hierarchy).

2.1. Analyzing design hierarchy..
Top module:  \g08_signed_chain_candidate

2.2. Analyzing design hierarchy..
Top module:  \g08_signed_chain_candidate
Removed 0 unused modules.

3. Executing PROC pass (convert processes to netlists).

3.1. Executing PROC_CLEAN pass (remove empty switches from decision trees).
Cleaned up 0 empty switches.

3.2. Executing PROC_RMDEAD pass (remove dead branches from decision trees).
Removed a total of 0 dead cases.

3.3. Executing PROC_PRUNE pass (remove redundant assignments in processes).
Removed 0 redundant assignments.
Promoted 0 assignments to connections.

3.4. Executing PROC_INIT pass (extract init attributes).

3.5. Executing PROC_ARST pass (detect async resets in processes).

3.6. Executing PROC_ROM pass (convert switches to ROMs).
Converted 0 switches.

3.7. Executing PROC_MUX pass (convert decision trees to multiplexers).

3.8. Executing PROC_DLATCH pass (convert process syncs to latches).

3.9. Executing PROC_DFF pass (convert process syncs to FFs).

3.10. Executing PROC_MEMWR pass (convert process memory writes to cells).

3.11. Executing PROC_CLEAN pass (remove empty switches from decision trees).
Cleaned up 0 empty switches.

3.12. Executing OPT_EXPR pass (perform const folding).
Optimizing module g08_signed_chain_candidate.

4. Executing FLATTEN pass (flatten design).

5. Executing OPT pass (performing simple optimizations).

5.1. Executing OPT_EXPR pass (perform const folding).
Optimizing module g08_signed_chain_candidate.

5.2. Executing OPT_MERGE pass (detect identical cells).
Finding identical cells in module `\g08_signed_chain_candidate'.
Computing hashes of 3 cells of `\g08_signed_chain_candidate'.
Finding duplicate cells in `\g08_signed_chain_candidate'.
Removed a total of 0 cells.

5.3. Executing OPT_MUXTREE pass (detect dead branches in mux trees).
Running muxtree optimizer on module \g08_signed_chain_candidate..
  Creating internal representation of mux trees.
  No muxes found in this module.
Removed 0 multiplexer ports.

5.4. Executing OPT_REDUCE pass (consolidate $*mux and $reduce_* inputs).
  Optimizing cells in module \g08_signed_chain_candidate.
Performed a total of 0 changes.

5.5. Executing OPT_MERGE pass (detect identical cells).
Finding identical cells in module `\g08_signed_chain_candidate'.
Computing hashes of 3 cells of `\g08_signed_chain_candidate'.
Finding duplicate cells in `\g08_signed_chain_candidate'.
Removed a total of 0 cells.

5.6. Executing OPT_DFF pass (perform DFF optimizations).

5.7. Executing OPT_CLEAN pass (remove unused cells and wires).
Finding unused cells or wires in module \g08_signed_chain_candidate..
Removed 0 unused cells and 1 unused wires.
<suppressed ~1 debug messages>

5.8. Executing OPT_EXPR pass (perform const folding).
Optimizing module g08_signed_chain_candidate.

5.9. Rerunning OPT passes. (Maybe there is more to do..)

5.10. Executing OPT_MUXTREE pass (detect dead branches in mux trees).
Running muxtree optimizer on module \g08_signed_chain_candidate..
  Creating internal representation of mux trees.
  No muxes found in this module.
Removed 0 multiplexer ports.

5.11. Executing OPT_REDUCE pass (consolidate $*mux and $reduce_* inputs).
  Optimizing cells in module \g08_signed_chain_candidate.
Performed a total of 0 changes.

5.12. Executing OPT_MERGE pass (detect identical cells).
Finding identical cells in module `\g08_signed_chain_candidate'.
Computing hashes of 3 cells of `\g08_signed_chain_candidate'.
Finding duplicate cells in `\g08_signed_chain_candidate'.
Removed a total of 0 cells.

5.13. Executing OPT_DFF pass (perform DFF optimizations).

5.14. Executing OPT_CLEAN pass (remove unused cells and wires).
Finding unused cells or wires in module \g08_signed_chain_candidate..

5.15. Executing OPT_EXPR pass (perform const folding).
Optimizing module g08_signed_chain_candidate.

5.16. Finished fast OPT passes. (There is nothing left to do.)

6. Executing TECHMAP pass (map to technology primitives).

6.1. Executing Verilog-2005 frontend: /opt/homebrew/bin/../share/yosys/techmap.v
Parsing Verilog input from `/opt/homebrew/bin/../share/yosys/techmap.v' to AST representation.
Generating RTLIL representation for module `\_90_simplemap_bool_ops'.
Generating RTLIL representation for module `\_90_simplemap_reduce_ops'.
Generating RTLIL representation for module `\_90_simplemap_logic_ops'.
Generating RTLIL representation for module `\_90_simplemap_compare_ops'.
Generating RTLIL representation for module `\_90_simplemap_various'.
Generating RTLIL representation for module `\_90_simplemap_registers'.
Generating RTLIL representation for module `\_90_shift_ops_shr_shl_sshl_sshr'.
Generating RTLIL representation for module `\_90_shift_shiftx'.
Generating RTLIL representation for module `\_90_fa'.
Generating RTLIL representation for module `\_90_lcu_brent_kung'.
Generating RTLIL representation for module `\_90_alu'.
Generating RTLIL representation for module `\_90_macc'.
Generating RTLIL representation for module `\_90_alumacc'.
Generating RTLIL representation for module `$__div_mod_u'.
Generating RTLIL representation for module `$__div_mod_trunc'.
Generating RTLIL representation for module `\_90_div'.
Generating RTLIL representation for module `\_90_mod'.
Generating RTLIL representation for module `$__div_mod_floor'.
Generating RTLIL representation for module `\_90_divfloor'.
Generating RTLIL representation for module `\_90_modfloor'.
Generating RTLIL representation for module `\_90_pow'.
Generating RTLIL representation for module `\_90_pmux'.
Generating RTLIL representation for module `\_90_demux'.
Generating RTLIL representation for module `\_90_lut'.
Generating RTLIL representation for module `$connect'.
Generating RTLIL representation for module `$input_port'.
Successfully finished Verilog frontend.

6.2. Continuing TECHMAP pass.
Running "alumacc" on wrapper $extern:wrap:$add:Y_WIDTH=16:B_WIDTH=16:A_WIDTH=16:B_SIGNED=1:A_SIGNED=1:394426c56d1a028ba8fdd5469b163e04011def47.
Using template $extern:wrap:$add:Y_WIDTH=16:B_WIDTH=16:A_WIDTH=16:B_SIGNED=1:A_SIGNED=1:394426c56d1a028ba8fdd5469b163e04011def47 for cells of type $extern:wrap:$add:Y_WIDTH=16:B_WIDTH=16:A_WIDTH=16:B_SIGNED=1:A_SIGNED=1:394426c56d1a028ba8fdd5469b163e04011def47.
Using template $paramod$d4c0c20b0ee59f495e14575c4397dc0a6dd9e8e6\_90_alu for cells of type $alu.
Using extmapper simplemap for cells of type $xor.
Using template $paramod\_90_fa\WIDTH=32'00000000000000000000000000010000 for cells of type $fa.
Using template $paramod\_90_lcu_brent_kung\WIDTH=32'00000000000000000000000000010000 for cells of type $lcu.
Using extmapper simplemap for cells of type $pos.
Using extmapper simplemap for cells of type $mux.
Using extmapper simplemap for cells of type $not.
Using extmapper simplemap for cells of type $or.
Using extmapper simplemap for cells of type $and.
No more expansions possible.
<suppressed ~482 debug messages>

7. Executing OPT pass (performing simple optimizations).

7.1. Executing OPT_EXPR pass (perform const folding).
Optimizing module g08_signed_chain_candidate.
<suppressed ~204 debug messages>

7.2. Executing OPT_MERGE pass (detect identical cells).
Finding identical cells in module `\g08_signed_chain_candidate'.
Computing hashes of 378 cells of `\g08_signed_chain_candidate'.
Finding duplicate cells in `\g08_signed_chain_candidate'.
Removed a total of 0 cells.

7.3. Executing OPT_MUXTREE pass (detect dead branches in mux trees).
Running muxtree optimizer on module \g08_signed_chain_candidate..
  Creating internal representation of mux trees.
  No muxes found in this module.
Removed 0 multiplexer ports.

7.4. Executing OPT_REDUCE pass (consolidate $*mux and $reduce_* inputs).
  Optimizing cells in module \g08_signed_chain_candidate.
Performed a total of 0 changes.

7.5. Executing OPT_MERGE pass (detect identical cells).
Finding identical cells in module `\g08_signed_chain_candidate'.
Computing hashes of 378 cells of `\g08_signed_chain_candidate'.
Finding duplicate cells in `\g08_signed_chain_candidate'.
Removed a total of 0 cells.

7.6. Executing OPT_DFF pass (perform DFF optimizations).

7.7. Executing OPT_CLEAN pass (remove unused cells and wires).
Finding unused cells or wires in module \g08_signed_chain_candidate..
Removed 84 unused cells and 156 unused wires.
<suppressed ~85 debug messages>

7.8. Executing OPT_EXPR pass (perform const folding).
Optimizing module g08_signed_chain_candidate.

7.9. Rerunning OPT passes. (Maybe there is more to do..)

7.10. Executing OPT_MUXTREE pass (detect dead branches in mux trees).
Running muxtree optimizer on module \g08_signed_chain_candidate..
  Creating internal representation of mux trees.
  No muxes found in this module.
Removed 0 multiplexer ports.

7.11. Executing OPT_REDUCE pass (consolidate $*mux and $reduce_* inputs).
  Optimizing cells in module \g08_signed_chain_candidate.
Performed a total of 0 changes.

7.12. Executing OPT_MERGE pass (detect identical cells).
Finding identical cells in module `\g08_signed_chain_candidate'.
Computing hashes of 294 cells of `\g08_signed_chain_candidate'.
Finding duplicate cells in `\g08_signed_chain_candidate'.
Removed a total of 0 cells.

7.13. Executing OPT_DFF pass (perform DFF optimizations).

7.14. Executing OPT_CLEAN pass (remove unused cells and wires).
Finding unused cells or wires in module \g08_signed_chain_candidate..

7.15. Executing OPT_EXPR pass (perform const folding).
Optimizing module g08_signed_chain_candidate.

7.16. Finished fast OPT passes. (There is nothing left to do.)

8. Executing ABC pass (technology mapping using ABC).

8.1. Extracting gate netlist of module `\g08_signed_chain_candidate' to `<abc-temp-dir>/input.blif'..

8.1.1. Executed ABC.
Extracted 294 gates and 358 wires to a netlist network with 64 inputs and 16 outputs.
Running ABC script: <abc-temp-dir>/abc.script
ABC: ======== ABC command line "source <abc-temp-dir>/abc.script"
ABC: + read_blif <abc-temp-dir>/input.blif 
ABC: + read_library <abc-temp-dir>/stdcells.genlib 
ABC: + strash 
ABC: + &get -n 
ABC: + &fraig -x 
ABC: + &put 
ABC: + scorr 
ABC: Warning: The network is combinational (run "fraig" or "fraig_sweep").
ABC: + dc2 
ABC: + dretime 
ABC: + strash 
ABC: + &get -n 
ABC: + &dch -f 
ABC: + &nf 
ABC: + &put 
ABC: + write_blif <abc-temp-dir>/output.blif 

8.1.2. Re-integrating ABC results.
ABC RESULTS:               AND cells:       87
ABC RESULTS:                OR cells:       49
ABC RESULTS:               XOR cells:       93
ABC RESULTS:        internal signals:      278
ABC RESULTS:           input signals:       64
ABC RESULTS:          output signals:       16
Removing temp directory.
Removing global temp directory.
Removed 0 unused cells and 205 unused wires.

9. Printing statistics.

=== g08_signed_chain_candidate ===

        +----------Local Count, excluding submodules.
        | 
      218 wires
      293 wire bits
        5 public wires
       80 public wire bits
        5 ports
       80 port bits
      229 cells
       87   $_AND_
       49   $_OR_
       93   $_XOR_

10. Executing LTP pass (find longest path).

Longest topological path in g08_signed_chain_candidate (length=32):
    0: \a [1]
    1: $abc$753$new_n106 (via $abc$753$auto$blifparse.cc:397:parse_blif$779)
    2: $abc$753$new_n247 (via $abc$753$auto$blifparse.cc:397:parse_blif$920)
    3: $abc$753$new_n250 (via $abc$753$auto$blifparse.cc:397:parse_blif$923)
    4: $abc$753$new_n251 (via $abc$753$auto$blifparse.cc:397:parse_blif$924)
    5: $abc$753$new_n252 (via $abc$753$auto$blifparse.cc:397:parse_blif$925)
    6: $abc$753$new_n254 (via $abc$753$auto$blifparse.cc:397:parse_blif$927)
    7: $abc$753$new_n255 (via $abc$753$auto$blifparse.cc:397:parse_blif$928)
    8: $abc$753$new_n256 (via $abc$753$auto$blifparse.cc:397:parse_blif$929)
    9: $abc$753$new_n257 (via $abc$753$auto$blifparse.cc:397:parse_blif$930)
   10: $abc$753$new_n258 (via $abc$753$auto$blifparse.cc:397:parse_blif$931)
   11: $abc$753$new_n259 (via $abc$753$auto$blifparse.cc:397:parse_blif$932)
   12: $abc$753$new_n261 (via $abc$753$auto$blifparse.cc:397:parse_blif$934)
   13: $abc$753$new_n262 (via $abc$753$auto$blifparse.cc:397:parse_blif$935)
   14: $abc$753$new_n264 (via $abc$753$auto$blifparse.cc:397:parse_blif$937)
   15: $abc$753$new_n265 (via $abc$753$auto$blifparse.cc:397:parse_blif$938)
   16: $abc$753$new_n267 (via $abc$753$auto$blifparse.cc:397:parse_blif$940)
   17: $abc$753$new_n268 (via $abc$753$auto$blifparse.cc:397:parse_blif$941)
   18: $abc$753$new_n270 (via $abc$753$auto$blifparse.cc:397:parse_blif$943)
   19: $abc$753$new_n271 (via $abc$753$auto$blifparse.cc:397:parse_blif$944)
   20: $abc$753$new_n272 (via $abc$753$auto$blifparse.cc:397:parse_blif$945)
   21: $abc$753$new_n273 (via $abc$753$auto$blifparse.cc:397:parse_blif$946)
   22: $abc$753$new_n274 (via $abc$753$auto$blifparse.cc:397:parse_blif$947)
   23: $abc$753$new_n275 (via $abc$753$auto$blifparse.cc:397:parse_blif$948)
   24: $abc$753$new_n276 (via $abc$753$auto$blifparse.cc:397:parse_blif$949)
   25: $abc$753$new_n277 (via $abc$753$auto$blifparse.cc:397:parse_blif$950)
   26: $abc$753$new_n279 (via $abc$753$auto$blifparse.cc:397:parse_blif$952)
   27: $abc$753$new_n280 (via $abc$753$auto$blifparse.cc:397:parse_blif$953)
   28: $abc$753$new_n281 (via $abc$753$auto$blifparse.cc:397:parse_blif$954)
   29: $abc$753$new_n282 (via $abc$753$auto$blifparse.cc:397:parse_blif$955)
   30: $abc$753$new_n283 (via $abc$753$auto$blifparse.cc:397:parse_blif$956)
   31: $abc$753$new_n284 (via $abc$753$auto$blifparse.cc:397:parse_blif$957)
   32: \y [15] (via $abc$753$auto$blifparse.cc:397:parse_blif$965)

End of script. Logfile hash: ff03072a25, CPU: user 0.06s system 0.02s, MEM: 19.14 MB peak
Yosys 0.63 (git sha1 70a11c6bf0e8dd669f56c7da3587f78b405138e2, clang++ 17.0.0 -fPIC -O3)
Time spent: 60% 1x abc (0 sec), 9% 9x opt_expr (0 sec), ...
