
 /----------------------------------------------------------------------------\
 |  yosys -- Yosys Open SYnthesis Suite                                       |
 |  Copyright (C) 2012 - 2026  Claire Xenia Wolf <claire@yosyshq.com>         |
 |  Distributed under an ISC-like license, type "license" to see terms        |
 \----------------------------------------------------------------------------/
 Yosys 0.63 (git sha1 70a11c6bf0e8dd669f56c7da3587f78b405138e2, clang++ 17.0.0 -fPIC -O3)

-- Running command `read_verilog -sv experiments/plugin-abc-v1/instrumented/installed-acceptance/v2/arm-a/r2/attempt-001/candidates/o03_complement_check.sv; chparam -set Width 32 o03_complement_check_candidate; synth -top o03_complement_check_candidate -lut 4; clean; stat; ltp -noff' --

1. Executing Verilog-2005 frontend: experiments/plugin-abc-v1/instrumented/installed-acceptance/v2/arm-a/r2/attempt-001/candidates/o03_complement_check.sv
Parsing SystemVerilog input from `experiments/plugin-abc-v1/instrumented/installed-acceptance/v2/arm-a/r2/attempt-001/candidates/o03_complement_check.sv' to AST representation.
Generating RTLIL representation for module `\o03_complement_check_candidate'.
Successfully finished Verilog frontend.
Parameter \Width = 32

2. Executing AST frontend in derive mode using pre-parsed AST for module `\o03_complement_check_candidate'.
Parameter \Width = 32
Generating RTLIL representation for module `$paramod\o03_complement_check_candidate\Width=32'00000000000000000000000000100000'.

3. Executing SYNTH pass.

3.1. Executing HIERARCHY pass (managing design hierarchy).

3.1.1. Analyzing design hierarchy..
Top module:  \o03_complement_check_candidate

3.1.2. Analyzing design hierarchy..
Top module:  \o03_complement_check_candidate
Removed 0 unused modules.

3.2. Executing PROC pass (convert processes to netlists).

3.2.1. Executing PROC_CLEAN pass (remove empty switches from decision trees).
Cleaned up 0 empty switches.

3.2.2. Executing PROC_RMDEAD pass (remove dead branches from decision trees).
Removed a total of 0 dead cases.

3.2.3. Executing PROC_PRUNE pass (remove redundant assignments in processes).
Removed 0 redundant assignments.
Promoted 0 assignments to connections.

3.2.4. Executing PROC_INIT pass (extract init attributes).

3.2.5. Executing PROC_ARST pass (detect async resets in processes).

3.2.6. Executing PROC_ROM pass (convert switches to ROMs).
Converted 0 switches.

3.2.7. Executing PROC_MUX pass (convert decision trees to multiplexers).

3.2.8. Executing PROC_DLATCH pass (convert process syncs to latches).

3.2.9. Executing PROC_DFF pass (convert process syncs to FFs).

3.2.10. Executing PROC_MEMWR pass (convert process memory writes to cells).

3.2.11. Executing PROC_CLEAN pass (remove empty switches from decision trees).
Cleaned up 0 empty switches.

3.2.12. Executing OPT_EXPR pass (perform const folding).
Optimizing module o03_complement_check_candidate.

3.3. Executing OPT_EXPR pass (perform const folding).
Optimizing module o03_complement_check_candidate.

3.4. Executing OPT_CLEAN pass (remove unused cells and wires).
Finding unused cells or wires in module \o03_complement_check_candidate..
Removed 0 unused cells and 1 unused wires.
<suppressed ~1 debug messages>

3.5. Executing CHECK pass (checking for obvious problems).
Checking module o03_complement_check_candidate...
Found and reported 0 problems.

3.6. Executing OPT pass (performing simple optimizations).

3.6.1. Executing OPT_EXPR pass (perform const folding).
Optimizing module o03_complement_check_candidate.

3.6.2. Executing OPT_MERGE pass (detect identical cells).
Finding identical cells in module `\o03_complement_check_candidate'.
Computing hashes of 2 cells of `\o03_complement_check_candidate'.
Finding duplicate cells in `\o03_complement_check_candidate'.
Removed a total of 0 cells.

3.6.3. Executing OPT_MUXTREE pass (detect dead branches in mux trees).
Running muxtree optimizer on module \o03_complement_check_candidate..
  Creating internal representation of mux trees.
  No muxes found in this module.
Removed 0 multiplexer ports.

3.6.4. Executing OPT_REDUCE pass (consolidate $*mux and $reduce_* inputs).
  Optimizing cells in module \o03_complement_check_candidate.
Performed a total of 0 changes.

3.6.5. Executing OPT_MERGE pass (detect identical cells).
Finding identical cells in module `\o03_complement_check_candidate'.
Computing hashes of 2 cells of `\o03_complement_check_candidate'.
Finding duplicate cells in `\o03_complement_check_candidate'.
Removed a total of 0 cells.

3.6.6. Executing OPT_DFF pass (perform DFF optimizations).

3.6.7. Executing OPT_CLEAN pass (remove unused cells and wires).
Finding unused cells or wires in module \o03_complement_check_candidate..

3.6.8. Executing OPT_EXPR pass (perform const folding).
Optimizing module o03_complement_check_candidate.

3.6.9. Finished fast OPT passes. (There is nothing left to do.)

3.7. Executing FSM pass (extract and optimize FSM).

3.7.1. Executing FSM_DETECT pass (finding FSMs in design).

3.7.2. Executing FSM_EXTRACT pass (extracting FSM from design).

3.7.3. Executing FSM_OPT pass (simple optimizations of FSMs).

3.7.4. Executing OPT_CLEAN pass (remove unused cells and wires).
Finding unused cells or wires in module \o03_complement_check_candidate..

3.7.5. Executing FSM_OPT pass (simple optimizations of FSMs).

3.7.6. Executing FSM_RECODE pass (re-assigning FSM state encoding).

3.7.7. Executing FSM_INFO pass (dumping all available information on FSM cells).

3.7.8. Executing FSM_MAP pass (mapping FSMs to basic logic).

3.8. Executing OPT pass (performing simple optimizations).

3.8.1. Executing OPT_EXPR pass (perform const folding).
Optimizing module o03_complement_check_candidate.

3.8.2. Executing OPT_MERGE pass (detect identical cells).
Finding identical cells in module `\o03_complement_check_candidate'.
Computing hashes of 2 cells of `\o03_complement_check_candidate'.
Finding duplicate cells in `\o03_complement_check_candidate'.
Removed a total of 0 cells.

3.8.3. Executing OPT_MUXTREE pass (detect dead branches in mux trees).
Running muxtree optimizer on module \o03_complement_check_candidate..
  Creating internal representation of mux trees.
  No muxes found in this module.
Removed 0 multiplexer ports.

3.8.4. Executing OPT_REDUCE pass (consolidate $*mux and $reduce_* inputs).
  Optimizing cells in module \o03_complement_check_candidate.
Performed a total of 0 changes.

3.8.5. Executing OPT_MERGE pass (detect identical cells).
Finding identical cells in module `\o03_complement_check_candidate'.
Computing hashes of 2 cells of `\o03_complement_check_candidate'.
Finding duplicate cells in `\o03_complement_check_candidate'.
Removed a total of 0 cells.

3.8.6. Executing OPT_DFF pass (perform DFF optimizations).

3.8.7. Executing OPT_CLEAN pass (remove unused cells and wires).
Finding unused cells or wires in module \o03_complement_check_candidate..

3.8.8. Executing OPT_EXPR pass (perform const folding).
Optimizing module o03_complement_check_candidate.

3.8.9. Finished fast OPT passes. (There is nothing left to do.)

3.9. Executing WREDUCE pass (reducing word size of cells).

3.10. Executing PEEPOPT pass (run peephole optimizers).

3.11. Executing OPT_CLEAN pass (remove unused cells and wires).
Finding unused cells or wires in module \o03_complement_check_candidate..

3.12. Executing TECHMAP pass (map to technology primitives).

3.12.1. Executing Verilog-2005 frontend: /opt/homebrew/bin/../share/yosys/cmp2lut.v
Parsing Verilog input from `/opt/homebrew/bin/../share/yosys/cmp2lut.v' to AST representation.
Generating RTLIL representation for module `\_90_lut_cmp_'.
Successfully finished Verilog frontend.

3.12.2. Executing Verilog-2005 frontend: /opt/homebrew/bin/../share/yosys/cmp2lcu.v
Parsing Verilog input from `/opt/homebrew/bin/../share/yosys/cmp2lcu.v' to AST representation.
Generating RTLIL representation for module `\_80_lcu_cmp_'.
Generating RTLIL representation for module `$__CMP2LCU'.
Successfully finished Verilog frontend.

3.12.3. Continuing TECHMAP pass.
No more expansions possible.
<suppressed ~7 debug messages>

3.13. Executing ALUMACC pass (create $alu and $macc cells).
Extracting $alu and $macc cells in module o03_complement_check_candidate:
  created 0 $alu and 0 $macc cells.

3.14. Executing SHARE pass (SAT-based resource sharing).

3.15. Executing OPT pass (performing simple optimizations).

3.15.1. Executing OPT_EXPR pass (perform const folding).
Optimizing module o03_complement_check_candidate.

3.15.2. Executing OPT_MERGE pass (detect identical cells).
Finding identical cells in module `\o03_complement_check_candidate'.
Computing hashes of 2 cells of `\o03_complement_check_candidate'.
Finding duplicate cells in `\o03_complement_check_candidate'.
Removed a total of 0 cells.

3.15.3. Executing OPT_MUXTREE pass (detect dead branches in mux trees).
Running muxtree optimizer on module \o03_complement_check_candidate..
  Creating internal representation of mux trees.
  No muxes found in this module.
Removed 0 multiplexer ports.

3.15.4. Executing OPT_REDUCE pass (consolidate $*mux and $reduce_* inputs).
  Optimizing cells in module \o03_complement_check_candidate.
Performed a total of 0 changes.

3.15.5. Executing OPT_MERGE pass (detect identical cells).
Finding identical cells in module `\o03_complement_check_candidate'.
Computing hashes of 2 cells of `\o03_complement_check_candidate'.
Finding duplicate cells in `\o03_complement_check_candidate'.
Removed a total of 0 cells.

3.15.6. Executing OPT_DFF pass (perform DFF optimizations).

3.15.7. Executing OPT_CLEAN pass (remove unused cells and wires).
Finding unused cells or wires in module \o03_complement_check_candidate..

3.15.8. Executing OPT_EXPR pass (perform const folding).
Optimizing module o03_complement_check_candidate.

3.15.9. Finished fast OPT passes. (There is nothing left to do.)

3.16. Executing MEMORY pass.

3.16.1. Executing OPT_MEM pass (optimize memories).
Performed a total of 0 transformations.

3.16.2. Executing OPT_MEM_PRIORITY pass (removing unnecessary memory write priority relations).
Performed a total of 0 transformations.

3.16.3. Executing OPT_MEM_FEEDBACK pass (finding memory read-to-write feedback paths).

3.16.4. Executing MEMORY_BMUX2ROM pass (converting muxes to ROMs).

3.16.5. Executing MEMORY_DFF pass (merging $dff cells to $memrd).

3.16.6. Executing OPT_CLEAN pass (remove unused cells and wires).
Finding unused cells or wires in module \o03_complement_check_candidate..

3.16.7. Executing MEMORY_SHARE pass (consolidating $memrd/$memwr cells).

3.16.8. Executing OPT_MEM_WIDEN pass (optimize memories where all ports are wide).
Performed a total of 0 transformations.

3.16.9. Executing OPT_CLEAN pass (remove unused cells and wires).
Finding unused cells or wires in module \o03_complement_check_candidate..

3.16.10. Executing MEMORY_COLLECT pass (generating $mem cells).

3.17. Executing OPT_CLEAN pass (remove unused cells and wires).
Finding unused cells or wires in module \o03_complement_check_candidate..

3.18. Executing OPT pass (performing simple optimizations).

3.18.1. Executing OPT_EXPR pass (perform const folding).
Optimizing module o03_complement_check_candidate.

3.18.2. Executing OPT_MERGE pass (detect identical cells).
Finding identical cells in module `\o03_complement_check_candidate'.
Computing hashes of 2 cells of `\o03_complement_check_candidate'.
Finding duplicate cells in `\o03_complement_check_candidate'.
Removed a total of 0 cells.

3.18.3. Executing OPT_DFF pass (perform DFF optimizations).

3.18.4. Executing OPT_CLEAN pass (remove unused cells and wires).
Finding unused cells or wires in module \o03_complement_check_candidate..

3.18.5. Finished fast OPT passes.

3.19. Executing MEMORY_MAP pass (converting memories to logic and flip-flops).

3.20. Executing OPT pass (performing simple optimizations).

3.20.1. Executing OPT_EXPR pass (perform const folding).
Optimizing module o03_complement_check_candidate.

3.20.2. Executing OPT_MERGE pass (detect identical cells).
Finding identical cells in module `\o03_complement_check_candidate'.
Computing hashes of 2 cells of `\o03_complement_check_candidate'.
Finding duplicate cells in `\o03_complement_check_candidate'.
Removed a total of 0 cells.

3.20.3. Executing OPT_MUXTREE pass (detect dead branches in mux trees).
Running muxtree optimizer on module \o03_complement_check_candidate..
  Creating internal representation of mux trees.
  No muxes found in this module.
Removed 0 multiplexer ports.

3.20.4. Executing OPT_REDUCE pass (consolidate $*mux and $reduce_* inputs).
  Optimizing cells in module \o03_complement_check_candidate.
Performed a total of 0 changes.

3.20.5. Executing OPT_MERGE pass (detect identical cells).
Finding identical cells in module `\o03_complement_check_candidate'.
Computing hashes of 2 cells of `\o03_complement_check_candidate'.
Finding duplicate cells in `\o03_complement_check_candidate'.
Removed a total of 0 cells.

3.20.6. Executing OPT_SHARE pass.

3.20.7. Executing OPT_DFF pass (perform DFF optimizations).

3.20.8. Executing OPT_CLEAN pass (remove unused cells and wires).
Finding unused cells or wires in module \o03_complement_check_candidate..

3.20.9. Executing OPT_EXPR pass (perform const folding).
Optimizing module o03_complement_check_candidate.

3.20.10. Finished fast OPT passes. (There is nothing left to do.)

3.21. Executing TECHMAP pass (map to technology primitives).

3.21.1. Executing Verilog-2005 frontend: /opt/homebrew/bin/../share/yosys/techmap.v
Parsing Verilog input from `/opt/homebrew/bin/../share/yosys/techmap.v' to AST representation.
Generating RTLIL representation for module `\_90_simplemap_bool_ops'.
Generating RTLIL representation for module `\_90_simplemap_reduce_ops'.
Generating RTLIL representation for module `\_90_simplemap_logic_ops'.
Generating RTLIL representation for module `\_90_simplemap_compare_ops'.
Generating RTLIL representation for module `\_90_simplemap_various'.
Generating RTLIL representation for module `\_90_simplemap_registers'.
Generating RTLIL representation for module `\_90_shift_ops_shr_shl_sshl_sshr'.
Generating RTLIL representation for module `\_90_shift_shiftx'.
Generating RTLIL representation for module `\_90_fa'.
Generating RTLIL representation for module `\_90_lcu_brent_kung'.
Generating RTLIL representation for module `\_90_alu'.
Generating RTLIL representation for module `\_90_macc'.
Generating RTLIL representation for module `\_90_alumacc'.
Generating RTLIL representation for module `$__div_mod_u'.
Generating RTLIL representation for module `$__div_mod_trunc'.
Generating RTLIL representation for module `\_90_div'.
Generating RTLIL representation for module `\_90_mod'.
Generating RTLIL representation for module `$__div_mod_floor'.
Generating RTLIL representation for module `\_90_divfloor'.
Generating RTLIL representation for module `\_90_modfloor'.
Generating RTLIL representation for module `\_90_pow'.
Generating RTLIL representation for module `\_90_pmux'.
Generating RTLIL representation for module `\_90_demux'.
Generating RTLIL representation for module `\_90_lut'.
Generating RTLIL representation for module `$connect'.
Generating RTLIL representation for module `$input_port'.
Successfully finished Verilog frontend.

3.21.2. Continuing TECHMAP pass.
Using extmapper simplemap for cells of type $not.
Using extmapper simplemap for cells of type $ne.
No more expansions possible.
<suppressed ~79 debug messages>

3.22. Executing OPT pass (performing simple optimizations).

3.22.1. Executing OPT_EXPR pass (perform const folding).
Optimizing module o03_complement_check_candidate.

3.22.2. Executing OPT_MERGE pass (detect identical cells).
Finding identical cells in module `\o03_complement_check_candidate'.
Computing hashes of 95 cells of `\o03_complement_check_candidate'.
Finding duplicate cells in `\o03_complement_check_candidate'.
Removed a total of 0 cells.

3.22.3. Executing OPT_DFF pass (perform DFF optimizations).

3.22.4. Executing OPT_CLEAN pass (remove unused cells and wires).
Finding unused cells or wires in module \o03_complement_check_candidate..
Removed 0 unused cells and 1 unused wires.
<suppressed ~1 debug messages>

3.22.5. Finished fast OPT passes.

3.23. Executing ABC pass (technology mapping using ABC).

3.23.1. Extracting gate netlist of module `\o03_complement_check_candidate' to `<abc-temp-dir>/input.blif'..

3.23.1.1. Executed ABC.
Extracted 95 gates and 159 wires to a netlist network with 64 inputs and 1 outputs.
Running ABC script: <abc-temp-dir>/abc.script
ABC: ======== ABC command line "source <abc-temp-dir>/abc.script"
ABC: + read_blif <abc-temp-dir>/input.blif 
ABC: + read_lut <abc-temp-dir>/lutdefs.txt 
ABC: + strash 
ABC: + dretime 
ABC: + if 
ABC: + write_blif <abc-temp-dir>/output.blif 

3.23.1.2. Re-integrating ABC results.
ABC RESULTS:              $lut cells:       21
ABC RESULTS:        internal signals:       94
ABC RESULTS:           input signals:       64
ABC RESULTS:          output signals:        1
Removing temp directory.
Removing global temp directory.

3.24. Executing OPT pass (performing simple optimizations).

3.24.1. Executing OPT_EXPR pass (perform const folding).
Optimizing module o03_complement_check_candidate.

3.24.2. Executing OPT_MERGE pass (detect identical cells).
Finding identical cells in module `\o03_complement_check_candidate'.
Computing hashes of 21 cells of `\o03_complement_check_candidate'.
Finding duplicate cells in `\o03_complement_check_candidate'.
Removed a total of 0 cells.

3.24.3. Executing OPT_DFF pass (perform DFF optimizations).

3.24.4. Executing OPT_CLEAN pass (remove unused cells and wires).
Finding unused cells or wires in module \o03_complement_check_candidate..
Removed 0 unused cells and 71 unused wires.
<suppressed ~1 debug messages>

3.24.5. Finished fast OPT passes.

3.25. Executing HIERARCHY pass (managing design hierarchy).
Attribute `top' found on module `o03_complement_check_candidate'. Setting top module to o03_complement_check_candidate.

3.25.1. Analyzing design hierarchy..
Top module:  \o03_complement_check_candidate

3.25.2. Analyzing design hierarchy..
Top module:  \o03_complement_check_candidate
Removed 0 unused modules.

3.26. Printing statistics.

=== o03_complement_check_candidate ===

        +----------Local Count, excluding submodules.
        | 
       23 wires
       85 wire bits
        3 public wires
       65 public wire bits
        3 ports
       65 port bits
       21 cells
       21   $lut

3.27. Executing CHECK pass (checking for obvious problems).
Checking module o03_complement_check_candidate...
Found and reported 0 problems.

4. Printing statistics.

=== o03_complement_check_candidate ===

        +----------Local Count, excluding submodules.
        | 
       23 wires
       85 wire bits
        3 public wires
       65 public wire bits
        3 ports
       65 port bits
       21 cells
       21   $lut

5. Executing LTP pass (find longest path).

Longest topological path in o03_complement_check_candidate (length=3):
    0: \primary_count [31]
    1: $abc$185$new_n87 (via $abc$185$auto$blifparse.cc:557:parse_blif$206)
    2: $abc$185$new_n83 (via $abc$185$auto$blifparse.cc:557:parse_blif$202)
    3: \err_d (via $abc$185$auto$blifparse.cc:557:parse_blif$186)

End of script. Logfile hash: 8967af04c9, CPU: user 0.05s system 0.02s, MEM: 17.27 MB peak
Yosys 0.63 (git sha1 70a11c6bf0e8dd669f56c7da3587f78b405138e2, clang++ 17.0.0 -fPIC -O3)
Time spent: 56% 1x abc (0 sec), 15% 5x read_verilog (0 sec), ...
