
 /----------------------------------------------------------------------------\
 |  yosys -- Yosys Open SYnthesis Suite                                       |
 |  Copyright (C) 2012 - 2026  Claire Xenia Wolf <claire@yosyshq.com>         |
 |  Distributed under an ISC-like license, type "license" to see terms        |
 \----------------------------------------------------------------------------/
 Yosys 0.63 (git sha1 70a11c6bf0e8dd669f56c7da3587f78b405138e2, clang++ 17.0.0 -fPIC -O3)

-- Running command `read_verilog -sv experiments/plugin-abc-v1/instrumented/installed-acceptance/v2/arm-a/r2/attempt-001/scratch/o03_error_baseline.sv; chparam -set Width 8 o03_error_baseline; hierarchy -top o03_error_baseline; proc; flatten; opt; techmap; opt; abc -g simple; clean; stat; ltp -noff' --

1. Executing Verilog-2005 frontend: experiments/plugin-abc-v1/instrumented/installed-acceptance/v2/arm-a/r2/attempt-001/scratch/o03_error_baseline.sv
Parsing SystemVerilog input from `experiments/plugin-abc-v1/instrumented/installed-acceptance/v2/arm-a/r2/attempt-001/scratch/o03_error_baseline.sv' to AST representation.
Generating RTLIL representation for module `\o03_error_baseline'.
Successfully finished Verilog frontend.
Parameter \Width = 8

2. Executing AST frontend in derive mode using pre-parsed AST for module `\o03_error_baseline'.
Parameter \Width = 8
Generating RTLIL representation for module `$paramod\o03_error_baseline\Width=32'00000000000000000000000000001000'.

3. Executing HIERARCHY pass (managing design hierarchy).

3.1. Analyzing design hierarchy..
Top module:  \o03_error_baseline

3.2. Analyzing design hierarchy..
Top module:  \o03_error_baseline
Removed 0 unused modules.

4. Executing PROC pass (convert processes to netlists).

4.1. Executing PROC_CLEAN pass (remove empty switches from decision trees).
Cleaned up 0 empty switches.

4.2. Executing PROC_RMDEAD pass (remove dead branches from decision trees).
Removed a total of 0 dead cases.

4.3. Executing PROC_PRUNE pass (remove redundant assignments in processes).
Removed 0 redundant assignments.
Promoted 0 assignments to connections.

4.4. Executing PROC_INIT pass (extract init attributes).

4.5. Executing PROC_ARST pass (detect async resets in processes).

4.6. Executing PROC_ROM pass (convert switches to ROMs).
Converted 0 switches.

4.7. Executing PROC_MUX pass (convert decision trees to multiplexers).

4.8. Executing PROC_DLATCH pass (convert process syncs to latches).

4.9. Executing PROC_DFF pass (convert process syncs to FFs).

4.10. Executing PROC_MEMWR pass (convert process memory writes to cells).

4.11. Executing PROC_CLEAN pass (remove empty switches from decision trees).
Cleaned up 0 empty switches.

4.12. Executing OPT_EXPR pass (perform const folding).
Optimizing module o03_error_baseline.

5. Executing FLATTEN pass (flatten design).

6. Executing OPT pass (performing simple optimizations).

6.1. Executing OPT_EXPR pass (perform const folding).
Optimizing module o03_error_baseline.

6.2. Executing OPT_MERGE pass (detect identical cells).
Finding identical cells in module `\o03_error_baseline'.
Computing hashes of 2 cells of `\o03_error_baseline'.
Finding duplicate cells in `\o03_error_baseline'.
Removed a total of 0 cells.

6.3. Executing OPT_MUXTREE pass (detect dead branches in mux trees).
Running muxtree optimizer on module \o03_error_baseline..
  Creating internal representation of mux trees.
  No muxes found in this module.
Removed 0 multiplexer ports.

6.4. Executing OPT_REDUCE pass (consolidate $*mux and $reduce_* inputs).
  Optimizing cells in module \o03_error_baseline.
Performed a total of 0 changes.

6.5. Executing OPT_MERGE pass (detect identical cells).
Finding identical cells in module `\o03_error_baseline'.
Computing hashes of 2 cells of `\o03_error_baseline'.
Finding duplicate cells in `\o03_error_baseline'.
Removed a total of 0 cells.

6.6. Executing OPT_DFF pass (perform DFF optimizations).

6.7. Executing OPT_CLEAN pass (remove unused cells and wires).
Finding unused cells or wires in module \o03_error_baseline..
Removed 0 unused cells and 2 unused wires.
<suppressed ~1 debug messages>

6.8. Executing OPT_EXPR pass (perform const folding).
Optimizing module o03_error_baseline.

6.9. Rerunning OPT passes. (Maybe there is more to do..)

6.10. Executing OPT_MUXTREE pass (detect dead branches in mux trees).
Running muxtree optimizer on module \o03_error_baseline..
  Creating internal representation of mux trees.
  No muxes found in this module.
Removed 0 multiplexer ports.

6.11. Executing OPT_REDUCE pass (consolidate $*mux and $reduce_* inputs).
  Optimizing cells in module \o03_error_baseline.
Performed a total of 0 changes.

6.12. Executing OPT_MERGE pass (detect identical cells).
Finding identical cells in module `\o03_error_baseline'.
Computing hashes of 2 cells of `\o03_error_baseline'.
Finding duplicate cells in `\o03_error_baseline'.
Removed a total of 0 cells.

6.13. Executing OPT_DFF pass (perform DFF optimizations).

6.14. Executing OPT_CLEAN pass (remove unused cells and wires).
Finding unused cells or wires in module \o03_error_baseline..

6.15. Executing OPT_EXPR pass (perform const folding).
Optimizing module o03_error_baseline.

6.16. Finished fast OPT passes. (There is nothing left to do.)

7. Executing TECHMAP pass (map to technology primitives).

7.1. Executing Verilog-2005 frontend: /opt/homebrew/bin/../share/yosys/techmap.v
Parsing Verilog input from `/opt/homebrew/bin/../share/yosys/techmap.v' to AST representation.
Generating RTLIL representation for module `\_90_simplemap_bool_ops'.
Generating RTLIL representation for module `\_90_simplemap_reduce_ops'.
Generating RTLIL representation for module `\_90_simplemap_logic_ops'.
Generating RTLIL representation for module `\_90_simplemap_compare_ops'.
Generating RTLIL representation for module `\_90_simplemap_various'.
Generating RTLIL representation for module `\_90_simplemap_registers'.
Generating RTLIL representation for module `\_90_shift_ops_shr_shl_sshl_sshr'.
Generating RTLIL representation for module `\_90_shift_shiftx'.
Generating RTLIL representation for module `\_90_fa'.
Generating RTLIL representation for module `\_90_lcu_brent_kung'.
Generating RTLIL representation for module `\_90_alu'.
Generating RTLIL representation for module `\_90_macc'.
Generating RTLIL representation for module `\_90_alumacc'.
Generating RTLIL representation for module `$__div_mod_u'.
Generating RTLIL representation for module `$__div_mod_trunc'.
Generating RTLIL representation for module `\_90_div'.
Generating RTLIL representation for module `\_90_mod'.
Generating RTLIL representation for module `$__div_mod_floor'.
Generating RTLIL representation for module `\_90_divfloor'.
Generating RTLIL representation for module `\_90_modfloor'.
Generating RTLIL representation for module `\_90_pow'.
Generating RTLIL representation for module `\_90_pmux'.
Generating RTLIL representation for module `\_90_demux'.
Generating RTLIL representation for module `\_90_lut'.
Generating RTLIL representation for module `$connect'.
Generating RTLIL representation for module `$input_port'.
Successfully finished Verilog frontend.

7.2. Continuing TECHMAP pass.
Running "alumacc" on wrapper $extern:wrap:$add:Y_WIDTH=9:B_WIDTH=8:A_WIDTH=8:B_SIGNED=0:A_SIGNED=0:394426c56d1a028ba8fdd5469b163e04011def47.
Using template $extern:wrap:$add:Y_WIDTH=9:B_WIDTH=8:A_WIDTH=8:B_SIGNED=0:A_SIGNED=0:394426c56d1a028ba8fdd5469b163e04011def47 for cells of type $extern:wrap:$add:Y_WIDTH=9:B_WIDTH=8:A_WIDTH=8:B_SIGNED=0:A_SIGNED=0:394426c56d1a028ba8fdd5469b163e04011def47.
Using extmapper simplemap for cells of type $ne.
Using template $paramod$4ccbe221165818e15f326ddee3d1183c7924e12f\_90_alu for cells of type $alu.
Using extmapper simplemap for cells of type $xor.
Using template $paramod\_90_fa\WIDTH=32'00000000000000000000000000001001 for cells of type $fa.
Using template $paramod\_90_lcu_brent_kung\WIDTH=32'00000000000000000000000000001001 for cells of type $lcu.
Using extmapper simplemap for cells of type $pos.
Using extmapper simplemap for cells of type $mux.
Using extmapper simplemap for cells of type $not.
Using extmapper simplemap for cells of type $or.
Using extmapper simplemap for cells of type $and.
No more expansions possible.
<suppressed ~283 debug messages>

8. Executing OPT pass (performing simple optimizations).

8.1. Executing OPT_EXPR pass (perform const folding).
Optimizing module o03_error_baseline.
<suppressed ~55 debug messages>

8.2. Executing OPT_MERGE pass (detect identical cells).
Finding identical cells in module `\o03_error_baseline'.
Computing hashes of 73 cells of `\o03_error_baseline'.
Finding duplicate cells in `\o03_error_baseline'.
Removed a total of 0 cells.

8.3. Executing OPT_MUXTREE pass (detect dead branches in mux trees).
Running muxtree optimizer on module \o03_error_baseline..
  Creating internal representation of mux trees.
  No muxes found in this module.
Removed 0 multiplexer ports.

8.4. Executing OPT_REDUCE pass (consolidate $*mux and $reduce_* inputs).
  Optimizing cells in module \o03_error_baseline.
Performed a total of 0 changes.

8.5. Executing OPT_MERGE pass (detect identical cells).
Finding identical cells in module `\o03_error_baseline'.
Computing hashes of 73 cells of `\o03_error_baseline'.
Finding duplicate cells in `\o03_error_baseline'.
Removed a total of 0 cells.

8.6. Executing OPT_DFF pass (perform DFF optimizations).

8.7. Executing OPT_CLEAN pass (remove unused cells and wires).
Finding unused cells or wires in module \o03_error_baseline..
Removed 8 unused cells and 45 unused wires.
<suppressed ~9 debug messages>

8.8. Executing OPT_EXPR pass (perform const folding).
Optimizing module o03_error_baseline.

8.9. Rerunning OPT passes. (Maybe there is more to do..)

8.10. Executing OPT_MUXTREE pass (detect dead branches in mux trees).
Running muxtree optimizer on module \o03_error_baseline..
  Creating internal representation of mux trees.
  No muxes found in this module.
Removed 0 multiplexer ports.

8.11. Executing OPT_REDUCE pass (consolidate $*mux and $reduce_* inputs).
  Optimizing cells in module \o03_error_baseline.
Performed a total of 0 changes.

8.12. Executing OPT_MERGE pass (detect identical cells).
Finding identical cells in module `\o03_error_baseline'.
Computing hashes of 65 cells of `\o03_error_baseline'.
Finding duplicate cells in `\o03_error_baseline'.
Removed a total of 0 cells.

8.13. Executing OPT_DFF pass (perform DFF optimizations).

8.14. Executing OPT_CLEAN pass (remove unused cells and wires).
Finding unused cells or wires in module \o03_error_baseline..

8.15. Executing OPT_EXPR pass (perform const folding).
Optimizing module o03_error_baseline.

8.16. Finished fast OPT passes. (There is nothing left to do.)

9. Executing ABC pass (technology mapping using ABC).

9.1. Extracting gate netlist of module `\o03_error_baseline' to `<abc-temp-dir>/input.blif'..

9.1.1. Executed ABC.
Extracted 65 gates and 81 wires to a netlist network with 16 inputs and 1 outputs.
Running ABC script: <abc-temp-dir>/abc.script
ABC: ======== ABC command line "source <abc-temp-dir>/abc.script"
ABC: + read_blif <abc-temp-dir>/input.blif 
ABC: + read_library <abc-temp-dir>/stdcells.genlib 
ABC: + strash 
ABC: + &get -n 
ABC: + &fraig -x 
ABC: + &put 
ABC: + scorr 
ABC: Warning: The network is combinational (run "fraig" or "fraig_sweep").
ABC: + dc2 
ABC: + dretime 
ABC: + strash 
ABC: + &get -n 
ABC: + &dch -f 
ABC: + &nf 
ABC: + &put 
ABC: + write_blif <abc-temp-dir>/output.blif 

9.1.2. Re-integrating ABC results.
ABC RESULTS:               AND cells:       17
ABC RESULTS:               NOT cells:        5
ABC RESULTS:                OR cells:       17
ABC RESULTS:               XOR cells:        9
ABC RESULTS:        internal signals:       64
ABC RESULTS:           input signals:       16
ABC RESULTS:          output signals:        1
Removing temp directory.
Removing global temp directory.
Removed 0 unused cells and 51 unused wires.

10. Printing statistics.

=== o03_error_baseline ===

        +----------Local Count, excluding submodules.
        | 
       50 wires
       64 wire bits
        3 public wires
       17 public wire bits
        3 ports
       17 port bits
       48 cells
       17   $_AND_
        5   $_NOT_
       17   $_OR_
        9   $_XOR_

11. Executing LTP pass (find longest path).

Longest topological path in o03_error_baseline (length=9):
    0: \primary_count [5]
    1: $abc$273$new_n21 (via $abc$273$auto$blifparse.cc:397:parse_blif$277)
    2: $abc$273$new_n23 (via $abc$273$auto$blifparse.cc:397:parse_blif$279)
    3: $abc$273$new_n40 (via $abc$273$auto$blifparse.cc:397:parse_blif$296)
    4: $abc$273$new_n45 (via $abc$273$auto$blifparse.cc:397:parse_blif$301)
    5: $abc$273$new_n46 (via $abc$273$auto$blifparse.cc:397:parse_blif$302)
    6: $abc$273$new_n47 (via $abc$273$auto$blifparse.cc:397:parse_blif$303)
    7: $abc$273$new_n48 (via $abc$273$auto$blifparse.cc:397:parse_blif$304)
    8: $abc$273$new_n53 (via $abc$273$auto$blifparse.cc:397:parse_blif$309)
    9: \err_d (via $abc$273$auto$blifparse.cc:397:parse_blif$321)

End of script. Logfile hash: 5d680b87c2, CPU: user 0.05s system 0.01s, MEM: 18.09 MB peak
Yosys 0.63 (git sha1 70a11c6bf0e8dd669f56c7da3587f78b405138e2, clang++ 17.0.0 -fPIC -O3)
Time spent: 69% 1x abc (0 sec), 9% 3x read_verilog (0 sec), ...
