
 /----------------------------------------------------------------------------\
 |  yosys -- Yosys Open SYnthesis Suite                                       |
 |  Copyright (C) 2012 - 2026  Claire Xenia Wolf <claire@yosyshq.com>         |
 |  Distributed under an ISC-like license, type "license" to see terms        |
 \----------------------------------------------------------------------------/
 Yosys 0.63 (git sha1 70a11c6bf0e8dd669f56c7da3587f78b405138e2, clang++ 17.0.0 -fPIC -O3)

-- Running command `read_verilog -sv experiments/plugin-abc-v1/instrumented/installed-acceptance/v2/arm-a/r2/attempt-001/scratch/o03_error_p2.sv; prep -top o03_error_p2; async2sync; dffunmap; sat -verify -tempinduct -prove old_err_q new_err_q -set-init-zero' --

1. Executing Verilog-2005 frontend: experiments/plugin-abc-v1/instrumented/installed-acceptance/v2/arm-a/r2/attempt-001/scratch/o03_error_p2.sv
Parsing SystemVerilog input from `experiments/plugin-abc-v1/instrumented/installed-acceptance/v2/arm-a/r2/attempt-001/scratch/o03_error_p2.sv' to AST representation.
Generating RTLIL representation for module `\o03_error_p2'.
Successfully finished Verilog frontend.

2. Executing PREP pass.

2.1. Executing HIERARCHY pass (managing design hierarchy).

2.1.1. Analyzing design hierarchy..
Top module:  \o03_error_p2

2.1.2. Analyzing design hierarchy..
Top module:  \o03_error_p2
Removed 0 unused modules.

2.2. Executing PROC pass (convert processes to netlists).

2.2.1. Executing PROC_CLEAN pass (remove empty switches from decision trees).
Cleaned up 0 empty switches.

2.2.2. Executing PROC_RMDEAD pass (remove dead branches from decision trees).
Marked 1 switch rules as full_case in process $proc$experiments/plugin-abc-v1/instrumented/installed-acceptance/v2/arm-a/r2/attempt-001/scratch/o03_error_p2.sv:17$5 in module o03_error_p2.
Removed a total of 0 dead cases.

2.2.3. Executing PROC_PRUNE pass (remove redundant assignments in processes).
Removed 2 redundant assignments.
Promoted 0 assignments to connections.

2.2.4. Executing PROC_INIT pass (extract init attributes).

2.2.5. Executing PROC_ARST pass (detect async resets in processes).
Found async reset \rst_n in `\o03_error_p2.$proc$experiments/plugin-abc-v1/instrumented/installed-acceptance/v2/arm-a/r2/attempt-001/scratch/o03_error_p2.sv:17$5'.

2.2.6. Executing PROC_ROM pass (convert switches to ROMs).
Converted 0 switches.

2.2.7. Executing PROC_MUX pass (convert decision trees to multiplexers).
Creating decoders for process `\o03_error_p2.$proc$experiments/plugin-abc-v1/instrumented/installed-acceptance/v2/arm-a/r2/attempt-001/scratch/o03_error_p2.sv:17$5'.
     1/2: $0\new_err_q[0:0]
     2/2: $0\old_err_q[0:0]

2.2.8. Executing PROC_DLATCH pass (convert process syncs to latches).

2.2.9. Executing PROC_DFF pass (convert process syncs to FFs).
Creating register for signal `\o03_error_p2.\old_err_q' using process `\o03_error_p2.$proc$experiments/plugin-abc-v1/instrumented/installed-acceptance/v2/arm-a/r2/attempt-001/scratch/o03_error_p2.sv:17$5'.
  created $adff cell `$procdff$11' with positive edge clock and positive level reset.
Creating register for signal `\o03_error_p2.\new_err_q' using process `\o03_error_p2.$proc$experiments/plugin-abc-v1/instrumented/installed-acceptance/v2/arm-a/r2/attempt-001/scratch/o03_error_p2.sv:17$5'.
  created $adff cell `$procdff$16' with positive edge clock and positive level reset.

2.2.10. Executing PROC_MEMWR pass (convert process memory writes to cells).

2.2.11. Executing PROC_CLEAN pass (remove empty switches from decision trees).
Removing empty process `o03_error_p2.$proc$experiments/plugin-abc-v1/instrumented/installed-acceptance/v2/arm-a/r2/attempt-001/scratch/o03_error_p2.sv:17$5'.
Cleaned up 0 empty switches.

2.2.12. Executing OPT_EXPR pass (perform const folding).
Optimizing module o03_error_p2.
<suppressed ~4 debug messages>

2.3. Executing FUTURE pass.

2.4. Executing OPT_EXPR pass (perform const folding).
Optimizing module o03_error_p2.

2.5. Executing OPT_CLEAN pass (remove unused cells and wires).
Finding unused cells or wires in module \o03_error_p2..
Removed 3 unused cells and 10 unused wires.
<suppressed ~4 debug messages>

2.6. Executing CHECK pass (checking for obvious problems).
Checking module o03_error_p2...
Found and reported 0 problems.

2.7. Executing OPT pass (performing simple optimizations).

2.7.1. Executing OPT_EXPR pass (perform const folding).
Optimizing module o03_error_p2.

2.7.2. Executing OPT_MERGE pass (detect identical cells).
Finding identical cells in module `\o03_error_p2'.
Computing hashes of 6 cells of `\o03_error_p2'.
Finding duplicate cells in `\o03_error_p2'.
Removed a total of 0 cells.

2.7.3. Executing OPT_MUXTREE pass (detect dead branches in mux trees).
Running muxtree optimizer on module \o03_error_p2..
  Creating internal representation of mux trees.
  No muxes found in this module.
Removed 0 multiplexer ports.

2.7.4. Executing OPT_REDUCE pass (consolidate $*mux and $reduce_* inputs).
  Optimizing cells in module \o03_error_p2.
Performed a total of 0 changes.

2.7.5. Executing OPT_MERGE pass (detect identical cells).
Finding identical cells in module `\o03_error_p2'.
Computing hashes of 6 cells of `\o03_error_p2'.
Finding duplicate cells in `\o03_error_p2'.
Removed a total of 0 cells.

2.7.6. Executing OPT_CLEAN pass (remove unused cells and wires).
Finding unused cells or wires in module \o03_error_p2..

2.7.7. Executing OPT_EXPR pass (perform const folding).
Optimizing module o03_error_p2.

2.7.8. Finished fast OPT passes. (There is nothing left to do.)

2.8. Executing WREDUCE pass (reducing word size of cells).
Removed top 1 bits (of 33) from port B of cell o03_error_p2.$ne$experiments/plugin-abc-v1/instrumented/installed-acceptance/v2/arm-a/r2/attempt-001/scratch/o03_error_p2.sv:14$2 ($ne).

2.9. Executing OPT_CLEAN pass (remove unused cells and wires).
Finding unused cells or wires in module \o03_error_p2..

2.10. Executing MEMORY_COLLECT pass (generating $mem cells).

2.11. Executing OPT pass (performing simple optimizations).

2.11.1. Executing OPT_EXPR pass (perform const folding).
Optimizing module o03_error_p2.

2.11.2. Executing OPT_MERGE pass (detect identical cells).
Finding identical cells in module `\o03_error_p2'.
Computing hashes of 6 cells of `\o03_error_p2'.
Finding duplicate cells in `\o03_error_p2'.
Removed a total of 0 cells.

2.11.3. Executing OPT_CLEAN pass (remove unused cells and wires).
Finding unused cells or wires in module \o03_error_p2..

2.11.4. Finished fast OPT passes.

2.12. Executing SORT pass.

2.13. Printing statistics.

=== o03_error_p2 ===

        +----------Local Count, excluding submodules.
        | 
       10 wires
      135 wire bits
        9 public wires
      103 public wire bits
        6 ports
       68 port bits
        6 cells
        1   $add
        2   $adff
        2   $ne
        1   $not

2.14. Executing CHECK pass (checking for obvious problems).
Checking module o03_error_p2...
Found and reported 0 problems.

3. Executing ASYNC2SYNC pass.
Replacing o03_error_p2.$procdff$11 ($adff): ARST=\rst_n, D=\old_err_d, Q=\old_err_q
Replacing o03_error_p2.$procdff$16 ($adff): ARST=\rst_n, D=\new_err_d, Q=\new_err_q

4. Executing DFFUNMAP pass (unmap clock enable and synchronous reset from FFs).

5. Executing SAT pass (solving SAT problems in the circuit).
Using SAT solver `minisat`.

Setting up time step 1:
Final constraint equation: { } = { }
Imported 10 cells to SAT database.
Import proof-constraint: \old_err_q = \new_err_q
Final proof equation: \old_err_q = \new_err_q

** Trying induction with length 1 **

Setting up time step 1:
Final constraint equation: { } = { }
Imported 10 cells to SAT database.
Final init constraint equation: { $auto$async2sync.cc:234:execute$19 $auto$async2sync.cc:234:execute$17 } = 2'00
Import proof-constraint: \old_err_q = \new_err_q
Final proof equation: \old_err_q = \new_err_q

[base case 1] Solving problem with 815 variables and 2162 clauses..
Base case for induction length 1 proven.

Setting up time step 2:
Final constraint equation: { } = { }
Imported 10 cells to SAT database.
Import proof-constraint: \old_err_q = \new_err_q
Final proof equation: \old_err_q = \new_err_q

[induction step 1] Solving problem with 1629 variables and 4324 clauses..
Induction step proven: SUCCESS!

                  /$$$$$$      /$$$$$$$$     /$$$$$$$    
                 /$$__  $$    | $$_____/    | $$__  $$   
                | $$  \ $$    | $$          | $$  \ $$   
                | $$  | $$    | $$$$$       | $$  | $$   
                | $$  | $$    | $$__/       | $$  | $$   
                | $$/$$ $$    | $$          | $$  | $$   
                |  $$$$$$/ /$$| $$$$$$$$ /$$| $$$$$$$//$$
                 \____ $$$|__/|________/|__/|_______/|__/
                       \__/                              

End of script. Logfile hash: 46c090ada8, CPU: user 0.05s system 0.01s, MEM: 16.67 MB peak
Yosys 0.63 (git sha1 70a11c6bf0e8dd669f56c7da3587f78b405138e2, clang++ 17.0.0 -fPIC -O3)
Time spent: 55% 1x sat (0 sec), 13% 5x opt_expr (0 sec), ...
