
 /----------------------------------------------------------------------------\
 |  yosys -- Yosys Open SYnthesis Suite                                       |
 |  Copyright (C) 2012 - 2026  Claire Xenia Wolf <claire@yosyshq.com>         |
 |  Distributed under an ISC-like license, type "license" to see terms        |
 \----------------------------------------------------------------------------/
 Yosys 0.63 (git sha1 70a11c6bf0e8dd669f56c7da3587f78b405138e2, clang++ 17.0.0 -fPIC -O3)

-- Running command `read_verilog -sv experiments/plugin-abc-v1/instrumented/installed-acceptance/v2/arm-a/r2/attempt-001/candidates/o03_complement_check.sv; chparam -set Width 8 o03_complement_check_candidate; hierarchy -top o03_complement_check_candidate; proc; flatten; opt; techmap; opt; abc -g simple; clean; stat; ltp -noff' --

1. Executing Verilog-2005 frontend: experiments/plugin-abc-v1/instrumented/installed-acceptance/v2/arm-a/r2/attempt-001/candidates/o03_complement_check.sv
Parsing SystemVerilog input from `experiments/plugin-abc-v1/instrumented/installed-acceptance/v2/arm-a/r2/attempt-001/candidates/o03_complement_check.sv' to AST representation.
Generating RTLIL representation for module `\o03_complement_check_candidate'.
Successfully finished Verilog frontend.
Parameter \Width = 8

2. Executing AST frontend in derive mode using pre-parsed AST for module `\o03_complement_check_candidate'.
Parameter \Width = 8
Generating RTLIL representation for module `$paramod\o03_complement_check_candidate\Width=32'00000000000000000000000000001000'.

3. Executing HIERARCHY pass (managing design hierarchy).

3.1. Analyzing design hierarchy..
Top module:  \o03_complement_check_candidate

3.2. Analyzing design hierarchy..
Top module:  \o03_complement_check_candidate
Removed 0 unused modules.

4. Executing PROC pass (convert processes to netlists).

4.1. Executing PROC_CLEAN pass (remove empty switches from decision trees).
Cleaned up 0 empty switches.

4.2. Executing PROC_RMDEAD pass (remove dead branches from decision trees).
Removed a total of 0 dead cases.

4.3. Executing PROC_PRUNE pass (remove redundant assignments in processes).
Removed 0 redundant assignments.
Promoted 0 assignments to connections.

4.4. Executing PROC_INIT pass (extract init attributes).

4.5. Executing PROC_ARST pass (detect async resets in processes).

4.6. Executing PROC_ROM pass (convert switches to ROMs).
Converted 0 switches.

4.7. Executing PROC_MUX pass (convert decision trees to multiplexers).

4.8. Executing PROC_DLATCH pass (convert process syncs to latches).

4.9. Executing PROC_DFF pass (convert process syncs to FFs).

4.10. Executing PROC_MEMWR pass (convert process memory writes to cells).

4.11. Executing PROC_CLEAN pass (remove empty switches from decision trees).
Cleaned up 0 empty switches.

4.12. Executing OPT_EXPR pass (perform const folding).
Optimizing module o03_complement_check_candidate.

5. Executing FLATTEN pass (flatten design).

6. Executing OPT pass (performing simple optimizations).

6.1. Executing OPT_EXPR pass (perform const folding).
Optimizing module o03_complement_check_candidate.

6.2. Executing OPT_MERGE pass (detect identical cells).
Finding identical cells in module `\o03_complement_check_candidate'.
Computing hashes of 2 cells of `\o03_complement_check_candidate'.
Finding duplicate cells in `\o03_complement_check_candidate'.
Removed a total of 0 cells.

6.3. Executing OPT_MUXTREE pass (detect dead branches in mux trees).
Running muxtree optimizer on module \o03_complement_check_candidate..
  Creating internal representation of mux trees.
  No muxes found in this module.
Removed 0 multiplexer ports.

6.4. Executing OPT_REDUCE pass (consolidate $*mux and $reduce_* inputs).
  Optimizing cells in module \o03_complement_check_candidate.
Performed a total of 0 changes.

6.5. Executing OPT_MERGE pass (detect identical cells).
Finding identical cells in module `\o03_complement_check_candidate'.
Computing hashes of 2 cells of `\o03_complement_check_candidate'.
Finding duplicate cells in `\o03_complement_check_candidate'.
Removed a total of 0 cells.

6.6. Executing OPT_DFF pass (perform DFF optimizations).

6.7. Executing OPT_CLEAN pass (remove unused cells and wires).
Finding unused cells or wires in module \o03_complement_check_candidate..
Removed 0 unused cells and 1 unused wires.
<suppressed ~1 debug messages>

6.8. Executing OPT_EXPR pass (perform const folding).
Optimizing module o03_complement_check_candidate.

6.9. Rerunning OPT passes. (Maybe there is more to do..)

6.10. Executing OPT_MUXTREE pass (detect dead branches in mux trees).
Running muxtree optimizer on module \o03_complement_check_candidate..
  Creating internal representation of mux trees.
  No muxes found in this module.
Removed 0 multiplexer ports.

6.11. Executing OPT_REDUCE pass (consolidate $*mux and $reduce_* inputs).
  Optimizing cells in module \o03_complement_check_candidate.
Performed a total of 0 changes.

6.12. Executing OPT_MERGE pass (detect identical cells).
Finding identical cells in module `\o03_complement_check_candidate'.
Computing hashes of 2 cells of `\o03_complement_check_candidate'.
Finding duplicate cells in `\o03_complement_check_candidate'.
Removed a total of 0 cells.

6.13. Executing OPT_DFF pass (perform DFF optimizations).

6.14. Executing OPT_CLEAN pass (remove unused cells and wires).
Finding unused cells or wires in module \o03_complement_check_candidate..

6.15. Executing OPT_EXPR pass (perform const folding).
Optimizing module o03_complement_check_candidate.

6.16. Finished fast OPT passes. (There is nothing left to do.)

7. Executing TECHMAP pass (map to technology primitives).

7.1. Executing Verilog-2005 frontend: /opt/homebrew/bin/../share/yosys/techmap.v
Parsing Verilog input from `/opt/homebrew/bin/../share/yosys/techmap.v' to AST representation.
Generating RTLIL representation for module `\_90_simplemap_bool_ops'.
Generating RTLIL representation for module `\_90_simplemap_reduce_ops'.
Generating RTLIL representation for module `\_90_simplemap_logic_ops'.
Generating RTLIL representation for module `\_90_simplemap_compare_ops'.
Generating RTLIL representation for module `\_90_simplemap_various'.
Generating RTLIL representation for module `\_90_simplemap_registers'.
Generating RTLIL representation for module `\_90_shift_ops_shr_shl_sshl_sshr'.
Generating RTLIL representation for module `\_90_shift_shiftx'.
Generating RTLIL representation for module `\_90_fa'.
Generating RTLIL representation for module `\_90_lcu_brent_kung'.
Generating RTLIL representation for module `\_90_alu'.
Generating RTLIL representation for module `\_90_macc'.
Generating RTLIL representation for module `\_90_alumacc'.
Generating RTLIL representation for module `$__div_mod_u'.
Generating RTLIL representation for module `$__div_mod_trunc'.
Generating RTLIL representation for module `\_90_div'.
Generating RTLIL representation for module `\_90_mod'.
Generating RTLIL representation for module `$__div_mod_floor'.
Generating RTLIL representation for module `\_90_divfloor'.
Generating RTLIL representation for module `\_90_modfloor'.
Generating RTLIL representation for module `\_90_pow'.
Generating RTLIL representation for module `\_90_pmux'.
Generating RTLIL representation for module `\_90_demux'.
Generating RTLIL representation for module `\_90_lut'.
Generating RTLIL representation for module `$connect'.
Generating RTLIL representation for module `$input_port'.
Successfully finished Verilog frontend.

7.2. Continuing TECHMAP pass.
Using extmapper simplemap for cells of type $not.
Using extmapper simplemap for cells of type $ne.
No more expansions possible.
<suppressed ~79 debug messages>

8. Executing OPT pass (performing simple optimizations).

8.1. Executing OPT_EXPR pass (perform const folding).
Optimizing module o03_complement_check_candidate.

8.2. Executing OPT_MERGE pass (detect identical cells).
Finding identical cells in module `\o03_complement_check_candidate'.
Computing hashes of 23 cells of `\o03_complement_check_candidate'.
Finding duplicate cells in `\o03_complement_check_candidate'.
Removed a total of 0 cells.

8.3. Executing OPT_MUXTREE pass (detect dead branches in mux trees).
Running muxtree optimizer on module \o03_complement_check_candidate..
  Creating internal representation of mux trees.
  No muxes found in this module.
Removed 0 multiplexer ports.

8.4. Executing OPT_REDUCE pass (consolidate $*mux and $reduce_* inputs).
  Optimizing cells in module \o03_complement_check_candidate.
Performed a total of 0 changes.

8.5. Executing OPT_MERGE pass (detect identical cells).
Finding identical cells in module `\o03_complement_check_candidate'.
Computing hashes of 23 cells of `\o03_complement_check_candidate'.
Finding duplicate cells in `\o03_complement_check_candidate'.
Removed a total of 0 cells.

8.6. Executing OPT_DFF pass (perform DFF optimizations).

8.7. Executing OPT_CLEAN pass (remove unused cells and wires).
Finding unused cells or wires in module \o03_complement_check_candidate..
Removed 0 unused cells and 1 unused wires.
<suppressed ~1 debug messages>

8.8. Executing OPT_EXPR pass (perform const folding).
Optimizing module o03_complement_check_candidate.

8.9. Rerunning OPT passes. (Maybe there is more to do..)

8.10. Executing OPT_MUXTREE pass (detect dead branches in mux trees).
Running muxtree optimizer on module \o03_complement_check_candidate..
  Creating internal representation of mux trees.
  No muxes found in this module.
Removed 0 multiplexer ports.

8.11. Executing OPT_REDUCE pass (consolidate $*mux and $reduce_* inputs).
  Optimizing cells in module \o03_complement_check_candidate.
Performed a total of 0 changes.

8.12. Executing OPT_MERGE pass (detect identical cells).
Finding identical cells in module `\o03_complement_check_candidate'.
Computing hashes of 23 cells of `\o03_complement_check_candidate'.
Finding duplicate cells in `\o03_complement_check_candidate'.
Removed a total of 0 cells.

8.13. Executing OPT_DFF pass (perform DFF optimizations).

8.14. Executing OPT_CLEAN pass (remove unused cells and wires).
Finding unused cells or wires in module \o03_complement_check_candidate..

8.15. Executing OPT_EXPR pass (perform const folding).
Optimizing module o03_complement_check_candidate.

8.16. Finished fast OPT passes. (There is nothing left to do.)

9. Executing ABC pass (technology mapping using ABC).

9.1. Extracting gate netlist of module `\o03_complement_check_candidate' to `<abc-temp-dir>/input.blif'..

9.1.1. Executed ABC.
Extracted 23 gates and 39 wires to a netlist network with 16 inputs and 1 outputs.
Running ABC script: <abc-temp-dir>/abc.script
ABC: ======== ABC command line "source <abc-temp-dir>/abc.script"
ABC: + read_blif <abc-temp-dir>/input.blif 
ABC: + read_library <abc-temp-dir>/stdcells.genlib 
ABC: + strash 
ABC: + &get -n 
ABC: + &fraig -x 
ABC: + &put 
ABC: + scorr 
ABC: Warning: The network is combinational (run "fraig" or "fraig_sweep").
ABC: + dc2 
ABC: + dretime 
ABC: + strash 
ABC: + &get -n 
ABC: + &dch -f 
ABC: + &nf 
ABC: + &put 
ABC: + write_blif <abc-temp-dir>/output.blif 

9.1.2. Re-integrating ABC results.
ABC RESULTS:               AND cells:        7
ABC RESULTS:               NOT cells:        1
ABC RESULTS:               XOR cells:        8
ABC RESULTS:        internal signals:       22
ABC RESULTS:           input signals:       16
ABC RESULTS:          output signals:        1
Removing temp directory.
Removing global temp directory.
Removed 0 unused cells and 21 unused wires.

10. Printing statistics.

=== o03_complement_check_candidate ===

        +----------Local Count, excluding submodules.
        | 
       18 wires
       32 wire bits
        3 public wires
       17 public wire bits
        3 ports
       17 port bits
       16 cells
        7   $_AND_
        1   $_NOT_
        8   $_XOR_

11. Executing LTP pass (find longest path).

Longest topological path in o03_complement_check_candidate (length=5):
    0: \primary_count [7]
    1: $abc$109$new_n18 (via $abc$109$auto$blifparse.cc:397:parse_blif$110)
    2: $abc$109$new_n20 (via $abc$109$auto$blifparse.cc:397:parse_blif$112)
    3: $abc$109$new_n28 (via $abc$109$auto$blifparse.cc:397:parse_blif$120)
    4: $abc$109$new_n32 (via $abc$109$auto$blifparse.cc:397:parse_blif$124)
    5: \err_d (via $abc$109$auto$blifparse.cc:397:parse_blif$125)

End of script. Logfile hash: e0a5d79037, CPU: user 0.04s system 0.01s, MEM: 16.08 MB peak
Yosys 0.63 (git sha1 70a11c6bf0e8dd669f56c7da3587f78b405138e2, clang++ 17.0.0 -fPIC -O3)
Time spent: 70% 1x abc (0 sec), 14% 3x read_verilog (0 sec), ...
