
 /----------------------------------------------------------------------------\
 |  yosys -- Yosys Open SYnthesis Suite                                       |
 |  Copyright (C) 2012 - 2026  Claire Xenia Wolf <claire@yosyshq.com>         |
 |  Distributed under an ISC-like license, type "license" to see terms        |
 \----------------------------------------------------------------------------/
 Yosys 0.63 (git sha1 70a11c6bf0e8dd669f56c7da3587f78b405138e2, clang++ 17.0.0 -fPIC -O3)

-- Running command `read_verilog -sv experiments/plugin-abc-v1/cases/generated/g05_mux_common_logic.sv; rename g05_mux_common_logic gold; read_verilog -sv experiments/plugin-abc-v1/instrumented/phase6/arm-a/r2/attempt-001/candidates/g05-c1-factor-common.sv; rename g05_mux_common_logic gate; equiv_make gold gate equiv; hierarchy -top equiv; equiv_simple; equiv_status -assert' --

1. Executing Verilog-2005 frontend: experiments/plugin-abc-v1/cases/generated/g05_mux_common_logic.sv
Parsing SystemVerilog input from `experiments/plugin-abc-v1/cases/generated/g05_mux_common_logic.sv' to AST representation.
Generating RTLIL representation for module `\g05_mux_common_logic'.
Successfully finished Verilog frontend.
Renaming module \g05_mux_common_logic to \gold.

2. Executing Verilog-2005 frontend: experiments/plugin-abc-v1/instrumented/phase6/arm-a/r2/attempt-001/candidates/g05-c1-factor-common.sv
Parsing SystemVerilog input from `experiments/plugin-abc-v1/instrumented/phase6/arm-a/r2/attempt-001/candidates/g05-c1-factor-common.sv' to AST representation.
Generating RTLIL representation for module `\g05_mux_common_logic'.
Successfully finished Verilog frontend.
Renaming module \g05_mux_common_logic to \gate.

3. Executing EQUIV_MAKE pass (creating equiv checking module).
Presumably equivalent wires: y_gold ($ternary$experiments/plugin-abc-v1/cases/generated/g05_mux_common_logic.sv:6$3_Y_gold), y_gate ($add$experiments/plugin-abc-v1/instrumented/phase6/arm-a/r2/attempt-001/candidates/g05-c1-factor-common.sv:6$5_Y_gate) -> y
Presumably equivalent wires: sel_gold (\sel_gold), sel_gate (\sel_gate) -> sel
Presumably equivalent wires: c_gold (\c_gold), c_gate (\c_gate) -> c
Presumably equivalent wires: b_gold (\b_gold), b_gate (\b_gate) -> b
Presumably equivalent wires: a_gold (\a_gold), a_gate (\a_gate) -> a

4. Executing HIERARCHY pass (managing design hierarchy).

4.1. Analyzing design hierarchy..
Top module:  \equiv

4.2. Analyzing design hierarchy..
Top module:  \equiv
Removing unused module `\gate'.
Removing unused module `\gold'.
Removed 2 unused modules.

5. Executing EQUIV_SIMPLE pass.
Found 16 unproven $equiv cells (1 groups) in equiv:
 Grouping SAT models for \y:
  Trying to prove $equiv for \y [0]:ezsat
 success!
  Trying to prove $equiv for \y [1]:ezsat
 success!
  Trying to prove $equiv for \y [2]:ezsat
 success!
  Trying to prove $equiv for \y [3]:ezsat
 success!
  Trying to prove $equiv for \y [4]:ezsat
 success!
  Trying to prove $equiv for \y [5]:ezsat
 success!
  Trying to prove $equiv for \y [6]:ezsat
 success!
  Trying to prove $equiv for \y [7]:ezsat
 success!
  Trying to prove $equiv for \y [8]:ezsat
 success!
  Trying to prove $equiv for \y [9]:ezsat
 success!
  Trying to prove $equiv for \y [10]:ezsat
 success!
  Trying to prove $equiv for \y [11]:ezsat
 success!
  Trying to prove $equiv for \y [12]:ezsat
 success!
  Trying to prove $equiv for \y [13]:ezsat
 success!
  Trying to prove $equiv for \y [14]:ezsat
 success!
  Trying to prove $equiv for \y [15]:ezsat
 success!
Proved 16 previously unproven $equiv cells.

6. Executing EQUIV_STATUS pass.
Found 16 $equiv cells in equiv:
  Of those cells 16 are proven and 0 are unproven.
  Equivalence successfully proven!

End of script. Logfile hash: 5f09b2213f, CPU: user 0.03s system 0.02s, MEM: 14.30 MB peak
Yosys 0.63 (git sha1 70a11c6bf0e8dd669f56c7da3587f78b405138e2, clang++ 17.0.0 -fPIC -O3)
Time spent: 67% 1x equiv_simple (0 sec), 21% 4x read_verilog (0 sec), ...
