
 /----------------------------------------------------------------------------\
 |  yosys -- Yosys Open SYnthesis Suite                                       |
 |  Copyright (C) 2012 - 2026  Claire Xenia Wolf <claire@yosyshq.com>         |
 |  Distributed under an ISC-like license, type "license" to see terms        |
 \----------------------------------------------------------------------------/
 Yosys 0.63 (git sha1 70a11c6bf0e8dd669f56c7da3587f78b405138e2, clang++ 17.0.0 -fPIC -O3)

-- Running command `read_verilog -sv experiments/plugin-abc-v1/cases/generated/g06_priority_decode.sv; hierarchy -top g06_priority_decode; proc; flatten; opt; techmap; opt; abc -lut 4; clean; stat; ltp' --

1. Executing Verilog-2005 frontend: experiments/plugin-abc-v1/cases/generated/g06_priority_decode.sv
Parsing SystemVerilog input from `experiments/plugin-abc-v1/cases/generated/g06_priority_decode.sv' to AST representation.
Generating RTLIL representation for module `\g06_priority_decode'.
Successfully finished Verilog frontend.

2. Executing HIERARCHY pass (managing design hierarchy).

2.1. Analyzing design hierarchy..
Top module:  \g06_priority_decode

2.2. Analyzing design hierarchy..
Top module:  \g06_priority_decode
Removed 0 unused modules.

3. Executing PROC pass (convert processes to netlists).

3.1. Executing PROC_CLEAN pass (remove empty switches from decision trees).
Cleaned up 0 empty switches.

3.2. Executing PROC_RMDEAD pass (remove dead branches from decision trees).
Marked 8 switch rules as full_case in process $proc$experiments/plugin-abc-v1/cases/generated/g06_priority_decode.sv:6$1 in module g06_priority_decode.
Removed a total of 0 dead cases.

3.3. Executing PROC_PRUNE pass (remove redundant assignments in processes).
Removed 0 redundant assignments.
Promoted 2 assignments to connections.

3.4. Executing PROC_INIT pass (extract init attributes).

3.5. Executing PROC_ARST pass (detect async resets in processes).

3.6. Executing PROC_ROM pass (convert switches to ROMs).
Converted 0 switches.
<suppressed ~8 debug messages>

3.7. Executing PROC_MUX pass (convert decision trees to multiplexers).
Creating decoders for process `\g06_priority_decode.$proc$experiments/plugin-abc-v1/cases/generated/g06_priority_decode.sv:6$1'.
     1/16: $8\index[2:0]
     2/16: $8\valid[0:0]
     3/16: $7\index[2:0]
     4/16: $7\valid[0:0]
     5/16: $6\index[2:0]
     6/16: $6\valid[0:0]
     7/16: $5\index[2:0]
     8/16: $5\valid[0:0]
     9/16: $4\index[2:0]
    10/16: $4\valid[0:0]
    11/16: $3\index[2:0]
    12/16: $3\valid[0:0]
    13/16: $2\index[2:0]
    14/16: $2\valid[0:0]
    15/16: $1\index[2:0]
    16/16: $1\valid[0:0]

3.8. Executing PROC_DLATCH pass (convert process syncs to latches).
No latch inferred for signal `\g06_priority_decode.\index' from process `\g06_priority_decode.$proc$experiments/plugin-abc-v1/cases/generated/g06_priority_decode.sv:6$1'.
No latch inferred for signal `\g06_priority_decode.\valid' from process `\g06_priority_decode.$proc$experiments/plugin-abc-v1/cases/generated/g06_priority_decode.sv:6$1'.

3.9. Executing PROC_DFF pass (convert process syncs to FFs).

3.10. Executing PROC_MEMWR pass (convert process memory writes to cells).

3.11. Executing PROC_CLEAN pass (remove empty switches from decision trees).
Found and cleaned up 8 empty switches in `\g06_priority_decode.$proc$experiments/plugin-abc-v1/cases/generated/g06_priority_decode.sv:6$1'.
Removing empty process `g06_priority_decode.$proc$experiments/plugin-abc-v1/cases/generated/g06_priority_decode.sv:6$1'.
Cleaned up 8 empty switches.

3.12. Executing OPT_EXPR pass (perform const folding).
Optimizing module g06_priority_decode.

4. Executing FLATTEN pass (flatten design).

5. Executing OPT pass (performing simple optimizations).

5.1. Executing OPT_EXPR pass (perform const folding).
Optimizing module g06_priority_decode.

5.2. Executing OPT_MERGE pass (detect identical cells).
Finding identical cells in module `\g06_priority_decode'.
Computing hashes of 71 cells of `\g06_priority_decode'.
Finding duplicate cells in `\g06_priority_decode'.
Removed a total of 0 cells.

5.3. Executing OPT_MUXTREE pass (detect dead branches in mux trees).
Running muxtree optimizer on module \g06_priority_decode..
  Creating internal representation of mux trees.
  Evaluating internal representation of mux trees.
  Analyzing evaluation results.
    dead port 1/2 on $mux $procmux$209.
    dead port 1/2 on $mux $procmux$203.
    dead port 1/2 on $mux $procmux$197.
    dead port 1/2 on $mux $procmux$194.
    dead port 1/2 on $mux $procmux$188.
    dead port 1/2 on $mux $procmux$185.
    dead port 1/2 on $mux $procmux$179.
    dead port 1/2 on $mux $procmux$176.
    dead port 1/2 on $mux $procmux$173.
    dead port 1/2 on $mux $procmux$167.
    dead port 1/2 on $mux $procmux$164.
    dead port 1/2 on $mux $procmux$161.
    dead port 1/2 on $mux $procmux$155.
    dead port 1/2 on $mux $procmux$152.
    dead port 1/2 on $mux $procmux$149.
    dead port 1/2 on $mux $procmux$146.
    dead port 1/2 on $mux $procmux$140.
    dead port 1/2 on $mux $procmux$137.
    dead port 1/2 on $mux $procmux$134.
    dead port 1/2 on $mux $procmux$131.
    dead port 1/2 on $mux $procmux$125.
    dead port 1/2 on $mux $procmux$122.
    dead port 1/2 on $mux $procmux$119.
    dead port 1/2 on $mux $procmux$116.
    dead port 1/2 on $mux $procmux$113.
    dead port 1/2 on $mux $procmux$107.
    dead port 1/2 on $mux $procmux$104.
    dead port 1/2 on $mux $procmux$101.
    dead port 1/2 on $mux $procmux$98.
    dead port 1/2 on $mux $procmux$95.
    dead port 1/2 on $mux $procmux$89.
    dead port 1/2 on $mux $procmux$86.
    dead port 1/2 on $mux $procmux$83.
    dead port 1/2 on $mux $procmux$80.
    dead port 1/2 on $mux $procmux$77.
    dead port 1/2 on $mux $procmux$74.
    dead port 1/2 on $mux $procmux$68.
    dead port 1/2 on $mux $procmux$65.
    dead port 1/2 on $mux $procmux$62.
    dead port 1/2 on $mux $procmux$59.
    dead port 1/2 on $mux $procmux$56.
    dead port 1/2 on $mux $procmux$53.
    dead port 1/2 on $mux $procmux$47.
    dead port 1/2 on $mux $procmux$44.
    dead port 1/2 on $mux $procmux$41.
    dead port 1/2 on $mux $procmux$38.
    dead port 1/2 on $mux $procmux$35.
    dead port 1/2 on $mux $procmux$32.
    dead port 1/2 on $mux $procmux$29.
    dead port 1/2 on $mux $procmux$23.
    dead port 1/2 on $mux $procmux$20.
    dead port 1/2 on $mux $procmux$17.
    dead port 1/2 on $mux $procmux$14.
    dead port 1/2 on $mux $procmux$11.
    dead port 1/2 on $mux $procmux$8.
    dead port 1/2 on $mux $procmux$5.
Removed 56 multiplexer ports.
<suppressed ~73 debug messages>

5.4. Executing OPT_REDUCE pass (consolidate $*mux and $reduce_* inputs).
  Optimizing cells in module \g06_priority_decode.
Performed a total of 0 changes.

5.5. Executing OPT_MERGE pass (detect identical cells).
Finding identical cells in module `\g06_priority_decode'.
Computing hashes of 15 cells of `\g06_priority_decode'.
Finding duplicate cells in `\g06_priority_decode'.
Removed a total of 0 cells.

5.6. Executing OPT_DFF pass (perform DFF optimizations).

5.7. Executing OPT_CLEAN pass (remove unused cells and wires).
Finding unused cells or wires in module \g06_priority_decode..
Removed 0 unused cells and 147 unused wires.
<suppressed ~1 debug messages>

5.8. Executing OPT_EXPR pass (perform const folding).
Optimizing module g06_priority_decode.

5.9. Rerunning OPT passes. (Maybe there is more to do..)

5.10. Executing OPT_MUXTREE pass (detect dead branches in mux trees).
Running muxtree optimizer on module \g06_priority_decode..
  Creating internal representation of mux trees.
  Evaluating internal representation of mux trees.
  Analyzing evaluation results.
Removed 0 multiplexer ports.
<suppressed ~17 debug messages>

5.11. Executing OPT_REDUCE pass (consolidate $*mux and $reduce_* inputs).
  Optimizing cells in module \g06_priority_decode.
Performed a total of 0 changes.

5.12. Executing OPT_MERGE pass (detect identical cells).
Finding identical cells in module `\g06_priority_decode'.
Computing hashes of 15 cells of `\g06_priority_decode'.
Finding duplicate cells in `\g06_priority_decode'.
Removed a total of 0 cells.

5.13. Executing OPT_DFF pass (perform DFF optimizations).

5.14. Executing OPT_CLEAN pass (remove unused cells and wires).
Finding unused cells or wires in module \g06_priority_decode..

5.15. Executing OPT_EXPR pass (perform const folding).
Optimizing module g06_priority_decode.

5.16. Finished fast OPT passes. (There is nothing left to do.)

6. Executing TECHMAP pass (map to technology primitives).

6.1. Executing Verilog-2005 frontend: /opt/homebrew/bin/../share/yosys/techmap.v
Parsing Verilog input from `/opt/homebrew/bin/../share/yosys/techmap.v' to AST representation.
Generating RTLIL representation for module `\_90_simplemap_bool_ops'.
Generating RTLIL representation for module `\_90_simplemap_reduce_ops'.
Generating RTLIL representation for module `\_90_simplemap_logic_ops'.
Generating RTLIL representation for module `\_90_simplemap_compare_ops'.
Generating RTLIL representation for module `\_90_simplemap_various'.
Generating RTLIL representation for module `\_90_simplemap_registers'.
Generating RTLIL representation for module `\_90_shift_ops_shr_shl_sshl_sshr'.
Generating RTLIL representation for module `\_90_shift_shiftx'.
Generating RTLIL representation for module `\_90_fa'.
Generating RTLIL representation for module `\_90_lcu_brent_kung'.
Generating RTLIL representation for module `\_90_alu'.
Generating RTLIL representation for module `\_90_macc'.
Generating RTLIL representation for module `\_90_alumacc'.
Generating RTLIL representation for module `$__div_mod_u'.
Generating RTLIL representation for module `$__div_mod_trunc'.
Generating RTLIL representation for module `\_90_div'.
Generating RTLIL representation for module `\_90_mod'.
Generating RTLIL representation for module `$__div_mod_floor'.
Generating RTLIL representation for module `\_90_divfloor'.
Generating RTLIL representation for module `\_90_modfloor'.
Generating RTLIL representation for module `\_90_pow'.
Generating RTLIL representation for module `\_90_pmux'.
Generating RTLIL representation for module `\_90_demux'.
Generating RTLIL representation for module `\_90_lut'.
Generating RTLIL representation for module `$connect'.
Generating RTLIL representation for module `$input_port'.
Successfully finished Verilog frontend.

6.2. Continuing TECHMAP pass.
Using extmapper simplemap for cells of type $mux.
No more expansions possible.
<suppressed ~92 debug messages>

7. Executing OPT pass (performing simple optimizations).

7.1. Executing OPT_EXPR pass (perform const folding).
Optimizing module g06_priority_decode.
<suppressed ~8 debug messages>

7.2. Executing OPT_MERGE pass (detect identical cells).
Finding identical cells in module `\g06_priority_decode'.
Computing hashes of 21 cells of `\g06_priority_decode'.
Finding duplicate cells in `\g06_priority_decode'.
Removed a total of 0 cells.

7.3. Executing OPT_MUXTREE pass (detect dead branches in mux trees).
Running muxtree optimizer on module \g06_priority_decode..
  Creating internal representation of mux trees.
  No muxes found in this module.
Removed 0 multiplexer ports.

7.4. Executing OPT_REDUCE pass (consolidate $*mux and $reduce_* inputs).
  Optimizing cells in module \g06_priority_decode.
Performed a total of 0 changes.

7.5. Executing OPT_MERGE pass (detect identical cells).
Finding identical cells in module `\g06_priority_decode'.
Computing hashes of 21 cells of `\g06_priority_decode'.
Finding duplicate cells in `\g06_priority_decode'.
Removed a total of 0 cells.

7.6. Executing OPT_DFF pass (perform DFF optimizations).

7.7. Executing OPT_CLEAN pass (remove unused cells and wires).
Finding unused cells or wires in module \g06_priority_decode..
Removed 0 unused cells and 2 unused wires.
<suppressed ~1 debug messages>

7.8. Executing OPT_EXPR pass (perform const folding).
Optimizing module g06_priority_decode.

7.9. Rerunning OPT passes. (Maybe there is more to do..)

7.10. Executing OPT_MUXTREE pass (detect dead branches in mux trees).
Running muxtree optimizer on module \g06_priority_decode..
  Creating internal representation of mux trees.
  No muxes found in this module.
Removed 0 multiplexer ports.

7.11. Executing OPT_REDUCE pass (consolidate $*mux and $reduce_* inputs).
  Optimizing cells in module \g06_priority_decode.
Performed a total of 0 changes.

7.12. Executing OPT_MERGE pass (detect identical cells).
Finding identical cells in module `\g06_priority_decode'.
Computing hashes of 21 cells of `\g06_priority_decode'.
Finding duplicate cells in `\g06_priority_decode'.
Removed a total of 0 cells.

7.13. Executing OPT_DFF pass (perform DFF optimizations).

7.14. Executing OPT_CLEAN pass (remove unused cells and wires).
Finding unused cells or wires in module \g06_priority_decode..

7.15. Executing OPT_EXPR pass (perform const folding).
Optimizing module g06_priority_decode.

7.16. Finished fast OPT passes. (There is nothing left to do.)

8. Executing ABC pass (technology mapping using ABC).

8.1. Extracting gate netlist of module `\g06_priority_decode' to `<abc-temp-dir>/input.blif'..

8.1.1. Executed ABC.
Extracted 21 gates and 31 wires to a netlist network with 8 inputs and 4 outputs.
Running ABC script: <abc-temp-dir>/abc.script
ABC: ======== ABC command line "source <abc-temp-dir>/abc.script"
ABC: + read_blif <abc-temp-dir>/input.blif 
ABC: + read_lut <abc-temp-dir>/lutdefs.txt 
ABC: + strash 
ABC: + &get -n 
ABC: + &fraig -x 
ABC: + &put 
ABC: + scorr 
ABC: Warning: The network is combinational (run "fraig" or "fraig_sweep").
ABC: + dc2 
ABC: + dretime 
ABC: + strash 
ABC: + dch -f 
ABC: + if 
ABC: + mfs2 
ABC: + lutpack -S 1 
ABC: + write_blif <abc-temp-dir>/output.blif 

8.1.2. Re-integrating ABC results.
ABC RESULTS:              $lut cells:        7
ABC RESULTS:        internal signals:       19
ABC RESULTS:           input signals:        8
ABC RESULTS:          output signals:        4
Removing temp directory.
Removing global temp directory.
Removed 0 unused cells and 23 unused wires.

9. Printing statistics.

=== g06_priority_decode ===

        +----------Local Count, excluding submodules.
        | 
        6 wires
       15 wire bits
        3 public wires
       12 public wire bits
        3 ports
       12 port bits
        7 cells
        7   $lut

10. Executing LTP pass (find longest path).

Longest topological path in g06_priority_decode (length=2):
    0: \request [7]
    1: $abc$321$new_n21 (via $abc$321$auto$blifparse.cc:557:parse_blif$328)
    2: \index [0] (via $abc$321$auto$blifparse.cc:557:parse_blif$326)

End of script. Logfile hash: dad9c3ab07, CPU: user 0.04s system 0.01s, MEM: 16.09 MB peak
Yosys 0.63 (git sha1 70a11c6bf0e8dd669f56c7da3587f78b405138e2, clang++ 17.0.0 -fPIC -O3)
Time spent: 79% 1x abc (0 sec), 8% 3x read_verilog (0 sec), ...
