
 /----------------------------------------------------------------------------\
 |  yosys -- Yosys Open SYnthesis Suite                                       |
 |  Copyright (C) 2012 - 2026  Claire Xenia Wolf <claire@yosyshq.com>         |
 |  Distributed under an ISC-like license, type "license" to see terms        |
 \----------------------------------------------------------------------------/
 Yosys 0.63 (git sha1 70a11c6bf0e8dd669f56c7da3587f78b405138e2, clang++ 17.0.0 -fPIC -O3)

-- Running command `read_verilog -sv /Users/peter/Desktop/rtl-advisor/experiments/plugin-abc-v1/cases/generated/g10_function_boundary.sv; hierarchy -top g10_function_boundary; proc; flatten; opt; techmap; opt; abc -g simple; clean; stat; ltp' --

1. Executing Verilog-2005 frontend: /Users/peter/Desktop/rtl-advisor/experiments/plugin-abc-v1/cases/generated/g10_function_boundary.sv
Parsing SystemVerilog input from `/Users/peter/Desktop/rtl-advisor/experiments/plugin-abc-v1/cases/generated/g10_function_boundary.sv' to AST representation.
Generating RTLIL representation for module `\g10_function_boundary'.
Successfully finished Verilog frontend.

2. Executing HIERARCHY pass (managing design hierarchy).

2.1. Analyzing design hierarchy..
Top module:  \g10_function_boundary

2.2. Analyzing design hierarchy..
Top module:  \g10_function_boundary
Removed 0 unused modules.

3. Executing PROC pass (convert processes to netlists).

3.1. Executing PROC_CLEAN pass (remove empty switches from decision trees).
Cleaned up 0 empty switches.

3.2. Executing PROC_RMDEAD pass (remove dead branches from decision trees).
Removed a total of 0 dead cases.

3.3. Executing PROC_PRUNE pass (remove redundant assignments in processes).
Removed 0 redundant assignments.
Promoted 15 assignments to connections.

3.4. Executing PROC_INIT pass (extract init attributes).

3.5. Executing PROC_ARST pass (detect async resets in processes).

3.6. Executing PROC_ROM pass (convert switches to ROMs).
Converted 0 switches.

3.7. Executing PROC_MUX pass (convert decision trees to multiplexers).
Creating decoders for process `\g10_function_boundary.$proc$/Users/peter/Desktop/rtl-advisor/experiments/plugin-abc-v1/cases/generated/g10_function_boundary.sv:15$23'.
Creating decoders for process `\g10_function_boundary.$proc$/Users/peter/Desktop/rtl-advisor/experiments/plugin-abc-v1/cases/generated/g10_function_boundary.sv:15$15'.
Creating decoders for process `\g10_function_boundary.$proc$/Users/peter/Desktop/rtl-advisor/experiments/plugin-abc-v1/cases/generated/g10_function_boundary.sv:15$7'.

3.8. Executing PROC_DLATCH pass (convert process syncs to latches).
No latch inferred for signal `\g10_function_boundary.\sat_add$func$/Users/peter/Desktop/rtl-advisor/experiments/plugin-abc-v1/cases/generated/g10_function_boundary.sv:15$3.$result' from process `\g10_function_boundary.$proc$/Users/peter/Desktop/rtl-advisor/experiments/plugin-abc-v1/cases/generated/g10_function_boundary.sv:15$23'.
No latch inferred for signal `\g10_function_boundary.\sat_add$func$/Users/peter/Desktop/rtl-advisor/experiments/plugin-abc-v1/cases/generated/g10_function_boundary.sv:15$6.$result' from process `\g10_function_boundary.$proc$/Users/peter/Desktop/rtl-advisor/experiments/plugin-abc-v1/cases/generated/g10_function_boundary.sv:15$23'.
No latch inferred for signal `\g10_function_boundary.\sat_add$func$/Users/peter/Desktop/rtl-advisor/experiments/plugin-abc-v1/cases/generated/g10_function_boundary.sv:15$6.lhs' from process `\g10_function_boundary.$proc$/Users/peter/Desktop/rtl-advisor/experiments/plugin-abc-v1/cases/generated/g10_function_boundary.sv:15$23'.
No latch inferred for signal `\g10_function_boundary.\sat_add$func$/Users/peter/Desktop/rtl-advisor/experiments/plugin-abc-v1/cases/generated/g10_function_boundary.sv:15$6.rhs' from process `\g10_function_boundary.$proc$/Users/peter/Desktop/rtl-advisor/experiments/plugin-abc-v1/cases/generated/g10_function_boundary.sv:15$23'.
No latch inferred for signal `\g10_function_boundary.\sat_add$func$/Users/peter/Desktop/rtl-advisor/experiments/plugin-abc-v1/cases/generated/g10_function_boundary.sv:15$6.wide' from process `\g10_function_boundary.$proc$/Users/peter/Desktop/rtl-advisor/experiments/plugin-abc-v1/cases/generated/g10_function_boundary.sv:15$23'.
No latch inferred for signal `\g10_function_boundary.\sat_add$func$/Users/peter/Desktop/rtl-advisor/experiments/plugin-abc-v1/cases/generated/g10_function_boundary.sv:15$2.$result' from process `\g10_function_boundary.$proc$/Users/peter/Desktop/rtl-advisor/experiments/plugin-abc-v1/cases/generated/g10_function_boundary.sv:15$15'.
No latch inferred for signal `\g10_function_boundary.\sat_add$func$/Users/peter/Desktop/rtl-advisor/experiments/plugin-abc-v1/cases/generated/g10_function_boundary.sv:15$5.$result' from process `\g10_function_boundary.$proc$/Users/peter/Desktop/rtl-advisor/experiments/plugin-abc-v1/cases/generated/g10_function_boundary.sv:15$15'.
No latch inferred for signal `\g10_function_boundary.\sat_add$func$/Users/peter/Desktop/rtl-advisor/experiments/plugin-abc-v1/cases/generated/g10_function_boundary.sv:15$5.lhs' from process `\g10_function_boundary.$proc$/Users/peter/Desktop/rtl-advisor/experiments/plugin-abc-v1/cases/generated/g10_function_boundary.sv:15$15'.
No latch inferred for signal `\g10_function_boundary.\sat_add$func$/Users/peter/Desktop/rtl-advisor/experiments/plugin-abc-v1/cases/generated/g10_function_boundary.sv:15$5.rhs' from process `\g10_function_boundary.$proc$/Users/peter/Desktop/rtl-advisor/experiments/plugin-abc-v1/cases/generated/g10_function_boundary.sv:15$15'.
No latch inferred for signal `\g10_function_boundary.\sat_add$func$/Users/peter/Desktop/rtl-advisor/experiments/plugin-abc-v1/cases/generated/g10_function_boundary.sv:15$5.wide' from process `\g10_function_boundary.$proc$/Users/peter/Desktop/rtl-advisor/experiments/plugin-abc-v1/cases/generated/g10_function_boundary.sv:15$15'.
No latch inferred for signal `\g10_function_boundary.\sat_add$func$/Users/peter/Desktop/rtl-advisor/experiments/plugin-abc-v1/cases/generated/g10_function_boundary.sv:15$1.$result' from process `\g10_function_boundary.$proc$/Users/peter/Desktop/rtl-advisor/experiments/plugin-abc-v1/cases/generated/g10_function_boundary.sv:15$7'.
No latch inferred for signal `\g10_function_boundary.\sat_add$func$/Users/peter/Desktop/rtl-advisor/experiments/plugin-abc-v1/cases/generated/g10_function_boundary.sv:15$4.$result' from process `\g10_function_boundary.$proc$/Users/peter/Desktop/rtl-advisor/experiments/plugin-abc-v1/cases/generated/g10_function_boundary.sv:15$7'.
No latch inferred for signal `\g10_function_boundary.\sat_add$func$/Users/peter/Desktop/rtl-advisor/experiments/plugin-abc-v1/cases/generated/g10_function_boundary.sv:15$4.lhs' from process `\g10_function_boundary.$proc$/Users/peter/Desktop/rtl-advisor/experiments/plugin-abc-v1/cases/generated/g10_function_boundary.sv:15$7'.
No latch inferred for signal `\g10_function_boundary.\sat_add$func$/Users/peter/Desktop/rtl-advisor/experiments/plugin-abc-v1/cases/generated/g10_function_boundary.sv:15$4.rhs' from process `\g10_function_boundary.$proc$/Users/peter/Desktop/rtl-advisor/experiments/plugin-abc-v1/cases/generated/g10_function_boundary.sv:15$7'.
No latch inferred for signal `\g10_function_boundary.\sat_add$func$/Users/peter/Desktop/rtl-advisor/experiments/plugin-abc-v1/cases/generated/g10_function_boundary.sv:15$4.wide' from process `\g10_function_boundary.$proc$/Users/peter/Desktop/rtl-advisor/experiments/plugin-abc-v1/cases/generated/g10_function_boundary.sv:15$7'.

3.9. Executing PROC_DFF pass (convert process syncs to FFs).

3.10. Executing PROC_MEMWR pass (convert process memory writes to cells).

3.11. Executing PROC_CLEAN pass (remove empty switches from decision trees).
Removing empty process `g10_function_boundary.$proc$/Users/peter/Desktop/rtl-advisor/experiments/plugin-abc-v1/cases/generated/g10_function_boundary.sv:15$23'.
Removing empty process `g10_function_boundary.$proc$/Users/peter/Desktop/rtl-advisor/experiments/plugin-abc-v1/cases/generated/g10_function_boundary.sv:15$15'.
Removing empty process `g10_function_boundary.$proc$/Users/peter/Desktop/rtl-advisor/experiments/plugin-abc-v1/cases/generated/g10_function_boundary.sv:15$7'.
Cleaned up 0 empty switches.

3.12. Executing OPT_EXPR pass (perform const folding).
Optimizing module g10_function_boundary.

4. Executing FLATTEN pass (flatten design).

5. Executing OPT pass (performing simple optimizations).

5.1. Executing OPT_EXPR pass (perform const folding).
Optimizing module g10_function_boundary.

5.2. Executing OPT_MERGE pass (detect identical cells).
Finding identical cells in module `\g10_function_boundary'.
Computing hashes of 6 cells of `\g10_function_boundary'.
Finding duplicate cells in `\g10_function_boundary'.
Removed a total of 0 cells.

5.3. Executing OPT_MUXTREE pass (detect dead branches in mux trees).
Running muxtree optimizer on module \g10_function_boundary..
  Creating internal representation of mux trees.
  Evaluating internal representation of mux trees.
  Analyzing evaluation results.
Removed 0 multiplexer ports.
<suppressed ~6 debug messages>

5.4. Executing OPT_REDUCE pass (consolidate $*mux and $reduce_* inputs).
  Optimizing cells in module \g10_function_boundary.
Performed a total of 0 changes.

5.5. Executing OPT_MERGE pass (detect identical cells).
Finding identical cells in module `\g10_function_boundary'.
Computing hashes of 6 cells of `\g10_function_boundary'.
Finding duplicate cells in `\g10_function_boundary'.
Removed a total of 0 cells.

5.6. Executing OPT_DFF pass (perform DFF optimizations).

5.7. Executing OPT_CLEAN pass (remove unused cells and wires).
Finding unused cells or wires in module \g10_function_boundary..
Removed 0 unused cells and 22 unused wires.
<suppressed ~1 debug messages>

5.8. Executing OPT_EXPR pass (perform const folding).
Optimizing module g10_function_boundary.

5.9. Rerunning OPT passes. (Maybe there is more to do..)

5.10. Executing OPT_MUXTREE pass (detect dead branches in mux trees).
Running muxtree optimizer on module \g10_function_boundary..
  Creating internal representation of mux trees.
  Evaluating internal representation of mux trees.
  Analyzing evaluation results.
Removed 0 multiplexer ports.
<suppressed ~6 debug messages>

5.11. Executing OPT_REDUCE pass (consolidate $*mux and $reduce_* inputs).
  Optimizing cells in module \g10_function_boundary.
Performed a total of 0 changes.

5.12. Executing OPT_MERGE pass (detect identical cells).
Finding identical cells in module `\g10_function_boundary'.
Computing hashes of 6 cells of `\g10_function_boundary'.
Finding duplicate cells in `\g10_function_boundary'.
Removed a total of 0 cells.

5.13. Executing OPT_DFF pass (perform DFF optimizations).

5.14. Executing OPT_CLEAN pass (remove unused cells and wires).
Finding unused cells or wires in module \g10_function_boundary..

5.15. Executing OPT_EXPR pass (perform const folding).
Optimizing module g10_function_boundary.

5.16. Finished fast OPT passes. (There is nothing left to do.)

6. Executing TECHMAP pass (map to technology primitives).

6.1. Executing Verilog-2005 frontend: /opt/homebrew/bin/../share/yosys/techmap.v
Parsing Verilog input from `/opt/homebrew/bin/../share/yosys/techmap.v' to AST representation.
Generating RTLIL representation for module `\_90_simplemap_bool_ops'.
Generating RTLIL representation for module `\_90_simplemap_reduce_ops'.
Generating RTLIL representation for module `\_90_simplemap_logic_ops'.
Generating RTLIL representation for module `\_90_simplemap_compare_ops'.
Generating RTLIL representation for module `\_90_simplemap_various'.
Generating RTLIL representation for module `\_90_simplemap_registers'.
Generating RTLIL representation for module `\_90_shift_ops_shr_shl_sshl_sshr'.
Generating RTLIL representation for module `\_90_shift_shiftx'.
Generating RTLIL representation for module `\_90_fa'.
Generating RTLIL representation for module `\_90_lcu_brent_kung'.
Generating RTLIL representation for module `\_90_alu'.
Generating RTLIL representation for module `\_90_macc'.
Generating RTLIL representation for module `\_90_alumacc'.
Generating RTLIL representation for module `$__div_mod_u'.
Generating RTLIL representation for module `$__div_mod_trunc'.
Generating RTLIL representation for module `\_90_div'.
Generating RTLIL representation for module `\_90_mod'.
Generating RTLIL representation for module `$__div_mod_floor'.
Generating RTLIL representation for module `\_90_divfloor'.
Generating RTLIL representation for module `\_90_modfloor'.
Generating RTLIL representation for module `\_90_pow'.
Generating RTLIL representation for module `\_90_pmux'.
Generating RTLIL representation for module `\_90_demux'.
Generating RTLIL representation for module `\_90_lut'.
Generating RTLIL representation for module `$connect'.
Generating RTLIL representation for module `$input_port'.
Successfully finished Verilog frontend.

6.2. Continuing TECHMAP pass.
Running "alumacc" on wrapper $extern:wrap:$add:Y_WIDTH=9:B_WIDTH=8:A_WIDTH=8:B_SIGNED=0:A_SIGNED=0:394426c56d1a028ba8fdd5469b163e04011def47.
Using template $extern:wrap:$add:Y_WIDTH=9:B_WIDTH=8:A_WIDTH=8:B_SIGNED=0:A_SIGNED=0:394426c56d1a028ba8fdd5469b163e04011def47 for cells of type $extern:wrap:$add:Y_WIDTH=9:B_WIDTH=8:A_WIDTH=8:B_SIGNED=0:A_SIGNED=0:394426c56d1a028ba8fdd5469b163e04011def47.
Using extmapper simplemap for cells of type $mux.
Using template $paramod$4ccbe221165818e15f326ddee3d1183c7924e12f\_90_alu for cells of type $alu.
Using extmapper simplemap for cells of type $xor.
Using template $paramod\_90_fa\WIDTH=32'00000000000000000000000000001001 for cells of type $fa.
Using template $paramod\_90_lcu_brent_kung\WIDTH=32'00000000000000000000000000001001 for cells of type $lcu.
Using extmapper simplemap for cells of type $pos.
Using extmapper simplemap for cells of type $not.
Using extmapper simplemap for cells of type $or.
Using extmapper simplemap for cells of type $and.
No more expansions possible.
<suppressed ~373 debug messages>

7. Executing OPT pass (performing simple optimizations).

7.1. Executing OPT_EXPR pass (perform const folding).
Optimizing module g10_function_boundary.
<suppressed ~138 debug messages>

7.2. Executing OPT_MERGE pass (detect identical cells).
Finding identical cells in module `\g10_function_boundary'.
Computing hashes of 195 cells of `\g10_function_boundary'.
Finding duplicate cells in `\g10_function_boundary'.
Removed a total of 0 cells.

7.3. Executing OPT_MUXTREE pass (detect dead branches in mux trees).
Running muxtree optimizer on module \g10_function_boundary..
  Creating internal representation of mux trees.
  No muxes found in this module.
Removed 0 multiplexer ports.

7.4. Executing OPT_REDUCE pass (consolidate $*mux and $reduce_* inputs).
  Optimizing cells in module \g10_function_boundary.
Performed a total of 0 changes.

7.5. Executing OPT_MERGE pass (detect identical cells).
Finding identical cells in module `\g10_function_boundary'.
Computing hashes of 195 cells of `\g10_function_boundary'.
Finding duplicate cells in `\g10_function_boundary'.
Removed a total of 0 cells.

7.6. Executing OPT_DFF pass (perform DFF optimizations).

7.7. Executing OPT_CLEAN pass (remove unused cells and wires).
Finding unused cells or wires in module \g10_function_boundary..
Removed 24 unused cells and 129 unused wires.
<suppressed ~25 debug messages>

7.8. Executing OPT_EXPR pass (perform const folding).
Optimizing module g10_function_boundary.

7.9. Rerunning OPT passes. (Maybe there is more to do..)

7.10. Executing OPT_MUXTREE pass (detect dead branches in mux trees).
Running muxtree optimizer on module \g10_function_boundary..
  Creating internal representation of mux trees.
  No muxes found in this module.
Removed 0 multiplexer ports.

7.11. Executing OPT_REDUCE pass (consolidate $*mux and $reduce_* inputs).
  Optimizing cells in module \g10_function_boundary.
Performed a total of 0 changes.

7.12. Executing OPT_MERGE pass (detect identical cells).
Finding identical cells in module `\g10_function_boundary'.
Computing hashes of 171 cells of `\g10_function_boundary'.
Finding duplicate cells in `\g10_function_boundary'.
Removed a total of 0 cells.

7.13. Executing OPT_DFF pass (perform DFF optimizations).

7.14. Executing OPT_CLEAN pass (remove unused cells and wires).
Finding unused cells or wires in module \g10_function_boundary..

7.15. Executing OPT_EXPR pass (perform const folding).
Optimizing module g10_function_boundary.

7.16. Finished fast OPT passes. (There is nothing left to do.)

8. Executing ABC pass (technology mapping using ABC).

8.1. Extracting gate netlist of module `\g10_function_boundary' to `<abc-temp-dir>/input.blif'..

8.1.1. Executed ABC.
Extracted 171 gates and 204 wires to a netlist network with 32 inputs and 8 outputs.
Running ABC script: <abc-temp-dir>/abc.script
ABC: ======== ABC command line "source <abc-temp-dir>/abc.script"
ABC: + read_blif <abc-temp-dir>/input.blif 
ABC: + read_library <abc-temp-dir>/stdcells.genlib 
ABC: + strash 
ABC: + &get -n 
ABC: + &fraig -x 
ABC: + &put 
ABC: + scorr 
ABC: Warning: The network is combinational (run "fraig" or "fraig_sweep").
ABC: + dc2 
ABC: + dretime 
ABC: + strash 
ABC: + &get -n 
ABC: + &dch -f 
ABC: + &nf 
ABC: + &put 
ABC: + write_blif <abc-temp-dir>/output.blif 

8.1.2. Re-integrating ABC results.
ABC RESULTS:               AND cells:       45
ABC RESULTS:                OR cells:       48
ABC RESULTS:               XOR cells:       39
ABC RESULTS:        internal signals:      164
ABC RESULTS:           input signals:       32
ABC RESULTS:          output signals:        8
Removing temp directory.
Removing global temp directory.
Removed 0 unused cells and 111 unused wires.

9. Printing statistics.

=== g10_function_boundary ===

        +----------Local Count, excluding submodules.
        | 
      138 wires
      239 wire bits
       14 public wires
      115 public wire bits
        5 ports
       40 port bits
      132 cells
       45   $_AND_
       48   $_OR_
       39   $_XOR_

10. Executing LTP pass (find longest path).

Longest topological path in g10_function_boundary (length=48):
    0: \a [1]
    1: $abc$489$new_n46 (via $abc$489$auto$blifparse.cc:397:parse_blif$495)
    2: $abc$489$new_n47 (via $abc$489$auto$blifparse.cc:397:parse_blif$496)
    3: $abc$489$new_n48 (via $abc$489$auto$blifparse.cc:397:parse_blif$497)
    4: $abc$489$new_n50 (via $abc$489$auto$blifparse.cc:397:parse_blif$499)
    5: $abc$489$new_n51 (via $abc$489$auto$blifparse.cc:397:parse_blif$500)
    6: $abc$489$new_n53 (via $abc$489$auto$blifparse.cc:397:parse_blif$502)
    7: $abc$489$new_n54 (via $abc$489$auto$blifparse.cc:397:parse_blif$503)
    8: $abc$489$new_n56 (via $abc$489$auto$blifparse.cc:397:parse_blif$505)
    9: $abc$489$new_n57 (via $abc$489$auto$blifparse.cc:397:parse_blif$506)
   10: $abc$489$new_n60 (via $abc$489$auto$blifparse.cc:397:parse_blif$509)
   11: $abc$489$new_n65 (via $abc$489$auto$blifparse.cc:397:parse_blif$514)
   12: $abc$489$new_n67 (via $abc$489$auto$blifparse.cc:397:parse_blif$516)
   13: $abc$489$new_n68 (via $abc$489$auto$blifparse.cc:397:parse_blif$517)
   14: $abc$489$new_n69 (via $abc$489$auto$blifparse.cc:397:parse_blif$518)
   15: $abc$489$new_n70 (via $abc$489$auto$blifparse.cc:397:parse_blif$519)
   16: $abc$489$new_n88 (via $abc$489$auto$blifparse.cc:397:parse_blif$537)
   17: $abc$489$new_n89 (via $abc$489$auto$blifparse.cc:397:parse_blif$538)
   18: $abc$489$new_n91 (via $abc$489$auto$blifparse.cc:397:parse_blif$540)
   19: $abc$489$new_n92 (via $abc$489$auto$blifparse.cc:397:parse_blif$541)
   20: $abc$489$new_n94 (via $abc$489$auto$blifparse.cc:397:parse_blif$543)
   21: $abc$489$new_n95 (via $abc$489$auto$blifparse.cc:397:parse_blif$544)
   22: $abc$489$new_n96 (via $abc$489$auto$blifparse.cc:397:parse_blif$545)
   23: $abc$489$new_n97 (via $abc$489$auto$blifparse.cc:397:parse_blif$546)
   24: $abc$489$new_n99 (via $abc$489$auto$blifparse.cc:397:parse_blif$548)
   25: $abc$489$new_n100 (via $abc$489$auto$blifparse.cc:397:parse_blif$549)
   26: $abc$489$new_n101 (via $abc$489$auto$blifparse.cc:397:parse_blif$550)
   27: $abc$489$new_n102 (via $abc$489$auto$blifparse.cc:397:parse_blif$551)
   28: $abc$489$new_n107 (via $abc$489$auto$blifparse.cc:397:parse_blif$556)
   29: $abc$489$new_n112 (via $abc$489$auto$blifparse.cc:397:parse_blif$561)
   30: $abc$489$new_n113 (via $abc$489$auto$blifparse.cc:397:parse_blif$562)
   31: $abc$489$new_n114 (via $abc$489$auto$blifparse.cc:397:parse_blif$563)
   32: $abc$489$new_n136 (via $abc$489$auto$blifparse.cc:397:parse_blif$585)
   33: $abc$489$new_n137 (via $abc$489$auto$blifparse.cc:397:parse_blif$586)
   34: $abc$489$new_n139 (via $abc$489$auto$blifparse.cc:397:parse_blif$588)
   35: $abc$489$new_n140 (via $abc$489$auto$blifparse.cc:397:parse_blif$589)
   36: $abc$489$new_n142 (via $abc$489$auto$blifparse.cc:397:parse_blif$591)
   37: $abc$489$new_n143 (via $abc$489$auto$blifparse.cc:397:parse_blif$592)
   38: $abc$489$new_n144 (via $abc$489$auto$blifparse.cc:397:parse_blif$593)
   39: $abc$489$new_n145 (via $abc$489$auto$blifparse.cc:397:parse_blif$594)
   40: $abc$489$new_n147 (via $abc$489$auto$blifparse.cc:397:parse_blif$596)
   41: $abc$489$new_n148 (via $abc$489$auto$blifparse.cc:397:parse_blif$597)
   42: $abc$489$new_n149 (via $abc$489$auto$blifparse.cc:397:parse_blif$598)
   43: $abc$489$new_n150 (via $abc$489$auto$blifparse.cc:397:parse_blif$599)
   44: $abc$489$new_n151 (via $abc$489$auto$blifparse.cc:397:parse_blif$600)
   45: $abc$489$new_n156 (via $abc$489$auto$blifparse.cc:397:parse_blif$605)
   46: $abc$489$new_n157 (via $abc$489$auto$blifparse.cc:397:parse_blif$606)
   47: $abc$489$new_n158 (via $abc$489$auto$blifparse.cc:397:parse_blif$607)
   48: \y [0] (via $abc$489$auto$blifparse.cc:397:parse_blif$620)

End of script. Logfile hash: 38948eb6e9, CPU: user 0.03s system 0.00s, MEM: 16.39 MB peak
Yosys 0.63 (git sha1 70a11c6bf0e8dd669f56c7da3587f78b405138e2, clang++ 17.0.0 -fPIC -O3)
Time spent: 69% 1x abc (0 sec), 8% 3x read_verilog (0 sec), ...
