
 /----------------------------------------------------------------------------\
 |  yosys -- Yosys Open SYnthesis Suite                                       |
 |  Copyright (C) 2012 - 2026  Claire Xenia Wolf <claire@yosyshq.com>         |
 |  Distributed under an ISC-like license, type "license" to see terms        |
 \----------------------------------------------------------------------------/
 Yosys 0.63 (git sha1 70a11c6bf0e8dd669f56c7da3587f78b405138e2, clang++ 17.0.0 -fPIC -O3)

-- Running command `read_verilog -sv experiments/plugin-abc-v1/cases/generated/g12_two_stage_pipeline.sv; prep -top g12_two_stage_pipeline; check -assert' --

1. Executing Verilog-2005 frontend: experiments/plugin-abc-v1/cases/generated/g12_two_stage_pipeline.sv
Parsing SystemVerilog input from `experiments/plugin-abc-v1/cases/generated/g12_two_stage_pipeline.sv' to AST representation.
Generating RTLIL representation for module `\g12_two_stage_pipeline'.
Successfully finished Verilog frontend.

2. Executing PREP pass.

2.1. Executing HIERARCHY pass (managing design hierarchy).

2.1.1. Analyzing design hierarchy..
Top module:  \g12_two_stage_pipeline

2.1.2. Analyzing design hierarchy..
Top module:  \g12_two_stage_pipeline
Removed 0 unused modules.

2.2. Executing PROC pass (convert processes to netlists).

2.2.1. Executing PROC_CLEAN pass (remove empty switches from decision trees).
Cleaned up 0 empty switches.

2.2.2. Executing PROC_RMDEAD pass (remove dead branches from decision trees).
Marked 1 switch rules as full_case in process $proc$experiments/plugin-abc-v1/cases/generated/g12_two_stage_pipeline.sv:13$1 in module g12_two_stage_pipeline.
Removed a total of 0 dead cases.

2.2.3. Executing PROC_PRUNE pass (remove redundant assignments in processes).
Removed 4 redundant assignments.
Promoted 0 assignments to connections.

2.2.4. Executing PROC_INIT pass (extract init attributes).

2.2.5. Executing PROC_ARST pass (detect async resets in processes).
Found async reset \rst_n in `\g12_two_stage_pipeline.$proc$experiments/plugin-abc-v1/cases/generated/g12_two_stage_pipeline.sv:13$1'.

2.2.6. Executing PROC_ROM pass (convert switches to ROMs).
Converted 0 switches.

2.2.7. Executing PROC_MUX pass (convert decision trees to multiplexers).
Creating decoders for process `\g12_two_stage_pipeline.$proc$experiments/plugin-abc-v1/cases/generated/g12_two_stage_pipeline.sv:13$1'.
     1/4: $0\valid_o[0:0]
     2/4: $0\y_o[15:0]
     3/4: $0\valid_q[0:0]
     4/4: $0\sum_q[15:0]

2.2.8. Executing PROC_DLATCH pass (convert process syncs to latches).

2.2.9. Executing PROC_DFF pass (convert process syncs to FFs).
Creating register for signal `\g12_two_stage_pipeline.\valid_o' using process `\g12_two_stage_pipeline.$proc$experiments/plugin-abc-v1/cases/generated/g12_two_stage_pipeline.sv:13$1'.
  created $adff cell `$procdff$9' with positive edge clock and positive level reset.
Creating register for signal `\g12_two_stage_pipeline.\y_o' using process `\g12_two_stage_pipeline.$proc$experiments/plugin-abc-v1/cases/generated/g12_two_stage_pipeline.sv:13$1'.
  created $adff cell `$procdff$14' with positive edge clock and positive level reset.
Creating register for signal `\g12_two_stage_pipeline.\sum_q' using process `\g12_two_stage_pipeline.$proc$experiments/plugin-abc-v1/cases/generated/g12_two_stage_pipeline.sv:13$1'.
  created $adff cell `$procdff$19' with positive edge clock and positive level reset.
Creating register for signal `\g12_two_stage_pipeline.\valid_q' using process `\g12_two_stage_pipeline.$proc$experiments/plugin-abc-v1/cases/generated/g12_two_stage_pipeline.sv:13$1'.
  created $adff cell `$procdff$24' with positive edge clock and positive level reset.

2.2.10. Executing PROC_MEMWR pass (convert process memory writes to cells).

2.2.11. Executing PROC_CLEAN pass (remove empty switches from decision trees).
Removing empty process `g12_two_stage_pipeline.$proc$experiments/plugin-abc-v1/cases/generated/g12_two_stage_pipeline.sv:13$1'.
Cleaned up 0 empty switches.

2.2.12. Executing OPT_EXPR pass (perform const folding).
Optimizing module g12_two_stage_pipeline.
<suppressed ~8 debug messages>

2.3. Executing FUTURE pass.

2.4. Executing OPT_EXPR pass (perform const folding).
Optimizing module g12_two_stage_pipeline.

2.5. Executing OPT_CLEAN pass (remove unused cells and wires).
Finding unused cells or wires in module \g12_two_stage_pipeline..
Removed 5 unused cells and 13 unused wires.
<suppressed ~6 debug messages>

2.6. Executing CHECK pass (checking for obvious problems).
Checking module g12_two_stage_pipeline...
Found and reported 0 problems.

2.7. Executing OPT pass (performing simple optimizations).

2.7.1. Executing OPT_EXPR pass (perform const folding).
Optimizing module g12_two_stage_pipeline.

2.7.2. Executing OPT_MERGE pass (detect identical cells).
Finding identical cells in module `\g12_two_stage_pipeline'.
Computing hashes of 6 cells of `\g12_two_stage_pipeline'.
Finding duplicate cells in `\g12_two_stage_pipeline'.
Removed a total of 0 cells.

2.7.3. Executing OPT_MUXTREE pass (detect dead branches in mux trees).
Running muxtree optimizer on module \g12_two_stage_pipeline..
  Creating internal representation of mux trees.
  No muxes found in this module.
Removed 0 multiplexer ports.

2.7.4. Executing OPT_REDUCE pass (consolidate $*mux and $reduce_* inputs).
  Optimizing cells in module \g12_two_stage_pipeline.
Performed a total of 0 changes.

2.7.5. Executing OPT_MERGE pass (detect identical cells).
Finding identical cells in module `\g12_two_stage_pipeline'.
Computing hashes of 6 cells of `\g12_two_stage_pipeline'.
Finding duplicate cells in `\g12_two_stage_pipeline'.
Removed a total of 0 cells.

2.7.6. Executing OPT_CLEAN pass (remove unused cells and wires).
Finding unused cells or wires in module \g12_two_stage_pipeline..

2.7.7. Executing OPT_EXPR pass (perform const folding).
Optimizing module g12_two_stage_pipeline.

2.7.8. Finished fast OPT passes. (There is nothing left to do.)

2.8. Executing WREDUCE pass (reducing word size of cells).

2.9. Executing OPT_CLEAN pass (remove unused cells and wires).
Finding unused cells or wires in module \g12_two_stage_pipeline..

2.10. Executing MEMORY_COLLECT pass (generating $mem cells).

2.11. Executing OPT pass (performing simple optimizations).

2.11.1. Executing OPT_EXPR pass (perform const folding).
Optimizing module g12_two_stage_pipeline.

2.11.2. Executing OPT_MERGE pass (detect identical cells).
Finding identical cells in module `\g12_two_stage_pipeline'.
Computing hashes of 6 cells of `\g12_two_stage_pipeline'.
Finding duplicate cells in `\g12_two_stage_pipeline'.
Removed a total of 0 cells.

2.11.3. Executing OPT_CLEAN pass (remove unused cells and wires).
Finding unused cells or wires in module \g12_two_stage_pipeline..

2.11.4. Finished fast OPT passes.

2.12. Executing SORT pass.

2.13. Printing statistics.

=== g12_two_stage_pipeline ===

        +----------Local Count, excluding submodules.
        | 
       12 wires
      117 wire bits
       10 public wires
       85 public wire bits
        8 ports
       68 port bits
        6 cells
        2   $add
        4   $adff

2.14. Executing CHECK pass (checking for obvious problems).
Checking module g12_two_stage_pipeline...
Found and reported 0 problems.

3. Executing CHECK pass (checking for obvious problems).
Checking module g12_two_stage_pipeline...
Found and reported 0 problems.

End of script. Logfile hash: 5d9183bd36, CPU: user 0.03s system 0.01s, MEM: 13.47 MB peak
Yosys 0.63 (git sha1 70a11c6bf0e8dd669f56c7da3587f78b405138e2, clang++ 17.0.0 -fPIC -O3)
Time spent: 30% 5x opt_expr (0 sec), 24% 4x opt_clean (0 sec), ...
