
-- Running command `read_verilog -sv experiments/plugin-abc-v1/instrumented/phase7/arm-a/r1/attempt-002/candidates/g05/g05_mux_common_logic.sv; synth -top g05_mux_common_logic -noabc; abc -g simple; clean; stat; ltp' --

1. Executing Verilog-2005 frontend: experiments/plugin-abc-v1/instrumented/phase7/arm-a/r1/attempt-002/candidates/g05/g05_mux_common_logic.sv
Parsing SystemVerilog input from `experiments/plugin-abc-v1/instrumented/phase7/arm-a/r1/attempt-002/candidates/g05/g05_mux_common_logic.sv' to AST representation.
Generating RTLIL representation for module `\g05_mux_common_logic'.
Successfully finished Verilog frontend.

2. Executing SYNTH pass.

2.1. Executing HIERARCHY pass (managing design hierarchy).

2.1.1. Analyzing design hierarchy..
Top module:  \g05_mux_common_logic

2.1.2. Analyzing design hierarchy..
Top module:  \g05_mux_common_logic
Removed 0 unused modules.

2.2. Executing PROC pass (convert processes to netlists).

2.2.1. Executing PROC_CLEAN pass (remove empty switches from decision trees).
Cleaned up 0 empty switches.

2.2.2. Executing PROC_RMDEAD pass (remove dead branches from decision trees).
Removed a total of 0 dead cases.

2.2.3. Executing PROC_PRUNE pass (remove redundant assignments in processes).
Removed 0 redundant assignments.
Promoted 0 assignments to connections.

2.2.4. Executing PROC_INIT pass (extract init attributes).

2.2.5. Executing PROC_ARST pass (detect async resets in processes).

2.2.6. Executing PROC_ROM pass (convert switches to ROMs).
Converted 0 switches.

2.2.7. Executing PROC_MUX pass (convert decision trees to multiplexers).

2.2.8. Executing PROC_DLATCH pass (convert process syncs to latches).

2.2.9. Executing PROC_DFF pass (convert process syncs to FFs).

2.2.10. Executing PROC_MEMWR pass (convert process memory writes to cells).

2.2.11. Executing PROC_CLEAN pass (remove empty switches from decision trees).
Cleaned up 0 empty switches.

2.2.12. Executing OPT_EXPR pass (perform const folding).
Optimizing module g05_mux_common_logic.

2.3. Executing OPT_EXPR pass (perform const folding).
Optimizing module g05_mux_common_logic.

2.4. Executing OPT_CLEAN pass (remove unused cells and wires).
Finding unused cells or wires in module \g05_mux_common_logic..
Removed 0 unused cells and 1 unused wires.
<suppressed ~1 debug messages>

2.5. Executing CHECK pass (checking for obvious problems).
Checking module g05_mux_common_logic...
Found and reported 0 problems.

2.6. Executing OPT pass (performing simple optimizations).

2.6.1. Executing OPT_EXPR pass (perform const folding).
Optimizing module g05_mux_common_logic.

2.6.2. Executing OPT_MERGE pass (detect identical cells).
Finding identical cells in module `\g05_mux_common_logic'.
Computing hashes of 2 cells of `\g05_mux_common_logic'.
Finding duplicate cells in `\g05_mux_common_logic'.
Removed a total of 0 cells.

2.6.3. Executing OPT_MUXTREE pass (detect dead branches in mux trees).
Running muxtree optimizer on module \g05_mux_common_logic..
  Creating internal representation of mux trees.
  Evaluating internal representation of mux trees.
  Analyzing evaluation results.
Removed 0 multiplexer ports.
<suppressed ~2 debug messages>

2.6.4. Executing OPT_REDUCE pass (consolidate $*mux and $reduce_* inputs).
  Optimizing cells in module \g05_mux_common_logic.
Performed a total of 0 changes.

2.6.5. Executing OPT_MERGE pass (detect identical cells).
Finding identical cells in module `\g05_mux_common_logic'.
Computing hashes of 2 cells of `\g05_mux_common_logic'.
Finding duplicate cells in `\g05_mux_common_logic'.
Removed a total of 0 cells.

2.6.6. Executing OPT_DFF pass (perform DFF optimizations).

2.6.7. Executing OPT_CLEAN pass (remove unused cells and wires).
Finding unused cells or wires in module \g05_mux_common_logic..

2.6.8. Executing OPT_EXPR pass (perform const folding).
Optimizing module g05_mux_common_logic.

2.6.9. Finished fast OPT passes. (There is nothing left to do.)

2.7. Executing FSM pass (extract and optimize FSM).

2.7.1. Executing FSM_DETECT pass (finding FSMs in design).

2.7.2. Executing FSM_EXTRACT pass (extracting FSM from design).

2.7.3. Executing FSM_OPT pass (simple optimizations of FSMs).

2.7.4. Executing OPT_CLEAN pass (remove unused cells and wires).
Finding unused cells or wires in module \g05_mux_common_logic..

2.7.5. Executing FSM_OPT pass (simple optimizations of FSMs).

2.7.6. Executing FSM_RECODE pass (re-assigning FSM state encoding).

2.7.7. Executing FSM_INFO pass (dumping all available information on FSM cells).

2.7.8. Executing FSM_MAP pass (mapping FSMs to basic logic).

2.8. Executing OPT pass (performing simple optimizations).

2.8.1. Executing OPT_EXPR pass (perform const folding).
Optimizing module g05_mux_common_logic.

2.8.2. Executing OPT_MERGE pass (detect identical cells).
Finding identical cells in module `\g05_mux_common_logic'.
Computing hashes of 2 cells of `\g05_mux_common_logic'.
Finding duplicate cells in `\g05_mux_common_logic'.
Removed a total of 0 cells.

2.8.3. Executing OPT_MUXTREE pass (detect dead branches in mux trees).
Running muxtree optimizer on module \g05_mux_common_logic..
  Creating internal representation of mux trees.
  Evaluating internal representation of mux trees.
  Analyzing evaluation results.
Removed 0 multiplexer ports.
<suppressed ~2 debug messages>

2.8.4. Executing OPT_REDUCE pass (consolidate $*mux and $reduce_* inputs).
  Optimizing cells in module \g05_mux_common_logic.
Performed a total of 0 changes.

2.8.5. Executing OPT_MERGE pass (detect identical cells).
Finding identical cells in module `\g05_mux_common_logic'.
Computing hashes of 2 cells of `\g05_mux_common_logic'.
Finding duplicate cells in `\g05_mux_common_logic'.
Removed a total of 0 cells.

2.8.6. Executing OPT_DFF pass (perform DFF optimizations).

2.8.7. Executing OPT_CLEAN pass (remove unused cells and wires).
Finding unused cells or wires in module \g05_mux_common_logic..

2.8.8. Executing OPT_EXPR pass (perform const folding).
Optimizing module g05_mux_common_logic.

2.8.9. Finished fast OPT passes. (There is nothing left to do.)

2.9. Executing WREDUCE pass (reducing word size of cells).

2.10. Executing PEEPOPT pass (run peephole optimizers).

2.11. Executing OPT_CLEAN pass (remove unused cells and wires).
Finding unused cells or wires in module \g05_mux_common_logic..

2.12. Executing ALUMACC pass (create $alu and $macc cells).
Extracting $alu and $macc cells in module g05_mux_common_logic:
  creating $macc model for $add$experiments/plugin-abc-v1/instrumented/phase7/arm-a/r1/attempt-002/candidates/g05/g05_mux_common_logic.sv:6$2 ($add).
  creating $alu model for $macc $add$experiments/plugin-abc-v1/instrumented/phase7/arm-a/r1/attempt-002/candidates/g05/g05_mux_common_logic.sv:6$2.
  creating $alu cell for $add$experiments/plugin-abc-v1/instrumented/phase7/arm-a/r1/attempt-002/candidates/g05/g05_mux_common_logic.sv:6$2: $auto$alumacc.cc:512:replace_alu$3
  created 1 $alu and 0 $macc cells.

2.13. Executing SHARE pass (SAT-based resource sharing).

2.14. Executing OPT pass (performing simple optimizations).

2.14.1. Executing OPT_EXPR pass (perform const folding).
Optimizing module g05_mux_common_logic.

2.14.2. Executing OPT_MERGE pass (detect identical cells).
Finding identical cells in module `\g05_mux_common_logic'.
Computing hashes of 2 cells of `\g05_mux_common_logic'.
Finding duplicate cells in `\g05_mux_common_logic'.
Removed a total of 0 cells.

2.14.3. Executing OPT_MUXTREE pass (detect dead branches in mux trees).
Running muxtree optimizer on module \g05_mux_common_logic..
  Creating internal representation of mux trees.
  Evaluating internal representation of mux trees.
  Analyzing evaluation results.
Removed 0 multiplexer ports.
<suppressed ~2 debug messages>

2.14.4. Executing OPT_REDUCE pass (consolidate $*mux and $reduce_* inputs).
  Optimizing cells in module \g05_mux_common_logic.
Performed a total of 0 changes.

2.14.5. Executing OPT_MERGE pass (detect identical cells).
Finding identical cells in module `\g05_mux_common_logic'.
Computing hashes of 2 cells of `\g05_mux_common_logic'.
Finding duplicate cells in `\g05_mux_common_logic'.
Removed a total of 0 cells.

2.14.6. Executing OPT_DFF pass (perform DFF optimizations).

2.14.7. Executing OPT_CLEAN pass (remove unused cells and wires).
Finding unused cells or wires in module \g05_mux_common_logic..

2.14.8. Executing OPT_EXPR pass (perform const folding).
Optimizing module g05_mux_common_logic.

2.14.9. Finished fast OPT passes. (There is nothing left to do.)

2.15. Executing MEMORY pass.

2.15.1. Executing OPT_MEM pass (optimize memories).
Performed a total of 0 transformations.

2.15.2. Executing OPT_MEM_PRIORITY pass (removing unnecessary memory write priority relations).
Performed a total of 0 transformations.

2.15.3. Executing OPT_MEM_FEEDBACK pass (finding memory read-to-write feedback paths).

2.15.4. Executing MEMORY_BMUX2ROM pass (converting muxes to ROMs).

2.15.5. Executing MEMORY_DFF pass (merging $dff cells to $memrd).

2.15.6. Executing OPT_CLEAN pass (remove unused cells and wires).
Finding unused cells or wires in module \g05_mux_common_logic..

2.15.7. Executing MEMORY_SHARE pass (consolidating $memrd/$memwr cells).

2.15.8. Executing OPT_MEM_WIDEN pass (optimize memories where all ports are wide).
Performed a total of 0 transformations.

2.15.9. Executing OPT_CLEAN pass (remove unused cells and wires).
Finding unused cells or wires in module \g05_mux_common_logic..

2.15.10. Executing MEMORY_COLLECT pass (generating $mem cells).

2.16. Executing OPT_CLEAN pass (remove unused cells and wires).
Finding unused cells or wires in module \g05_mux_common_logic..

2.17. Executing OPT pass (performing simple optimizations).

2.17.1. Executing OPT_EXPR pass (perform const folding).
Optimizing module g05_mux_common_logic.

2.17.2. Executing OPT_MERGE pass (detect identical cells).
Finding identical cells in module `\g05_mux_common_logic'.
Computing hashes of 2 cells of `\g05_mux_common_logic'.
Finding duplicate cells in `\g05_mux_common_logic'.
Removed a total of 0 cells.

2.17.3. Executing OPT_DFF pass (perform DFF optimizations).

2.17.4. Executing OPT_CLEAN pass (remove unused cells and wires).
Finding unused cells or wires in module \g05_mux_common_logic..

2.17.5. Finished fast OPT passes.

2.18. Executing MEMORY_MAP pass (converting memories to logic and flip-flops).

2.19. Executing OPT pass (performing simple optimizations).

2.19.1. Executing OPT_EXPR pass (perform const folding).
Optimizing module g05_mux_common_logic.

2.19.2. Executing OPT_MERGE pass (detect identical cells).
Finding identical cells in module `\g05_mux_common_logic'.
Computing hashes of 2 cells of `\g05_mux_common_logic'.
Finding duplicate cells in `\g05_mux_common_logic'.
Removed a total of 0 cells.

2.19.3. Executing OPT_MUXTREE pass (detect dead branches in mux trees).
Running muxtree optimizer on module \g05_mux_common_logic..
  Creating internal representation of mux trees.
  Evaluating internal representation of mux trees.
  Analyzing evaluation results.
Removed 0 multiplexer ports.
<suppressed ~2 debug messages>

2.19.4. Executing OPT_REDUCE pass (consolidate $*mux and $reduce_* inputs).
  Optimizing cells in module \g05_mux_common_logic.
Performed a total of 0 changes.

2.19.5. Executing OPT_MERGE pass (detect identical cells).
Finding identical cells in module `\g05_mux_common_logic'.
Computing hashes of 2 cells of `\g05_mux_common_logic'.
Finding duplicate cells in `\g05_mux_common_logic'.
Removed a total of 0 cells.

2.19.6. Executing OPT_SHARE pass.

2.19.7. Executing OPT_DFF pass (perform DFF optimizations).

2.19.8. Executing OPT_CLEAN pass (remove unused cells and wires).
Finding unused cells or wires in module \g05_mux_common_logic..

2.19.9. Executing OPT_EXPR pass (perform const folding).
Optimizing module g05_mux_common_logic.

2.19.10. Finished fast OPT passes. (There is nothing left to do.)

2.20. Executing TECHMAP pass (map to technology primitives).

2.20.1. Executing Verilog-2005 frontend: /opt/homebrew/bin/../share/yosys/techmap.v
Parsing Verilog input from `/opt/homebrew/bin/../share/yosys/techmap.v' to AST representation.
Generating RTLIL representation for module `\_90_simplemap_bool_ops'.
Generating RTLIL representation for module `\_90_simplemap_reduce_ops'.
Generating RTLIL representation for module `\_90_simplemap_logic_ops'.
Generating RTLIL representation for module `\_90_simplemap_compare_ops'.
Generating RTLIL representation for module `\_90_simplemap_various'.
Generating RTLIL representation for module `\_90_simplemap_registers'.
Generating RTLIL representation for module `\_90_shift_ops_shr_shl_sshl_sshr'.
Generating RTLIL representation for module `\_90_shift_shiftx'.
Generating RTLIL representation for module `\_90_fa'.
Generating RTLIL representation for module `\_90_lcu_brent_kung'.
Generating RTLIL representation for module `\_90_alu'.
Generating RTLIL representation for module `\_90_macc'.
Generating RTLIL representation for module `\_90_alumacc'.
Generating RTLIL representation for module `$__div_mod_u'.
Generating RTLIL representation for module `$__div_mod_trunc'.
Generating RTLIL representation for module `\_90_div'.
Generating RTLIL representation for module `\_90_mod'.
Generating RTLIL representation for module `$__div_mod_floor'.
Generating RTLIL representation for module `\_90_divfloor'.
Generating RTLIL representation for module `\_90_modfloor'.
Generating RTLIL representation for module `\_90_pow'.
Generating RTLIL representation for module `\_90_pmux'.
Generating RTLIL representation for module `\_90_demux'.
Generating RTLIL representation for module `\_90_lut'.
Generating RTLIL representation for module `$connect'.
Generating RTLIL representation for module `$input_port'.
Successfully finished Verilog frontend.

2.20.2. Continuing TECHMAP pass.
Using template $paramod$6df0329addda9228fcc2546de2aaf14ad26c98e1\_90_alu for cells of type $alu.
Using extmapper simplemap for cells of type $mux.
Using extmapper simplemap for cells of type $xor.
Using template $paramod\_90_fa\WIDTH=32'00000000000000000000000000010000 for cells of type $fa.
Using template $paramod\_90_lcu_brent_kung\WIDTH=32'00000000000000000000000000010000 for cells of type $lcu.
Using extmapper simplemap for cells of type $pos.
Using extmapper simplemap for cells of type $not.
Using extmapper simplemap for cells of type $or.
Using extmapper simplemap for cells of type $and.
No more expansions possible.
<suppressed ~309 debug messages>

2.21. Executing OPT pass (performing simple optimizations).

2.21.1. Executing OPT_EXPR pass (perform const folding).
Optimizing module g05_mux_common_logic.
<suppressed ~68 debug messages>

2.21.2. Executing OPT_MERGE pass (detect identical cells).
Finding identical cells in module `\g05_mux_common_logic'.
Computing hashes of 142 cells of `\g05_mux_common_logic'.
Finding duplicate cells in `\g05_mux_common_logic'.
Removed a total of 0 cells.

2.21.3. Executing OPT_DFF pass (perform DFF optimizations).

2.21.4. Executing OPT_CLEAN pass (remove unused cells and wires).
Finding unused cells or wires in module \g05_mux_common_logic..
Removed 28 unused cells and 49 unused wires.
<suppressed ~29 debug messages>

2.21.5. Finished fast OPT passes.

2.22. Executing HIERARCHY pass (managing design hierarchy).
Attribute `top' found on module `g05_mux_common_logic'. Setting top module to g05_mux_common_logic.

2.22.1. Analyzing design hierarchy..
Top module:  \g05_mux_common_logic

2.22.2. Analyzing design hierarchy..
Top module:  \g05_mux_common_logic
Removed 0 unused modules.

2.23. Printing statistics.

=== g05_mux_common_logic ===

        +----------Local Count, excluding submodules.
        | 
       47 wires
      167 wire bits
        5 public wires
       65 public wire bits
        5 ports
       65 port bits
      114 cells
       45   $_AND_
       16   $_MUX_
       22   $_OR_
       31   $_XOR_

2.24. Executing CHECK pass (checking for obvious problems).
Checking module g05_mux_common_logic...
Found and reported 0 problems.

3. Executing ABC pass (technology mapping using ABC).

3.1. Extracting gate netlist of module `\g05_mux_common_logic' to `<abc-temp-dir>/input.blif'..

3.1.1. Executed ABC.
Extracted 114 gates and 163 wires to a netlist network with 49 inputs and 16 outputs.
Running ABC script: <abc-temp-dir>/abc.script
ABC: ======== ABC command line "source <abc-temp-dir>/abc.script"
ABC: + read_blif <abc-temp-dir>/input.blif 
ABC: + read_library <abc-temp-dir>/stdcells.genlib 
ABC: + strash 
ABC: + &get -n 
ABC: + &fraig -x 
ABC: + &put 
ABC: + scorr 
ABC: Warning: The network is combinational (run "fraig" or "fraig_sweep").
ABC: + dc2 
ABC: + dretime 
ABC: + strash 
ABC: + &get -n 
ABC: + &dch -f 
ABC: + &nf 
ABC: + &put 
ABC: + write_blif <abc-temp-dir>/output.blif 

3.1.2. Re-integrating ABC results.
ABC RESULTS:               AND cells:       29
ABC RESULTS:               MUX cells:       16
ABC RESULTS:                OR cells:       17
ABC RESULTS:               XOR cells:       31
ABC RESULTS:        internal signals:       98
ABC RESULTS:           input signals:       49
ABC RESULTS:          output signals:       16
Removing temp directory.
Removing global temp directory.
Removed 0 unused cells and 107 unused wires.

4. Printing statistics.

=== g05_mux_common_logic ===

        +----------Local Count, excluding submodules.
        | 
       82 wires
      142 wire bits
        5 public wires
       65 public wire bits
        5 ports
       65 port bits
       93 cells
       29   $_AND_
       16   $_MUX_
       17   $_OR_
       31   $_XOR_

5. Executing LTP pass (find longest path).

Longest topological path in g05_mux_common_logic (length=31):
    0: \b [1]
    1: $abc$380$new_n103 (via $abc$380$auto$blifparse.cc:397:parse_blif$418)
    2: $abc$380$new_n105 (via $abc$380$auto$blifparse.cc:397:parse_blif$420)
    3: $abc$380$new_n106 (via $abc$380$auto$blifparse.cc:397:parse_blif$421)
    4: $abc$380$new_n107 (via $abc$380$auto$blifparse.cc:397:parse_blif$422)
    5: $abc$380$new_n109 (via $abc$380$auto$blifparse.cc:397:parse_blif$424)
    6: $abc$380$new_n110 (via $abc$380$auto$blifparse.cc:397:parse_blif$425)
    7: $abc$380$new_n111 (via $abc$380$auto$blifparse.cc:397:parse_blif$426)
    8: $abc$380$new_n112 (via $abc$380$auto$blifparse.cc:397:parse_blif$427)
    9: $abc$380$new_n113 (via $abc$380$auto$blifparse.cc:397:parse_blif$428)
   10: $abc$380$new_n114 (via $abc$380$auto$blifparse.cc:397:parse_blif$429)
   11: $abc$380$new_n115 (via $abc$380$auto$blifparse.cc:397:parse_blif$430)
   12: $abc$380$new_n116 (via $abc$380$auto$blifparse.cc:397:parse_blif$431)
   13: $abc$380$new_n117 (via $abc$380$auto$blifparse.cc:397:parse_blif$432)
   14: $abc$380$new_n118 (via $abc$380$auto$blifparse.cc:397:parse_blif$433)
   15: $abc$380$new_n119 (via $abc$380$auto$blifparse.cc:397:parse_blif$434)
   16: $abc$380$new_n120 (via $abc$380$auto$blifparse.cc:397:parse_blif$435)
   17: $abc$380$new_n121 (via $abc$380$auto$blifparse.cc:397:parse_blif$436)
   18: $abc$380$new_n122 (via $abc$380$auto$blifparse.cc:397:parse_blif$437)
   19: $abc$380$new_n124 (via $abc$380$auto$blifparse.cc:397:parse_blif$439)
   20: $abc$380$new_n125 (via $abc$380$auto$blifparse.cc:397:parse_blif$440)
   21: $abc$380$new_n126 (via $abc$380$auto$blifparse.cc:397:parse_blif$441)
   22: $abc$380$new_n127 (via $abc$380$auto$blifparse.cc:397:parse_blif$442)
   23: $abc$380$new_n128 (via $abc$380$auto$blifparse.cc:397:parse_blif$443)
   24: $abc$380$new_n129 (via $abc$380$auto$blifparse.cc:397:parse_blif$444)
   25: $abc$380$new_n131 (via $abc$380$auto$blifparse.cc:397:parse_blif$446)
   26: $abc$380$new_n132 (via $abc$380$auto$blifparse.cc:397:parse_blif$447)
   27: $abc$380$new_n134 (via $abc$380$auto$blifparse.cc:397:parse_blif$449)
   28: $abc$380$new_n135 (via $abc$380$auto$blifparse.cc:397:parse_blif$450)
   29: $abc$380$new_n137 (via $abc$380$auto$blifparse.cc:397:parse_blif$452)
   30: $abc$380$new_n138 (via $abc$380$auto$blifparse.cc:397:parse_blif$453)
   31: \y [15] (via $abc$380$auto$blifparse.cc:397:parse_blif$456)

End of script. Logfile hash: ee8d44a27e, CPU: user 0.06s system 0.01s, MEM: 16.95 MB peak
Yosys 0.63 (git sha1 70a11c6bf0e8dd669f56c7da3587f78b405138e2, clang++ 17.0.0 -fPIC -O3)
Time spent: 68% 1x abc (0 sec), 6% 3x read_verilog (0 sec), ...
