
 /----------------------------------------------------------------------------\
 |  yosys -- Yosys Open SYnthesis Suite                                       |
 |  Copyright (C) 2012 - 2026  Claire Xenia Wolf <claire@yosyshq.com>         |
 |  Distributed under an ISC-like license, type "license" to see terms        |
 \----------------------------------------------------------------------------/
 Yosys 0.63 (git sha1 70a11c6bf0e8dd669f56c7da3587f78b405138e2, clang++ 17.0.0 -fPIC -O3)

-- Executing script file `/Users/peter/Desktop/CAD Stuff/experiments/plugin-abc-v1/evaluations/arm-a/r1/g07-candidate-1.formal.ys' --

1. Executing Verilog-2005 frontend: /Users/peter/Desktop/CAD Stuff/experiments/plugin-abc-v1/cases/generated/g07_width_truncation.sv
Parsing SystemVerilog input from `/Users/peter/Desktop/CAD Stuff/experiments/plugin-abc-v1/cases/generated/g07_width_truncation.sv' to AST representation.
Generating RTLIL representation for module `\g07_width_truncation'.
Successfully finished Verilog frontend.

2. Executing PREP pass.

2.1. Executing HIERARCHY pass (managing design hierarchy).

2.1.1. Analyzing design hierarchy..
Top module:  \g07_width_truncation

2.1.2. Analyzing design hierarchy..
Top module:  \g07_width_truncation
Removed 0 unused modules.

2.2. Executing PROC pass (convert processes to netlists).

2.2.1. Executing PROC_CLEAN pass (remove empty switches from decision trees).
Cleaned up 0 empty switches.

2.2.2. Executing PROC_RMDEAD pass (remove dead branches from decision trees).
Removed a total of 0 dead cases.

2.2.3. Executing PROC_PRUNE pass (remove redundant assignments in processes).
Removed 0 redundant assignments.
Promoted 0 assignments to connections.

2.2.4. Executing PROC_INIT pass (extract init attributes).

2.2.5. Executing PROC_ARST pass (detect async resets in processes).

2.2.6. Executing PROC_ROM pass (convert switches to ROMs).
Converted 0 switches.

2.2.7. Executing PROC_MUX pass (convert decision trees to multiplexers).

2.2.8. Executing PROC_DLATCH pass (convert process syncs to latches).

2.2.9. Executing PROC_DFF pass (convert process syncs to FFs).

2.2.10. Executing PROC_MEMWR pass (convert process memory writes to cells).

2.2.11. Executing PROC_CLEAN pass (remove empty switches from decision trees).
Cleaned up 0 empty switches.

2.2.12. Executing OPT_EXPR pass (perform const folding).
Optimizing module g07_width_truncation.

2.3. Executing FUTURE pass.

2.4. Executing OPT_EXPR pass (perform const folding).
Optimizing module g07_width_truncation.

2.5. Executing OPT_CLEAN pass (remove unused cells and wires).
Finding unused cells or wires in module \g07_width_truncation..
Removed 0 unused cells and 2 unused wires.
<suppressed ~1 debug messages>

2.6. Executing CHECK pass (checking for obvious problems).
Checking module g07_width_truncation...
Found and reported 0 problems.

2.7. Executing OPT pass (performing simple optimizations).

2.7.1. Executing OPT_EXPR pass (perform const folding).
Optimizing module g07_width_truncation.

2.7.2. Executing OPT_MERGE pass (detect identical cells).
Finding identical cells in module `\g07_width_truncation'.
Computing hashes of 3 cells of `\g07_width_truncation'.
Finding duplicate cells in `\g07_width_truncation'.
Removed a total of 0 cells.

2.7.3. Executing OPT_MUXTREE pass (detect dead branches in mux trees).
Running muxtree optimizer on module \g07_width_truncation..
  Creating internal representation of mux trees.
  No muxes found in this module.
Removed 0 multiplexer ports.

2.7.4. Executing OPT_REDUCE pass (consolidate $*mux and $reduce_* inputs).
  Optimizing cells in module \g07_width_truncation.
Performed a total of 0 changes.

2.7.5. Executing OPT_MERGE pass (detect identical cells).
Finding identical cells in module `\g07_width_truncation'.
Computing hashes of 3 cells of `\g07_width_truncation'.
Finding duplicate cells in `\g07_width_truncation'.
Removed a total of 0 cells.

2.7.6. Executing OPT_CLEAN pass (remove unused cells and wires).
Finding unused cells or wires in module \g07_width_truncation..

2.7.7. Executing OPT_EXPR pass (perform const folding).
Optimizing module g07_width_truncation.

2.7.8. Finished fast OPT passes. (There is nothing left to do.)

2.8. Executing WREDUCE pass (reducing word size of cells).

2.9. Executing OPT_CLEAN pass (remove unused cells and wires).
Finding unused cells or wires in module \g07_width_truncation..

2.10. Executing MEMORY_COLLECT pass (generating $mem cells).

2.11. Executing OPT pass (performing simple optimizations).

2.11.1. Executing OPT_EXPR pass (perform const folding).
Optimizing module g07_width_truncation.

2.11.2. Executing OPT_MERGE pass (detect identical cells).
Finding identical cells in module `\g07_width_truncation'.
Computing hashes of 3 cells of `\g07_width_truncation'.
Finding duplicate cells in `\g07_width_truncation'.
Removed a total of 0 cells.

2.11.3. Executing OPT_CLEAN pass (remove unused cells and wires).
Finding unused cells or wires in module \g07_width_truncation..

2.11.4. Finished fast OPT passes.

2.12. Executing SORT pass.

2.13. Printing statistics.

=== g07_width_truncation ===

        +----------Local Count, excluding submodules.
        | 
        7 wires
       58 wire bits
        6 public wires
       49 public wire bits
        5 ports
       41 port bits
        3 cells
        3   $add

2.14. Executing CHECK pass (checking for obvious problems).
Checking module g07_width_truncation...
Found and reported 0 problems.

3. Executing FLATTEN pass (flatten design).

4. Executing Verilog-2005 frontend: /Users/peter/Desktop/CAD Stuff/experiments/plugin-abc-v1/runs/arm-a/r1/candidates/g07_c1.sv
Parsing SystemVerilog input from `/Users/peter/Desktop/CAD Stuff/experiments/plugin-abc-v1/runs/arm-a/r1/candidates/g07_c1.sv' to AST representation.
Generating RTLIL representation for module `\g07_width_truncation'.
Successfully finished Verilog frontend.

5. Executing PREP pass.

5.1. Executing HIERARCHY pass (managing design hierarchy).

5.1.1. Analyzing design hierarchy..
Top module:  \g07_width_truncation

5.1.2. Analyzing design hierarchy..
Top module:  \g07_width_truncation
Removed 0 unused modules.

5.2. Executing PROC pass (convert processes to netlists).

5.2.1. Executing PROC_CLEAN pass (remove empty switches from decision trees).
Cleaned up 0 empty switches.

5.2.2. Executing PROC_RMDEAD pass (remove dead branches from decision trees).
Removed a total of 0 dead cases.

5.2.3. Executing PROC_PRUNE pass (remove redundant assignments in processes).
Removed 0 redundant assignments.
Promoted 0 assignments to connections.

5.2.4. Executing PROC_INIT pass (extract init attributes).

5.2.5. Executing PROC_ARST pass (detect async resets in processes).

5.2.6. Executing PROC_ROM pass (convert switches to ROMs).
Converted 0 switches.

5.2.7. Executing PROC_MUX pass (convert decision trees to multiplexers).

5.2.8. Executing PROC_DLATCH pass (convert process syncs to latches).

5.2.9. Executing PROC_DFF pass (convert process syncs to FFs).

5.2.10. Executing PROC_MEMWR pass (convert process memory writes to cells).

5.2.11. Executing PROC_CLEAN pass (remove empty switches from decision trees).
Cleaned up 0 empty switches.

5.2.12. Executing OPT_EXPR pass (perform const folding).
Optimizing module g07_width_truncation.

5.3. Executing FUTURE pass.

5.4. Executing OPT_EXPR pass (perform const folding).
Optimizing module g07_width_truncation.

5.5. Executing OPT_CLEAN pass (remove unused cells and wires).
Finding unused cells or wires in module \g07_width_truncation..
Removed 0 unused cells and 2 unused wires.
<suppressed ~1 debug messages>

5.6. Executing CHECK pass (checking for obvious problems).
Checking module g07_width_truncation...
Found and reported 0 problems.

5.7. Executing OPT pass (performing simple optimizations).

5.7.1. Executing OPT_EXPR pass (perform const folding).
Optimizing module g07_width_truncation.

5.7.2. Executing OPT_MERGE pass (detect identical cells).
Finding identical cells in module `\g07_width_truncation'.
Computing hashes of 3 cells of `\g07_width_truncation'.
Finding duplicate cells in `\g07_width_truncation'.
Removed a total of 0 cells.

5.7.3. Executing OPT_MUXTREE pass (detect dead branches in mux trees).
Running muxtree optimizer on module \g07_width_truncation..
  Creating internal representation of mux trees.
  No muxes found in this module.
Removed 0 multiplexer ports.

5.7.4. Executing OPT_REDUCE pass (consolidate $*mux and $reduce_* inputs).
  Optimizing cells in module \g07_width_truncation.
Performed a total of 0 changes.

5.7.5. Executing OPT_MERGE pass (detect identical cells).
Finding identical cells in module `\g07_width_truncation'.
Computing hashes of 3 cells of `\g07_width_truncation'.
Finding duplicate cells in `\g07_width_truncation'.
Removed a total of 0 cells.

5.7.6. Executing OPT_CLEAN pass (remove unused cells and wires).
Finding unused cells or wires in module \g07_width_truncation..

5.7.7. Executing OPT_EXPR pass (perform const folding).
Optimizing module g07_width_truncation.

5.7.8. Finished fast OPT passes. (There is nothing left to do.)

5.8. Executing WREDUCE pass (reducing word size of cells).

5.9. Executing OPT_CLEAN pass (remove unused cells and wires).
Finding unused cells or wires in module \g07_width_truncation..

5.10. Executing MEMORY_COLLECT pass (generating $mem cells).

5.11. Executing OPT pass (performing simple optimizations).

5.11.1. Executing OPT_EXPR pass (perform const folding).
Optimizing module g07_width_truncation.

5.11.2. Executing OPT_MERGE pass (detect identical cells).
Finding identical cells in module `\g07_width_truncation'.
Computing hashes of 3 cells of `\g07_width_truncation'.
Finding duplicate cells in `\g07_width_truncation'.
Removed a total of 0 cells.

5.11.3. Executing OPT_CLEAN pass (remove unused cells and wires).
Finding unused cells or wires in module \g07_width_truncation..

5.11.4. Finished fast OPT passes.

5.12. Executing SORT pass.

5.13. Printing statistics.

=== g07_width_truncation ===

        +----------Local Count, excluding submodules.
        | 
        7 wires
       58 wire bits
        6 public wires
       49 public wire bits
        5 ports
       41 port bits
        3 cells
        3   $add

5.14. Executing CHECK pass (checking for obvious problems).
Checking module g07_width_truncation...
Found and reported 0 problems.

6. Executing FLATTEN pass (flatten design).

7. Executing EQUIV_MAKE pass (creating equiv checking module).
Presumably equivalent wires: a_gold (\a_gold), a_gate (\a_gate) -> a
Presumably equivalent wires: b_gold (\b_gold), b_gate (\b_gate) -> b
Presumably equivalent wires: c_gold (\c_gold), c_gate (\c_gate) -> c
Presumably equivalent wires: d_gold (\d_gold), d_gate (\d_gate) -> d
Presumably equivalent wires: partial_gold (\partial_gold), partial_gate (\partial_gate) -> partial
Presumably equivalent wires: y_gold (\y_gold), y_gate (\y_gate) -> y
Changing input A of cell $add$/Users/peter/Desktop/CAD$20Stuff/experiments/plugin-abc-v1/runs/arm-a/r1/candidates/g07_c1.sv:7$6_gate ($add): \partial_gate -> \partial
Changing input A of cell $add$/Users/peter/Desktop/CAD$20Stuff/experiments/plugin-abc-v1/cases/generated/g07_width_truncation.sv:7$2_gold ($add): \partial_gold -> \partial

8. Executing PREP pass.

8.1. Executing HIERARCHY pass (managing design hierarchy).

8.1.1. Analyzing design hierarchy..
Top module:  \equiv

8.1.2. Analyzing design hierarchy..
Top module:  \equiv
Removing unused module `\gate'.
Removing unused module `\gold'.
Removed 2 unused modules.

8.2. Executing PROC pass (convert processes to netlists).

8.2.1. Executing PROC_CLEAN pass (remove empty switches from decision trees).
Cleaned up 0 empty switches.

8.2.2. Executing PROC_RMDEAD pass (remove dead branches from decision trees).
Removed a total of 0 dead cases.

8.2.3. Executing PROC_PRUNE pass (remove redundant assignments in processes).
Removed 0 redundant assignments.
Promoted 0 assignments to connections.

8.2.4. Executing PROC_INIT pass (extract init attributes).

8.2.5. Executing PROC_ARST pass (detect async resets in processes).

8.2.6. Executing PROC_ROM pass (convert switches to ROMs).
Converted 0 switches.

8.2.7. Executing PROC_MUX pass (convert decision trees to multiplexers).

8.2.8. Executing PROC_DLATCH pass (convert process syncs to latches).

8.2.9. Executing PROC_DFF pass (convert process syncs to FFs).

8.2.10. Executing PROC_MEMWR pass (convert process memory writes to cells).

8.2.11. Executing PROC_CLEAN pass (remove empty switches from decision trees).
Cleaned up 0 empty switches.

8.2.12. Executing OPT_EXPR pass (perform const folding).
Optimizing module equiv.

8.3. Executing FUTURE pass.

8.4. Executing OPT_EXPR pass (perform const folding).
Optimizing module equiv.

8.5. Executing OPT_CLEAN pass (remove unused cells and wires).
Finding unused cells or wires in module \equiv..

8.6. Executing CHECK pass (checking for obvious problems).
Checking module equiv...
Found and reported 0 problems.

8.7. Executing OPT pass (performing simple optimizations).

8.7.1. Executing OPT_EXPR pass (perform const folding).
Optimizing module equiv.

8.7.2. Executing OPT_MERGE pass (detect identical cells).
Finding identical cells in module `\equiv'.
Computing hashes of 23 cells of `\equiv'.
Finding duplicate cells in `\equiv'.
Computing hashes of 22 cells of `\equiv'.
Finding duplicate cells in `\equiv'.
<suppressed ~3 debug messages>
Removed a total of 1 cells.

8.7.3. Executing OPT_MUXTREE pass (detect dead branches in mux trees).
Running muxtree optimizer on module \equiv..
  Creating internal representation of mux trees.
  No muxes found in this module.
Removed 0 multiplexer ports.

8.7.4. Executing OPT_REDUCE pass (consolidate $*mux and $reduce_* inputs).
  Optimizing cells in module \equiv.
Performed a total of 0 changes.

8.7.5. Executing OPT_MERGE pass (detect identical cells).
Finding identical cells in module `\equiv'.
Computing hashes of 22 cells of `\equiv'.
Finding duplicate cells in `\equiv'.
Removed a total of 0 cells.

8.7.6. Executing OPT_CLEAN pass (remove unused cells and wires).
Finding unused cells or wires in module \equiv..

8.7.7. Executing OPT_EXPR pass (perform const folding).
Optimizing module equiv.

8.7.8. Finished fast OPT passes. (There is nothing left to do.)

8.8. Executing WREDUCE pass (reducing word size of cells).

8.9. Executing OPT_CLEAN pass (remove unused cells and wires).
Finding unused cells or wires in module \equiv..

8.10. Executing MEMORY_COLLECT pass (generating $mem cells).

8.11. Executing OPT pass (performing simple optimizations).

8.11.1. Executing OPT_EXPR pass (perform const folding).
Optimizing module equiv.

8.11.2. Executing OPT_MERGE pass (detect identical cells).
Finding identical cells in module `\equiv'.
Computing hashes of 22 cells of `\equiv'.
Finding duplicate cells in `\equiv'.
Removed a total of 0 cells.

8.11.3. Executing OPT_CLEAN pass (remove unused cells and wires).
Finding unused cells or wires in module \equiv..

8.11.4. Finished fast OPT passes.

8.12. Executing SORT pass.

8.13. Printing statistics.

=== equiv ===

        +----------Local Count, excluding submodules.
        | 
       20 wires
      165 wire bits
       18 public wires
      147 public wire bits
        5 ports
       41 port bits
       22 cells
        5   $add
       17   $equiv

8.14. Executing CHECK pass (checking for obvious problems).
Checking module equiv...
Found and reported 0 problems.

9. Executing EQUIV_SIMPLE pass.
Found 9 unproven $equiv cells (1 groups) in equiv:
 Grouping SAT models for \y:
  Trying to prove $equiv for \y [0]:ezsat
 success!
  Trying to prove $equiv for \y [1]:ezsat
 success!
  Trying to prove $equiv for \y [2]:ezsat
 success!
  Trying to prove $equiv for \y [3]:ezsat
 success!
  Trying to prove $equiv for \y [4]:ezsat
 success!
  Trying to prove $equiv for \y [5]:ezsat
 success!
  Trying to prove $equiv for \y [6]:ezsat
 success!
  Trying to prove $equiv for \y [7]:ezsat
 success!
  Trying to prove $equiv for \y [8]:ezsat
 success!
Proved 9 previously unproven $equiv cells.

10. Executing EQUIV_STATUS pass.
Found 17 $equiv cells in equiv:
  Of those cells 17 are proven and 0 are unproven.
  Equivalence successfully proven!

End of script. Logfile hash: 3f38818bd4, CPU: user 0.03s system 0.00s, MEM: 13.08 MB peak
Yosys 0.63 (git sha1 70a11c6bf0e8dd669f56c7da3587f78b405138e2, clang++ 17.0.0 -fPIC -O3)
Time spent: 28% 15x opt_expr (0 sec), 22% 12x opt_clean (0 sec), ...
