
 /----------------------------------------------------------------------------\
 |  yosys -- Yosys Open SYnthesis Suite                                       |
 |  Copyright (C) 2012 - 2026  Claire Xenia Wolf <claire@yosyshq.com>         |
 |  Distributed under an ISC-like license, type "license" to see terms        |
 \----------------------------------------------------------------------------/
 Yosys 0.63 (git sha1 70a11c6bf0e8dd669f56c7da3587f78b405138e2, clang++ 17.0.0 -fPIC -O3)

-- Running command `read_verilog -sv experiments/plugin-abc-v1/cases/generated/g04_mixed_procedural_add.sv; prep -top g04_mixed_procedural_add; rename g04_mixed_procedural_add gold; design -stash gold; read_verilog -sv experiments/plugin-abc-v1/instrumented/phase7/arm-a/r2/attempt-001/g04/candidate-balanced.sv; prep -top g04_mixed_procedural_add; rename g04_mixed_procedural_add gate; design -stash gate; design -reset; design -copy-from gold -as gold gold; design -copy-from gate -as gate gate; equiv_make gold gate equiv; hierarchy -top equiv; equiv_simple; equiv_status -assert' --

1. Executing Verilog-2005 frontend: experiments/plugin-abc-v1/cases/generated/g04_mixed_procedural_add.sv
Parsing SystemVerilog input from `experiments/plugin-abc-v1/cases/generated/g04_mixed_procedural_add.sv' to AST representation.
Generating RTLIL representation for module `\g04_mixed_procedural_add'.
Successfully finished Verilog frontend.

2. Executing PREP pass.

2.1. Executing HIERARCHY pass (managing design hierarchy).

2.1.1. Analyzing design hierarchy..
Top module:  \g04_mixed_procedural_add

2.1.2. Analyzing design hierarchy..
Top module:  \g04_mixed_procedural_add
Removed 0 unused modules.

2.2. Executing PROC pass (convert processes to netlists).

2.2.1. Executing PROC_CLEAN pass (remove empty switches from decision trees).
Cleaned up 0 empty switches.

2.2.2. Executing PROC_RMDEAD pass (remove dead branches from decision trees).
Marked 1 switch rules as full_case in process $proc$experiments/plugin-abc-v1/cases/generated/g04_mixed_procedural_add.sv:6$1 in module g04_mixed_procedural_add.
Removed a total of 0 dead cases.

2.2.3. Executing PROC_PRUNE pass (remove redundant assignments in processes).
Removed 0 redundant assignments.
Promoted 1 assignment to connection.

2.2.4. Executing PROC_INIT pass (extract init attributes).

2.2.5. Executing PROC_ARST pass (detect async resets in processes).

2.2.6. Executing PROC_ROM pass (convert switches to ROMs).
Converted 0 switches.
<suppressed ~1 debug messages>

2.2.7. Executing PROC_MUX pass (convert decision trees to multiplexers).
Creating decoders for process `\g04_mixed_procedural_add.$proc$experiments/plugin-abc-v1/cases/generated/g04_mixed_procedural_add.sv:6$1'.
     1/1: $1\y[15:0]

2.2.8. Executing PROC_DLATCH pass (convert process syncs to latches).
No latch inferred for signal `\g04_mixed_procedural_add.\y' from process `\g04_mixed_procedural_add.$proc$experiments/plugin-abc-v1/cases/generated/g04_mixed_procedural_add.sv:6$1'.

2.2.9. Executing PROC_DFF pass (convert process syncs to FFs).

2.2.10. Executing PROC_MEMWR pass (convert process memory writes to cells).

2.2.11. Executing PROC_CLEAN pass (remove empty switches from decision trees).
Found and cleaned up 1 empty switch in `\g04_mixed_procedural_add.$proc$experiments/plugin-abc-v1/cases/generated/g04_mixed_procedural_add.sv:6$1'.
Removing empty process `g04_mixed_procedural_add.$proc$experiments/plugin-abc-v1/cases/generated/g04_mixed_procedural_add.sv:6$1'.
Cleaned up 1 empty switch.

2.2.12. Executing OPT_EXPR pass (perform const folding).
Optimizing module g04_mixed_procedural_add.

2.3. Executing FUTURE pass.

2.4. Executing OPT_EXPR pass (perform const folding).
Optimizing module g04_mixed_procedural_add.

2.5. Executing OPT_CLEAN pass (remove unused cells and wires).
Finding unused cells or wires in module \g04_mixed_procedural_add..
Removed 0 unused cells and 4 unused wires.
<suppressed ~1 debug messages>

2.6. Executing CHECK pass (checking for obvious problems).
Checking module g04_mixed_procedural_add...
Found and reported 0 problems.

2.7. Executing OPT pass (performing simple optimizations).

2.7.1. Executing OPT_EXPR pass (perform const folding).
Optimizing module g04_mixed_procedural_add.

2.7.2. Executing OPT_MERGE pass (detect identical cells).
Finding identical cells in module `\g04_mixed_procedural_add'.
Computing hashes of 4 cells of `\g04_mixed_procedural_add'.
Finding duplicate cells in `\g04_mixed_procedural_add'.
Removed a total of 0 cells.

2.7.3. Executing OPT_MUXTREE pass (detect dead branches in mux trees).
Running muxtree optimizer on module \g04_mixed_procedural_add..
  Creating internal representation of mux trees.
  Evaluating internal representation of mux trees.
  Analyzing evaluation results.
Removed 0 multiplexer ports.
<suppressed ~2 debug messages>

2.7.4. Executing OPT_REDUCE pass (consolidate $*mux and $reduce_* inputs).
  Optimizing cells in module \g04_mixed_procedural_add.
Performed a total of 0 changes.

2.7.5. Executing OPT_MERGE pass (detect identical cells).
Finding identical cells in module `\g04_mixed_procedural_add'.
Computing hashes of 4 cells of `\g04_mixed_procedural_add'.
Finding duplicate cells in `\g04_mixed_procedural_add'.
Removed a total of 0 cells.

2.7.6. Executing OPT_CLEAN pass (remove unused cells and wires).
Finding unused cells or wires in module \g04_mixed_procedural_add..

2.7.7. Executing OPT_EXPR pass (perform const folding).
Optimizing module g04_mixed_procedural_add.

2.7.8. Finished fast OPT passes. (There is nothing left to do.)

2.8. Executing WREDUCE pass (reducing word size of cells).

2.9. Executing OPT_CLEAN pass (remove unused cells and wires).
Finding unused cells or wires in module \g04_mixed_procedural_add..

2.10. Executing MEMORY_COLLECT pass (generating $mem cells).

2.11. Executing OPT pass (performing simple optimizations).

2.11.1. Executing OPT_EXPR pass (perform const folding).
Optimizing module g04_mixed_procedural_add.

2.11.2. Executing OPT_MERGE pass (detect identical cells).
Finding identical cells in module `\g04_mixed_procedural_add'.
Computing hashes of 4 cells of `\g04_mixed_procedural_add'.
Finding duplicate cells in `\g04_mixed_procedural_add'.
Removed a total of 0 cells.

2.11.3. Executing OPT_CLEAN pass (remove unused cells and wires).
Finding unused cells or wires in module \g04_mixed_procedural_add..

2.11.4. Finished fast OPT passes.

2.12. Executing SORT pass.

2.13. Printing statistics.

=== g04_mixed_procedural_add ===

        +----------Local Count, excluding submodules.
        | 
        9 wires
      129 wire bits
        6 public wires
       81 public wire bits
        6 ports
       81 port bits
        4 cells
        3   $add
        1   $mux

2.14. Executing CHECK pass (checking for obvious problems).
Checking module g04_mixed_procedural_add...
Found and reported 0 problems.
Renaming module \g04_mixed_procedural_add to \gold.

3. Executing Verilog-2005 frontend: experiments/plugin-abc-v1/instrumented/phase7/arm-a/r2/attempt-001/g04/candidate-balanced.sv
Parsing SystemVerilog input from `experiments/plugin-abc-v1/instrumented/phase7/arm-a/r2/attempt-001/g04/candidate-balanced.sv' to AST representation.
Generating RTLIL representation for module `\g04_mixed_procedural_add'.
Successfully finished Verilog frontend.

4. Executing PREP pass.

4.1. Executing HIERARCHY pass (managing design hierarchy).

4.1.1. Analyzing design hierarchy..
Top module:  \g04_mixed_procedural_add

4.1.2. Analyzing design hierarchy..
Top module:  \g04_mixed_procedural_add
Removed 0 unused modules.

4.2. Executing PROC pass (convert processes to netlists).

4.2.1. Executing PROC_CLEAN pass (remove empty switches from decision trees).
Cleaned up 0 empty switches.

4.2.2. Executing PROC_RMDEAD pass (remove dead branches from decision trees).
Marked 1 switch rules as full_case in process $proc$experiments/plugin-abc-v1/instrumented/phase7/arm-a/r2/attempt-001/g04/candidate-balanced.sv:6$8 in module g04_mixed_procedural_add.
Removed a total of 0 dead cases.

4.2.3. Executing PROC_PRUNE pass (remove redundant assignments in processes).
Removed 0 redundant assignments.
Promoted 1 assignment to connection.

4.2.4. Executing PROC_INIT pass (extract init attributes).

4.2.5. Executing PROC_ARST pass (detect async resets in processes).

4.2.6. Executing PROC_ROM pass (convert switches to ROMs).
Converted 0 switches.
<suppressed ~1 debug messages>

4.2.7. Executing PROC_MUX pass (convert decision trees to multiplexers).
Creating decoders for process `\g04_mixed_procedural_add.$proc$experiments/plugin-abc-v1/instrumented/phase7/arm-a/r2/attempt-001/g04/candidate-balanced.sv:6$8'.
     1/1: $1\y[15:0]

4.2.8. Executing PROC_DLATCH pass (convert process syncs to latches).
No latch inferred for signal `\g04_mixed_procedural_add.\y' from process `\g04_mixed_procedural_add.$proc$experiments/plugin-abc-v1/instrumented/phase7/arm-a/r2/attempt-001/g04/candidate-balanced.sv:6$8'.

4.2.9. Executing PROC_DFF pass (convert process syncs to FFs).

4.2.10. Executing PROC_MEMWR pass (convert process memory writes to cells).

4.2.11. Executing PROC_CLEAN pass (remove empty switches from decision trees).
Found and cleaned up 1 empty switch in `\g04_mixed_procedural_add.$proc$experiments/plugin-abc-v1/instrumented/phase7/arm-a/r2/attempt-001/g04/candidate-balanced.sv:6$8'.
Removing empty process `g04_mixed_procedural_add.$proc$experiments/plugin-abc-v1/instrumented/phase7/arm-a/r2/attempt-001/g04/candidate-balanced.sv:6$8'.
Cleaned up 1 empty switch.

4.2.12. Executing OPT_EXPR pass (perform const folding).
Optimizing module g04_mixed_procedural_add.

4.3. Executing FUTURE pass.

4.4. Executing OPT_EXPR pass (perform const folding).
Optimizing module g04_mixed_procedural_add.

4.5. Executing OPT_CLEAN pass (remove unused cells and wires).
Finding unused cells or wires in module \g04_mixed_procedural_add..
Removed 0 unused cells and 4 unused wires.
<suppressed ~1 debug messages>

4.6. Executing CHECK pass (checking for obvious problems).
Checking module g04_mixed_procedural_add...
Found and reported 0 problems.

4.7. Executing OPT pass (performing simple optimizations).

4.7.1. Executing OPT_EXPR pass (perform const folding).
Optimizing module g04_mixed_procedural_add.

4.7.2. Executing OPT_MERGE pass (detect identical cells).
Finding identical cells in module `\g04_mixed_procedural_add'.
Computing hashes of 4 cells of `\g04_mixed_procedural_add'.
Finding duplicate cells in `\g04_mixed_procedural_add'.
Removed a total of 0 cells.

4.7.3. Executing OPT_MUXTREE pass (detect dead branches in mux trees).
Running muxtree optimizer on module \g04_mixed_procedural_add..
  Creating internal representation of mux trees.
  Evaluating internal representation of mux trees.
  Analyzing evaluation results.
Removed 0 multiplexer ports.
<suppressed ~2 debug messages>

4.7.4. Executing OPT_REDUCE pass (consolidate $*mux and $reduce_* inputs).
  Optimizing cells in module \g04_mixed_procedural_add.
Performed a total of 0 changes.

4.7.5. Executing OPT_MERGE pass (detect identical cells).
Finding identical cells in module `\g04_mixed_procedural_add'.
Computing hashes of 4 cells of `\g04_mixed_procedural_add'.
Finding duplicate cells in `\g04_mixed_procedural_add'.
Removed a total of 0 cells.

4.7.6. Executing OPT_CLEAN pass (remove unused cells and wires).
Finding unused cells or wires in module \g04_mixed_procedural_add..

4.7.7. Executing OPT_EXPR pass (perform const folding).
Optimizing module g04_mixed_procedural_add.

4.7.8. Finished fast OPT passes. (There is nothing left to do.)

4.8. Executing WREDUCE pass (reducing word size of cells).

4.9. Executing OPT_CLEAN pass (remove unused cells and wires).
Finding unused cells or wires in module \g04_mixed_procedural_add..

4.10. Executing MEMORY_COLLECT pass (generating $mem cells).

4.11. Executing OPT pass (performing simple optimizations).

4.11.1. Executing OPT_EXPR pass (perform const folding).
Optimizing module g04_mixed_procedural_add.

4.11.2. Executing OPT_MERGE pass (detect identical cells).
Finding identical cells in module `\g04_mixed_procedural_add'.
Computing hashes of 4 cells of `\g04_mixed_procedural_add'.
Finding duplicate cells in `\g04_mixed_procedural_add'.
Removed a total of 0 cells.

4.11.3. Executing OPT_CLEAN pass (remove unused cells and wires).
Finding unused cells or wires in module \g04_mixed_procedural_add..

4.11.4. Finished fast OPT passes.

4.12. Executing SORT pass.

4.13. Printing statistics.

=== g04_mixed_procedural_add ===

        +----------Local Count, excluding submodules.
        | 
        9 wires
      129 wire bits
        6 public wires
       81 public wire bits
        6 ports
       81 port bits
        4 cells
        3   $add
        1   $mux

4.14. Executing CHECK pass (checking for obvious problems).
Checking module g04_mixed_procedural_add...
Found and reported 0 problems.
Renaming module \g04_mixed_procedural_add to \gate.

5. Executing EQUIV_MAKE pass (creating equiv checking module).
Presumably equivalent wires: a_gold (\a_gold), a_gate (\a_gate) -> a
Presumably equivalent wires: b_gold (\b_gold), b_gate (\b_gate) -> b
Presumably equivalent wires: bypass_gold (\bypass_gold), bypass_gate (\bypass_gate) -> bypass
Presumably equivalent wires: c_gold (\c_gold), c_gate (\c_gate) -> c
Presumably equivalent wires: d_gold (\d_gold), d_gate (\d_gate) -> d
Presumably equivalent wires: y_gold (\y_gold), y_gate (\y_gate) -> y

6. Executing HIERARCHY pass (managing design hierarchy).

6.1. Analyzing design hierarchy..
Top module:  \equiv

6.2. Analyzing design hierarchy..
Top module:  \equiv
Removing unused module `\gate'.
Removing unused module `\gold'.
Removed 2 unused modules.

7. Executing EQUIV_SIMPLE pass.
Found 16 unproven $equiv cells (1 groups) in equiv:
 Grouping SAT models for \y:
  Trying to prove $equiv for \y [0]:ezsat
 success!
  Trying to prove $equiv for \y [1]:ezsat
 success!
  Trying to prove $equiv for \y [2]:ezsat
 success!
  Trying to prove $equiv for \y [3]:ezsat
 success!
  Trying to prove $equiv for \y [4]:ezsat
 success!
  Trying to prove $equiv for \y [5]:ezsat
 success!
  Trying to prove $equiv for \y [6]:ezsat
 success!
  Trying to prove $equiv for \y [7]:ezsat
 success!
  Trying to prove $equiv for \y [8]:ezsat
 success!
  Trying to prove $equiv for \y [9]:ezsat
 success!
  Trying to prove $equiv for \y [10]:ezsat
 success!
  Trying to prove $equiv for \y [11]:ezsat
 success!
  Trying to prove $equiv for \y [12]:ezsat
 success!
  Trying to prove $equiv for \y [13]:ezsat
 success!
  Trying to prove $equiv for \y [14]:ezsat
 success!
  Trying to prove $equiv for \y [15]:ezsat
 success!
Proved 16 previously unproven $equiv cells.

8. Executing EQUIV_STATUS pass.
Found 16 $equiv cells in equiv:
  Of those cells 16 are proven and 0 are unproven.
  Equivalence successfully proven!

End of script. Logfile hash: 40c1e9d1fc, CPU: user 0.05s system 0.01s, MEM: 15.64 MB peak
Yosys 0.63 (git sha1 70a11c6bf0e8dd669f56c7da3587f78b405138e2, clang++ 17.0.0 -fPIC -O3)
Time spent: 51% 1x equiv_simple (0 sec), 13% 10x opt_expr (0 sec), ...
